
18:45:55.926 [notice]     :alarm_handler: {:set, {{:disk_almost_full, ~c"/System/Volumes/Data"}, []}}

18:45:55.937 [notice]     :alarm_handler: {:set,
 {{:disk_almost_full,
   ~c"/Library/Developer/CoreSimulator/Cryptex/Images/bundle/SimRuntimeBundle-D726FE0C-2CD4-406E-97CD-6972CDB24A30"},
  []}}

18:45:55.937 [notice]     :alarm_handler: {:set,
 {{:disk_almost_full, ~c"/Library/Developer/CoreSimulator/Volumes/iOS_22C150"},
  []}}

18:45:55.938 [notice]     :alarm_handler: {:set,
 {{:disk_almost_full, ~c"/Library/Developer/CoreSimulator/Volumes/iOS_23D8133"},
  []}}
ADMITTED AFDE-26922-1 sha256:96874b2a3c8b4f9db481ae2d41d5e2318bf3874491892d36b632e5ad176f67d4
ADMITTED AFDE-26922-10 sha256:74e8fe6d9334e3d18542f540c4d43c651a83109435f618255e53fa306ebac23d
ADMITTED AFDE-26922-11 sha256:a6275537d401fd6d2ca6a9ed1d2abaedf5cc085712abd6eca756c02a4cd4b968
ADMITTED AFDE-26922-2 sha256:095e2bd04b31b770c868808ad4f456a40b9b236cf6c8501f0c108143c0a30652
ADMITTED AFDE-26922-3 sha256:5677334be749c5f5dfabb666e99ed3aeda730129355038717cd61d3e0546b5ee
ADMITTED AFDE-26922-4 sha256:d344838db3b0f6fc32ee908b0997bdc97b45c8af51fa52b5e9f2444837aa017d
ADMITTED AFDE-26922-5 sha256:b11fedde82ec3a4a2618f3957165956ab2cc06af7904bc345f0d88136bc56639
ADMITTED AFDE-26922-6 sha256:551ba929cbb56209953aec2949b77eb378c9b9376bd65e3ab7ffaddbf23f99f6
ADMITTED AFDE-26922-7 sha256:95be3543567309664f5893da51494ff5e6c11c8ae8dc4b23a1603e17f38e225f
ADMITTED AFDE-26922-8 sha256:ccbdafe1d02db46a6b5f0bfc54432237e5c3fe4b6fe59b3cde246f0304cacb53
ADMITTED AFDE-26922-9 sha256:09bd1272415e67002e4aa3dd4ee4f416e1e4bc28992d16e94df7a441040b2d3d
ADMITTED ASF-26922-1 sha256:4a6141cac5ac4b1ebf1d1b7c16cddf8e4dc70848a44b869d3d0a9006c8acd56f
ADMITTED ASF-26922-10 sha256:53481f14aa3eb6a8453970979a2b525574fc56f85e9d0ab0813ca3337cdc4e99
ADMITTED ASF-26922-11 sha256:5512ad8e04135c4610058aa3800e73e23cc880975598c5e93adfff1e06c87a9f
ADMITTED ASF-26922-2 sha256:d177e8882201de3811f3484a7f5d9da221a97348d31fee854f752a227261e3ab
ADMITTED ASF-26922-3 sha256:f51e64c0d4bd65dd7df42387ae12f5f54cd95c32b0b4b56bd8bbebe048eaa24c
ADMITTED ASF-26922-4 sha256:979259ef5ae397cb6c971f5e16e3b4ab20c1c564179b8be0032782f257745cfb
ADMITTED ASF-26922-5 sha256:5cc723e2c2bbca5e9d994b3a5a55fa26bf32487726215b9b84c34b6f99b699f0
ADMITTED ASF-26922-6 sha256:b5ecb05999d1d8a6473119fb31b299c34c0b9b9afd49ce8ab5076ebf155fd841
ADMITTED ASF-26922-7 sha256:9e2ff5def45f12c6fccf93f8a36f7587da43ff1101ff7f2c13a80561e04f496e
ADMITTED ASF-26922-8 sha256:3341786315e69f0e0691c896f6bba4481f900fe157c7a0fdf280a2237b8bb7ae
ADMITTED ASF-26922-9 sha256:71a8095fa9b6180ce93c4da05b39d42529ad2fba13f840b543e7b62cda444dc0
ADMITTED ASHATL-26922-1 sha256:e39d4e59e8fdb7102e361ffdc60f3b97640605abd1de9ab22794f598cff98cd3
ADMITTED ASHATL-26922-2 sha256:c497003fe9bdb3ec677d288c59e65e6b020dd6f2568fafa45b5a047683ac50b6
ADMITTED ASHATL-26922-3 sha256:fc0f03dfa64b4cc414907540ff2359e73929776b6712d7de69668b823e0a18ce
ADMITTED ASHATL-26922-4 sha256:00ca0886257548f481a6a4e5aaf08eb1e31a12ea1bcf56e020aa905a73ed747b
ADMITTED BEAM4PM-26922-1 sha256:4c511c8fb236315537a133934fb91e1c358f2556b5ec8c7f81fa9d016a2ccd81
ADMITTED BEAM4PM-26922-2 sha256:8a7cce4963b1ed16a364766e545720fbde7a6548ebdb511e381d523e3275d57c
ADMITTED BEAM4PM-26922-3 sha256:9bc5aab0f1593d4e7e293c7d2406b1c54146eb6afeb6596b8ccfac8730867c7a
ADMITTED BEAM4PM-26922-4 sha256:271d1cb90131b7ce7e7f2781786af79f60f339700c8d5fadd993926f8b2f038d
ADMITTED BEAM4PM-26922-5 sha256:3d332f6ed1165bd38416dec1f644521361b9ec7fc64e0d7a2c249b587774125d
ADMITTED BEAM4PM-26922-6 sha256:811a04f29378716ba2808c61b1a0bb40c46864f3334a0bb99737a32e82c14aaf
ADMITTED BEAM4PM-26922-7 sha256:decb3c2f4e90c55a2f7a1401326098f05dcf015e276baf73a8ab7c470185db75
ADMITTED BEAM4PM-26922-8 sha256:90071dff1af319a9c19158dc4d46adbd4aa810fe4ce2ac7a801359a3f061a566
ADMITTED BEAM4PM-26922-9 sha256:7325532c8825a902e5d7763a8805645f1838be6eb067aa0f664b8bab1ebd1a7b
ADMITTED FERROPLAN-26922-1 sha256:3a5ee4a8b31384eec9c6375697a1cfb52a244e028c828688bf0eae1254f00b65
ADMITTED FERROPLAN-26922-2 sha256:38a7a8618412ed1a8c85740f0b3590e927bb2991b2f49f5c060d347f2dd2187e
ADMITTED FERROPLAN-26922-3 sha256:f46c3deccc1b6beccc1c255b7b92871c38a7abf360949c0d704eede19b8a8460
ADMITTED FERROPLAN-26922-4 sha256:b5c483c3dfc3ea5875e651a6559d51380271483c07364be42f56628e8a24fc61
ADMITTED FERROPLAN-26922-5 sha256:30e1bd99520cb42236165e4e5781901330f3c20deccf3c75fe47b79329611f40
ADMITTED FERROPLAN-26922-6 sha256:75aee0d1ed2771ed0c285b928aed46d940aafbb6b73ae8befbbdd9bb935d7655
ADMITTED FERROPLAN-26922-7 sha256:272e08be7492a2b4373c11ae73e85bc9b1d833f34fffe23f4e0566891b0ec86a
ADMITTED FERROPLAN-26922-8 sha256:55ac085bc7a42d06d7a5e425191fd10e87ad33e2b106d0341c1edbf751a7412a
ADMITTED GGEN-26922-1 sha256:df0a76cb962db8941cceb4ac9532d899b775a1dbc19320be38bc771e0d453f91
ADMITTED GGEN-26922-2 sha256:f162111a09becac0d53c3abb047941ba29a68ec0057bdf7ff7a4530e1d9d64f4
ADMITTED GGEN-26922-3 sha256:c8a1ec7fc4245527d7677f382f267a82d5debc55f079daf61d46979769ae844f
ADMITTED GGEN-26922-4 sha256:36d4660f653808dde178f6520e2cfd57ee484f63fe50962594ba8c12e1ee2c32
ADMITTED GGEN-26922-5 sha256:d2b634f9f55282f2ab80bca7f38b801fbf5aa7193e1c448e1bc80925eea69069
ADMITTED GGEN-26922-6 sha256:2155cb38454f7fe389c4bc48bcb830e1a59ac2d94c7240e08a696399436e257d
ADMITTED GGEN-26922-7 sha256:8a9f30ecc5ce4e2c49b7f13c71ba93e111217c79c4f945683d47bf4011cad96f
ADMITTED GGMKT-26922-1 sha256:46b26ecdf738c6856a5cc955e9557ed7b5ab294784804f30a682a136ee538e2b
ADMITTED GGMKT-26922-10 sha256:718517379b2fa1a730a92d2286b7f8642cc62abbe8b859bd49caaa54e1ab9ac0
ADMITTED GGMKT-26922-2 sha256:d41a0608349690f5d424867b14a4ea714a94f296803804d0fd99de974d6793a3
ADMITTED GGMKT-26922-3 sha256:2748fbd1206a624b5035e2589390adca37e27b75439653c7d17b775693f460e2
ADMITTED GGMKT-26922-4 sha256:71c515cb0fffdc9e54afa8a853cb668bb9d796d4ed9f845ce6d5b262b199e4d5
ADMITTED GGMKT-26922-5 sha256:987c786ae69fedb09de5c118b1f372e44e3ffdb71bd0a019c9b15c1bdf83b754
ADMITTED GGMKT-26922-6 sha256:f3af4effeaabdd076b4e4b112b4e93944f06f75e95347d250f8cfa76799a3acc
ADMITTED GGMKT-26922-7 sha256:e9351cc4a70423ee95410d41ff5d24f3579db4b85ca9a46cc640be91e6e467c9
ADMITTED GGMKT-26922-8 sha256:d3d96347db0fa4c536c11f2cce59d9331ec5456efe19e4ea3f0486e069f505b0
ADMITTED GGMKT-26922-9 sha256:d53c9690cfdea11524526643650e56a19ae9c6b4ecd837afe9c7666335dfe64f
ADMITTED GITVAN-26922-1 sha256:8d276c05a6c1b8c83986b6a2264e4db7a030fd95b44de92114f9500f7a7858f5
ADMITTED GITVAN-26922-2 sha256:1a1dca6bf3214e40575999cb23774e9aed8da1f1e14c527252d160dfdf62363b
ADMITTED GITVAN-26922-3 sha256:52e1ea377c458d797dd9993409321becd6244196621fa5469350ccd8317736df
ADMITTED GITVAN-26922-4 sha256:dc35d5ddb4490a19eb3a58d4f8ed86b2e749767284a38338f5722bcfdbea3c42
ADMITTED GITVAN-26922-5 sha256:06648bd3bd43edc82a447d576c9187c1a65ee13b8ba396bd57e9e0ec5723705b
ADMITTED GITVAN-26922-6 sha256:eb8696a8dc03686606b04d8e3e4810f412c2af2cae49a0083a0d99fa7a124199
ADMITTED GITVAN-26922-7 sha256:80666c861afd497ff3bf0a4a43578137d8c7017a0bb922b3d6e0083f4cee4ee7
ADMITTED GITVAN-26922-8 sha256:74faf6209d09b91f178011e878f5f45a3cbd2dc9a715628b876fffc49c35a3bc
ADMITTED GYMACT-26922-1 sha256:68bb28a838fb80a6d1394de3ee200d5e95f13c428d9b822e17631b5aefc9b10c
ADMITTED GYMACT-26922-10 sha256:e206fd8124eac64de9966be1939c160df0200064a9ddcdc60a47df8627744ae8
ADMITTED GYMACT-26922-2 sha256:6b80084e0a5de8f802f70015134ca80c9c3c2d2a20936febec2a1875ab7a3a1d
ADMITTED GYMACT-26922-3 sha256:b8c273bb9a5f5ff83fc7a650c705e2ea69376bcc5b06e3e86cca4d2a4196a998
ADMITTED GYMACT-26922-4 sha256:22e2185d28008b2fd6d9cffdd476acdae4a3243c43c213bfb748fdd3a6231a3b
ADMITTED GYMACT-26922-5 sha256:579fbb3e4156af5515b18089071114726d510433f771fe5916c3c58f732f211a
ADMITTED GYMACT-26922-6 sha256:b3a3ced23a37a2a1c531d60d406c505b747c7ad23469dc4096929de6498179e2
ADMITTED GYMACT-26922-7 sha256:32fe4b5a7fa80b1bf88e5079f51d50066becb9bf880dc0e46ec30b55bf3fe5d5
ADMITTED GYMACT-26922-8 sha256:635b5c0f18dfd01cc9a09c02fdcdc1f14562f57aa368b77ae7016d9ac57cf56c
ADMITTED GYMACT-26922-9 sha256:22609c0e3ad3eb8822889351a450fc20006b436e1baca16898c3d51ae3c1614c
ADMITTED XAAS-26922-1 sha256:cf15a7434ad31104d0cbf0009d6bb082f9567471781d5dc41308a121c56ec124
ADMITTED XAAS-26922-10 sha256:f421df9dfbb7bae10dee9215ce0648a1008089faf7775d177195be22d0bee2bc
ADMITTED XAAS-26922-11 sha256:9df02d4b3a252f666718e6b99ad89b329f763b3e38779a52d40e53c40d748e4e
ADMITTED XAAS-26922-12 sha256:d3fcf11289c358f8d24bb215b4c84d8c1f55ccaf8a00b6d58c64fec278b65e9f
ADMITTED XAAS-26922-13 sha256:5e835d54384c9e9f826b7eddf5dab9a592270fbf90fe40cdc51dc40a684ec0c6
ADMITTED XAAS-26922-14 sha256:0688d648fc356333f774a7e3f85a04e8d6bbdd30480584676edd52cba8596dcb
ADMITTED XAAS-26922-15 sha256:3d7ed468a35df79b418541123f95b1e25deaa0fe58ebe992bc2400b9b6ce0405
ADMITTED XAAS-26922-16 sha256:5dd5808ba433668465fb89d09dca65d23a4e706671458909faf0878bcac5eb10
ADMITTED XAAS-26922-17 sha256:74a92885cc588bb9e7c534e618b9e980e5e08112994fc1e7947391b6040a0aa7
ADMITTED XAAS-26922-18 sha256:76216b94d513c08b165e191bc39f14932a756b65d5daa8502ebc91d9023d28b4
ADMITTED XAAS-26922-2 sha256:025ad6a28ca4c196ba3013f290ac85362512b13461279fcb5fea73e1119476e4
ADMITTED XAAS-26922-3 sha256:062e5d3a5a19565e1291bbf0f51fc49923ebc493080560765fdfc180dffc4ca6
ADMITTED XAAS-26922-4 sha256:c9d1de95b2363969a073d4e54c9c0c1e5d96c3ba405529fbc3a399ea90758044
ADMITTED XAAS-26922-5 sha256:bf94aec7aa2f57b208065f6512469227ab118e83f9ef183a7f2cb0341453ae97
ADMITTED XAAS-26922-6 sha256:768a42f710a629d006b53d83e4561a313d943d0639659b9a91566b1fc5a6c1f2
ADMITTED XAAS-26922-7 sha256:1b342da51db7d4c75f68f70ad70a0c2022cde0ba8b8b3b2dc247f33f684daf25
ADMITTED XAAS-26922-8 sha256:cc4203516686f674b1748316e88f96ea9a1a3150c05e9a6def1e05e336eaf7dd
ADMITTED XAAS-26922-9 sha256:a768463894415ff0adc6f11096c3e4d69dc86ed203af7227b4f44de1d5b83346
[os_mon] memory supervisor port (memsup): Erlang has closed
[os_mon] cpu supervisor port (cpu_sup): Erlang has closed
