# kernel: ggen_igniter release/v26.9.22 facdf0dbd3cd95f5b8a630dcbcacc0140d6582fc (GgenIgniter.SemanticJira.admit_work_order/1)
# input: wo.json sha256 1a05f2e86d6b7c9b2e53b1ce68f8c345228e9edff8bc0428322519c1fe7b8496
ADMITTED AFDE-26922-01 sha256:b793ec8764b5e75a630e831b02f06a2c0d2103bf9dc558a9ddf23c5c99ae304f
ADMITTED AFDE-26922-02 sha256:2bd327c6a8b6f64528aac3be7f323c6289eee26118eebfcf867885ea224bbf41
ADMITTED AFDE-26922-03 sha256:6fdc0005e16735e685d05cf36b91983e65798d086db992ca3238bda405e0cff5
ADMITTED AFDE-26922-04 sha256:0a20c6fd1d6afc0df945a2838e2f8ad0d6866e059ad7a26bcffb0d4651813ead
ADMITTED AFDE-26922-05 sha256:17a7c87a29a771f7baff9ee6863d4d8230526bd4132b89ac1e04def5636fb357
ADMITTED AFDE-26922-06 sha256:898ea07b3ba677f503d500327dd73a8495596beba0134499daddf30986248fd7
ADMITTED AFDE-26922-07 sha256:7ce11960227955297b88ea056af1a12b7ba8d4f940fa0f10fa857519430bb0cc
ADMITTED AFDE-26922-08 sha256:90f24605a19a0f4eb17069155bd3794bd3c935d4e251648ccc662a479305c5bd
ADMITTED AFDE-26922-09 sha256:b81d911533a27cc219b5a6fca04c1881e448d71874dd11237353378f4af4427c
ADMITTED AFDE-26922-10 sha256:0991f5e73531afde5428582c2449fbcb2f229522277afba5e0205a79f48e02de
ADMITTED AFDE-26922-11 sha256:148046fa995941d8975b1329d42aaae56e4f7137e4bca47575325d486f18db74
ADMITTED ASF-26922-01 sha256:304584a8f1222d120a008a0c71e378fa560564f8425f6fb595d0cfe06182bc2f
ADMITTED ASF-26922-02 sha256:8c43083e2ff9be30e186512f9325ac6160739a957937840bb752fe65c01658e5
ADMITTED ASF-26922-03 sha256:91e71d663e17d8b90ff43b3d5af1b6ffb6101bd2aea771127c57c7bf9bf61c15
ADMITTED ASF-26922-04 sha256:8110a68c84af4e4cbbaa9ace173d72ca0faf5e524577dc6ccbc137a215ecf07b
ADMITTED ASF-26922-05 sha256:230f9a283133eccaa9d7d9f6719c65ed985238b3e480008212e4f9b26c205c71
ADMITTED ASF-26922-06 sha256:94e3858bf23c8619f55cc069ec4cdd2734a3287afa206dd2a8a5d87a2936708c
ADMITTED ASF-26922-07 sha256:519852609d06e26485620825073014700a444b96a20625a6be46d8dfea7bb08c
ADMITTED ASF-26922-08 sha256:6d28afb252e350b7561ebe2d24c1d6b08b94ac5b41fbdd52aa4ed0b1af9a89a7
ADMITTED ASF-26922-09 sha256:27e41978285c6b99c04c79a7351c1a9f13fc28bbd84446e4d218274c9ad4a9e1
ADMITTED ASF-26922-10 sha256:a94102db839a632a76977be534be77a5ccf9b8c37bab3c09843651bb3fc9b03b
ADMITTED ASF-26922-11 sha256:0c4f47ce5e9128401750878ecbe8955f73c493abe7a49590b50830ef07f8c3ef
ADMITTED ASHATL-26922-01 sha256:1e83ebabdae78de1d5cc0c3dcf900dc543f6fddd181d527cd2518b6e93877b41
ADMITTED ASHATL-26922-02 sha256:5139e6ebf48979fcc6ff319cf4c9f6b21a96a1ff43143d3c0f9d8c33cb87b347
ADMITTED ASHATL-26922-03 sha256:acdb32e77d119030da99c5fb0796ea9eba1c80d3d9c4d8c3a4d7495ec37c3ed5
ADMITTED ASHATL-26922-04 sha256:3f6343cbe7f7bb7e728df585873db7df428443f1b26f4411227268b7819d6a68
ADMITTED ASH_A2A-26922-01 sha256:b790f137f2550cb48e5f8b09d9e30dbed3e460e6918240b824653bf536babf46
ADMITTED ASH_A2A-26922-02 sha256:c8a92b97b384595a04c69c18b6928e3e6d4909c9468f5980f40b1245509e6a8b
ADMITTED ASH_A2A-26922-03 sha256:50fce74e777df22584ed2bdfc5fa066bd0a7fe2e7b6b506cb001963c78a503f8
ADMITTED ASH_A2A-26922-04 sha256:1f9264a3b380ebb4af55ee6a147265e6177289c8dfa215d893a566729751bf31
ADMITTED ASH_A2A-26922-05 sha256:f09f417b483e4248ef39995ab97fb8759f8e7cd348c1fd6649be0851db05ebde
ADMITTED ASH_A2A-26922-06 sha256:3469eeb20e79b3018e5666ab0453b08c96c8ff4f356447b73f19b16929086de4
ADMITTED ASH_A2A-26922-07 sha256:dc15cc24ccfeea3786fdc6def9213d207b67e4602757a01dc22f5c8581da2da1
ADMITTED ASH_A2A-26922-08 sha256:4a7861be559894c0b19bd9c070b75a99c4952e489cc2731eba3d2ad73e49869f
ADMITTED ASH_A2A-26922-09 sha256:bd92cbe86ede155caaf453afa4daaaa421b3f2cf8b3eb4356d5921d170821e0e
ADMITTED ASH_A2A-26922-10 sha256:9b9e178874571066af92a56271b1caebf09235defa4a49ce9b8e207b534a6b20
ADMITTED ASH_A2A-26922-11 sha256:c1a05c2099ee5e38b229c26cc11de3c15440bf706bc78dea835a36c5e978b63c
ADMITTED ASH_A2A-26922-12 sha256:d3958cb1ab6e7005adeb62c9ca61c747188126777fbe04d48b23497f2cdc3a8f
ADMITTED ASH_A2A-26922-13 sha256:64857e7216c7d0ba8f99feae7833fe66ab0d259f2a5ffca9707e142913164e19
ADMITTED BEAM4PM-26922-01 sha256:54b27576a5823af533968fe36b4eba21509fc3ab03f31480cfb6b020627eda91
ADMITTED BEAM4PM-26922-02 sha256:4458c3a2c8a195aca283893e790e49e01a45a720ff73ea5630fdfccbaefef1c9
ADMITTED BEAM4PM-26922-03 sha256:282d364c34e74acf053c1f0edcd113556ded602e292e1056eb98e475ea8e7fa3
ADMITTED BEAM4PM-26922-04 sha256:1d02725c186016c1aaaab3c4532dbde5054ebf9f914b5b7e1a136b1fd296c8b8
ADMITTED BEAM4PM-26922-05 sha256:d239c4e3872887c1f6515f7145e11e485ac22b89e376855b7566cbccba193015
ADMITTED BEAM4PM-26922-06 sha256:edb5807ce18cc50f89aca95560e9d5ede12f9e6f9761c88e2a97a22742386e45
ADMITTED BEAM4PM-26922-07 sha256:02f3cf36785e505ec05d661273ca4044207362c1e8cdd9175bf3cd34e0abc473
ADMITTED BEAM4PM-26922-08 sha256:83decb04a2af3f1c1f721dc08d35caba982eb39f3ed890d192cab94515eefeb7
ADMITTED BEAM4PM-26922-09 sha256:c1fb53e5dfc59eafc0cec5469451a2c9e7b51d86fb15edb1b8ad1d32cacbf7ef
ADMITTED CHATMAN-ECOSYSTEM-26922-01 sha256:bcc7cc7505c20e0c9815c3e94d2e8079495faa69ce8aef5e638240981dd198db
ADMITTED CHATMAN-ECOSYSTEM-26922-02 sha256:ec7c93bc06afae75381a357b1b6ac7d9f52702a40d82fab1b74b6ed5eb1f6bc4
ADMITTED CHATMAN-ECOSYSTEM-26922-03 sha256:5c0afdf06ae1a492e6ea1c4cdad11a696e4e0327a33bf73d6d2e6babefded9fa
ADMITTED FDDB-26922-01 sha256:3306be7adc415719bcf0a369f77f336720a1ab3d66dc1a6f2c363558447d7a17
ADMITTED FDDB-26922-02 sha256:e6b3362ac1889cf15ba3488954d5f9226dcd50e5a2204175e19966ea0621113f
ADMITTED FDDB-26922-03 sha256:0e861674779acf24ce71572b2445fba545d18553164bc3153025dfa0dc60654a
ADMITTED FDDB-26922-04 sha256:a4bad70f2dd033df1583a09b7c015d55f10fcdad9765a46bf6dd857a0a1417c0
ADMITTED FDDB-26922-05 sha256:825584f18d2bbe0c07f2ad4cdfef1dacb28e97b2ac0578594c2308709775906f
ADMITTED FDDB-26922-06 sha256:ad953299c5516a4e763ac255c2d6861231c37d47f6120ed8b4d76b15951b6d6b
ADMITTED FERROPLAN-26922-01 sha256:d329881d9a1b7eaee605fe311096ae1c2ecbaf2ff2a72e34c376ee7879dd3908
ADMITTED FERROPLAN-26922-02 sha256:c959dcebd76c6691245913cc724bde4645d30bf7c5a0b6ace171158d2fa58eff
ADMITTED FERROPLAN-26922-03 sha256:21316e7cf6444085b55e6f19eae3cf6a5b1eb15bc8439ba993037afdbdb22e07
ADMITTED FERROPLAN-26922-04 sha256:c2f195d670c4be1823acbcf8594678e010518921d9c898d21b7aa7d56e2b162c
ADMITTED FERROPLAN-26922-05 sha256:d397c11ce4b7dbbfeb4276ff759889ce0ebbd46c688f8f1f20f9d472a9006102
ADMITTED FERROPLAN-26922-06 sha256:d697419025bc1732efbd3b4d7163d688ac806cf1f8c3372225146982dbe3fbca
ADMITTED FERROPLAN-26922-07 sha256:4f6b57a8e5d235d8149a8df4e46beae4e6c11c85df15ac41c36c5887b42cb320
ADMITTED FERROPLAN-26922-08 sha256:5a0ddada3c086a61fc738bbe35a01475326925e15067d41f6eac9af3c499656a
ADMITTED GGE-26922-01 sha256:31ec133d9bfe8edb138996876069caf2d64c2f2c9a0b3f8f599c36f3e95480be
ADMITTED GGE-26922-02 sha256:8ecf024a8672c535f42663a2bb292bc2649ef592c2f7a9a55f4f95bd8498e3c2
ADMITTED GGE-26922-03 sha256:97c762a96acb5b5516e3aa4e1bdd829af2bf99593b8caf43aa5a7c501e43ed16
ADMITTED GGE-26922-04 sha256:fd7d3836db0d5c173743f3aa850390ce7301f254313ed1dbf69cc1c7fac38c48
ADMITTED GGE-26922-05 sha256:8d53adda42670071985b7770e7a13380696cc231690ccfa3002c02a112cc8bcd
ADMITTED GGE-26922-06 sha256:a816dd285aaeab9979f846d0ce0388e20e9490a5238affc3d8df11a602a28100
ADMITTED GGE-26922-07 sha256:c4ce2d88c3373d1819655729c3fe7e4b77bc3da53403bbd73bf6da716d02a6a3
ADMITTED GGE-26922-08 sha256:039da510d31ad41c7848c420644c05a54e63797fa8e59b931dd5c936ea4f1853
ADMITTED GGE-26922-09 sha256:850081d1813c85d45a2be9736d0ca4b26df59a64c68ab47c5104e86a84998b13
ADMITTED GGE-26922-10 sha256:1a181a71fe73295c74f3d98cb0907df6db4a373380c03bd85f69aa8d9520e2a5
ADMITTED GGE-26922-11 sha256:28e2929698be0fd2e5db20d704f5806d609248db60c394f16d05e19d010284c2
ADMITTED GGEN-26922-01 sha256:e5634fae89997539640663f17409d56e64b00ddef785cc9c55368357b66d7ce5
ADMITTED GGEN-26922-02 sha256:38c4a021f66d265e155884f76478f68491fc24cffb706be5c8b11435b83299b5
ADMITTED GGEN-26922-03 sha256:3e12002ad1998c3d6e242bc6376103fe50f5fbaa0e24a181f030daafc3ecfdd1
ADMITTED GGEN-26922-04 sha256:6dd25369e92f894b4a16df3f35a48a397fc799e52ac0c6e00723c71ec034e4f1
ADMITTED GGEN-26922-05 sha256:642efb31ab4a442f9803a1f8b5cc512ea09a4a712c98a8b28a2dea564e5a3de5
ADMITTED GGEN-26922-06 sha256:4c6ef911164f8d3b1d513097ccd1424ff16bcccc925f53cc2d0b6d5d45f9e9fc
ADMITTED GGEN-26922-07 sha256:a4c2514ca578805e313ad603248d3052f4416becb5752c63c472ab97720c3d4b
ADMITTED GGEN_IGNITER-26922-01 sha256:b418ad35f3717c0e8a45acb0651fdb4ba4532208f15a70be98cb63dc4c8f161b
ADMITTED GGEN_IGNITER-26922-02 sha256:c87eef0d9a069c1b9fbb43bf0fc9a842d983b62162fa2337bc2db035e420c470
ADMITTED GGEN_IGNITER-26922-03 sha256:6ad6fae77aff44d740299516b570ee8f8363a193dd25533254def383e14d1b1e
ADMITTED GGEN_IGNITER-26922-04 sha256:f1c2714eba721badcb20170efccde10990073ad3fc8c9350e783bb63f2e630e2
ADMITTED GGEN_IGNITER-26922-05 sha256:dc634c2dd45b5803d62eb9d658ac1f36da6f43f4399ada936f26bd9015e56ff8
ADMITTED GGEN_IGNITER-26922-06 sha256:23d8b4683c6b1d62f171f2fe05cb1f9b5ff523e7f55085b4bbd45a3350468b2e
ADMITTED GGEN_IGNITER-26922-07 sha256:f8266946e2f34d0b05ed046c219cf9394f81b219cb484d200722efe426c04beb
ADMITTED GGEN_IGNITER-26922-08 sha256:10f755d5ee91a5e8b3774ac63322e44ac155839d9a7daad345f806fbb843e12c
ADMITTED GGEN_IGNITER-26922-09 sha256:6f861dcef5cae5c89ef17ea44c3a888c2f5700b306d57224c1545140a36dd0d5
ADMITTED GGEN_IGNITER-26922-10 sha256:75c6b7dfc378280641c45db89cfa00f598846f8a1efc341aecc4273fe8af7c94
ADMITTED GGEN_IGNITER-26922-11 sha256:e3085bf7ce1e974be0e0dbbff48efe40acd238d0e0ec421db1890a38dc5f2a6d
ADMITTED GGEN_IGNITER-26922-12 sha256:4c35c64c71bde086e84a7481f371a9d3a51a9cbd6a44f744ecce32cc19b5454b
ADMITTED GGEN_IGNITER-26922-13 sha256:4be608edc5a7b62d0935e969652c83fd052328154861a860a0e11f97e0b8b969
ADMITTED GGEN_IGNITER-26922-14 sha256:7ccf24a3e349b2ac90192e0cd323bc18f286f104980811b0db9cce700bf8b537
ADMITTED GGMKT-26922-01 sha256:d7f75dd9d0e6a85fac4d0f6d50ff760aefac60b406961db96c2392df08186bda
ADMITTED GGMKT-26922-02 sha256:55b0e215b6e6045e96b3c361de72f8ad7145c41d267200204b7837c19a21f636
ADMITTED GGMKT-26922-03 sha256:94863edf92674c8284063d246a49540c53f578cee405f78ed787be606ba6ddd0
ADMITTED GGMKT-26922-04 sha256:4d332f073c22540dc741955a07a4ee4f4b7408020085f732ec5d54304cd7c594
ADMITTED GGMKT-26922-05 sha256:e0aba7d889a141127a9d8a9fc840b5a41e074b3fa94200e28b2d62acd6b53f83
ADMITTED GGMKT-26922-06 sha256:085195f9dc7111e652f9d845fe11e60476f627dd61e944268014f00bde7e64eb
ADMITTED GGMKT-26922-07 sha256:5549ca4364da3ba2ad44d63a6ba12f673d5ebaca46931fb0a693203b8401bd79
ADMITTED GGMKT-26922-08 sha256:80f94c431d2db43efa177e3fbd22102127ea634876a95e21dca9d3e4de8e00ab
ADMITTED GGMKT-26922-09 sha256:096f6300da1db45b29d43c321c2d3c1aa183737b78a4010a71c22458642916f5
ADMITTED GGMKT-26922-10 sha256:b871e88e28a0b5ece560f45b54edf0c7a9671d153bc029a67aad615515f5b8e3
ADMITTED GITVAN-26922-01 sha256:062a7b7cd5baf1886e237ae64563a6a655d57373bedf72d72b4b52bfac26c7c0
ADMITTED GITVAN-26922-02 sha256:275579bbb60d3b68caa03eee7e51a15e73de7ca2f1733b0d2943c784c0ab09d8
ADMITTED GITVAN-26922-03 sha256:11600780b8bde1a5a1b76493f8877109839a38e94523eacfb1a4a9e4790a96e2
ADMITTED GITVAN-26922-04 sha256:4f5419d8d73882f5a94b214f3f822f321d1e930e67badc5d7ac0049f6d1beef3
ADMITTED GITVAN-26922-05 sha256:b74129852b87cf5d79ab3cc83f54776d42bd51b62e41c1579953a60489b636bb
ADMITTED GITVAN-26922-06 sha256:70dbec7b76e269df26cad4f32e6c896dee617b730a99c9af192ebc52a9a05608
ADMITTED GITVAN-26922-07 sha256:d5fd58b17342340ba2f9b04a989d6586b3e9ac7823ce6784d3137e4065d6e818
ADMITTED GITVAN-26922-08 sha256:1ee4f801e5ffa51103a71ba2c61d4f5600e55d9feac93beb7a6372ee11cd34d0
ADMITTED GYMACT-26922-01 sha256:a836162b92f3525b3d15a5b551e47b1d2b4e65b53b6e32630ac59bfc08897427
ADMITTED GYMACT-26922-02 sha256:062ffc66524c9b431f61f083da88ee38313b611b9bc01ba5445bd5be5aa494ee
ADMITTED GYMACT-26922-03 sha256:101ddc997177868b00cc11a5e10d99a2de3013b5a6194a34fae06e0ce899c0eb
ADMITTED GYMACT-26922-04 sha256:f5cae2c0d189493b05636bff9f5a585f5237c7009dd2e65ef46ce3e22e2b71e5
ADMITTED GYMACT-26922-05 sha256:39641640ce581404399d46478b4ad6426a6d7e2ca4f40f4a186547219822d594
ADMITTED GYMACT-26922-06 sha256:a80fc369d498413924c4ed4db7f1112cdb5ba548e9b5d0bf30c3a12b97e68d50
ADMITTED GYMACT-26922-07 sha256:e9cadd1a6dd9b3d929540c01ae3d9acd30a517cf19e060038078d3da620b15f5
ADMITTED GYMACT-26922-08 sha256:8ea65d2a2693e48fd3f79aa3bc2ecc77c050ae70692a014a12daf6d29fca52a6
ADMITTED GYMACT-26922-09 sha256:8233efee538467c2e65e379193c5028499b0e7c31786cabad627a6e7a3da6e04
ADMITTED GYMACT-26922-10 sha256:9c65df519cc96ad7f98912945c51f74157887e0b40c726bcd8cc730e9188af75
ADMITTED XAAS-26922-01 sha256:258635cdfdee4713c5eb23501735428da6eee8c8716b2f4eb379659ecd8452a6
ADMITTED XAAS-26922-02 sha256:72b1f4ced33a51b615c9120207fd816ae5d04e468c52820898f105cef20cede4
ADMITTED XAAS-26922-03 sha256:ddcaf53ac4c22c0ef84ca85a653dd013c623976f245d1e54e712d7f0e5650501
ADMITTED XAAS-26922-04 sha256:7bdcfba0e592fdc4f39eaa03e7976f1358dc44dad0a1777c791266bf9278e9dd
ADMITTED XAAS-26922-05 sha256:bf1f76c3faceedfffa44c6b634f41280495e9bc6314a79479f0391d79c28d255
ADMITTED XAAS-26922-06 sha256:1daf252d59bbe148b6f1a3a85a72c3f7ddd7fb208e5c63935da819829a3434c1
ADMITTED XAAS-26922-07 sha256:f7b9f55baa7ea90f303a53fac61eb38a414364daa9f552ee8e748f74529bf00c
ADMITTED XAAS-26922-08 sha256:49c7fda21b6664a0fd4c138f812a5ab6f6d817f4d977627f35dbd6d043da4427
ADMITTED XAAS-26922-09 sha256:d0bf6bf01befb2231eceb0e84fc19bda9a5ffe2cecdbf1ec2dec36f891017287
ADMITTED XAAS-26922-10 sha256:cd8714fa5685d4504f9012a450834c84e147c4bc1de180c4b2767bd21c28e566
ADMITTED XAAS-26922-11 sha256:2ec4f2b1c19f32a833e50564e578df45320f084d7144ce6736551a3ac555f082
ADMITTED XAAS-26922-12 sha256:632f9e3f9ba71fda5771bc48ecef5649343c6f6e96d84449a42f8babbbc51627
ADMITTED XAAS-26922-13 sha256:0eadf9d1f7d08761722bc20cf039ca406db1550a13320ab7ff27ca09a66a2f9d
ADMITTED XAAS-26922-14 sha256:b27f9a8823a7809ecb177c396b40d60455c8297de15f69625c61710b95656c85
ADMITTED XAAS-26922-15 sha256:788fdc1c576cfe311bd98a3cd878e069fd3e1bb4c6e48da9e97046fbfab6bafb
ADMITTED XAAS-26922-16 sha256:a700ca3306f79065742ed97522006ac4423b4461f594354da92ae89213da54b6
ADMITTED XAAS-26922-17 sha256:4bf9021ea46896411af0b8ab2ad52ef56dcc4ca79ddcc7c6d581d6f608151beb
ADMITTED XAAS-26922-18 sha256:dcf516755b74813e886b6f903d9b85a3944acf2b41505496ae9f3417ddf5c262
ADMITTED ZCODE-26922-01 sha256:0d4ec8ae90753ac9c5f1a9de52ac78918f33c06f03b3b1d9b34f13753389f528
ADMITTED ZCODE-26922-02 sha256:b3312284d0a4996d3d58818affb0d06e46d13c275a9e69f6dbe5d42f350204d4
ADMITTED ZCODE-26922-03 sha256:c47349190995bbdebed7002d644f2c55103f320857832a23aaa86a42bca7fb3f
ADMITTED ZCODE-26922-04 sha256:63c48b12b80bf747f2a32e32463fbee22c04d1d6c91dcfc977f238b7c06ab7a6
ADMITTED ZCODE-26922-05 sha256:03b949b520181ecb20e660d36a925d8c6da8198ef8aba037c1413b475406c4bb
ADMITTED ZCODE-26922-06 sha256:d0db6834f6a04045c94154196795f4933af4ae86f1a0d0a012f406848efc14b6
ADMITTED ZCODE-26922-07 sha256:c1dad8f03518881761548dc17649737acf2d31f987d95ad5472c690846e77cf4
ADMITTED ZCODE-26922-08 sha256:9eb7ab9c91473aed491fa9873da24f34e5e68e9902928cf4055f42a19aaf9269
ADMITTED ZCODE-26922-09 sha256:407d20c74eb9fa18d5128658eb4562de486a498119fba6e009bfb92f8a65668d
ADMITTED ZCODE-26922-10 sha256:797aec5db5605c7f4481440a4b2a9ea151f432ab96dc2524328e61b8e52d5064
