Erlang/OTP 28 [erts-16.4.0.2] [source] [64-bit] [smp:16:16] [ds:16:16:10] [async-threads:1] [jit]

Elixir 1.20.2 (compiled with Erlang/OTP 28)
    warning: Application.get_env/2 is discouraged in the module body, use Application.compile_env/3 instead
    │
 12 │   if is_nil(Application.get_env(:ash, :default_string_length_count)) do
    │                         ~
    │
    └─ /Users/sac/wt/v26922/v23/R1-X-LOCK/deps/ex4pm/mix.exs:12:25: Ex4pm.MixProject (module)

    warning: Application.get_env/2 is discouraged in the module body, use Application.compile_env/3 instead
    │
 12 │   if is_nil(Application.get_env(:ash, :default_string_length_count)) do
    │                         ~
    │
    └─ /Users/sac/wt/v26922/v23/R1-X-LOCK/deps/ex4pm/mix.exs:12:25: Ex4pm.MixProject (module)

Compiling 521 files (.ex)
Generated xaas app
    warning: Application.get_env/2 is discouraged in the module body, use Application.compile_env/3 instead
    │
 12 │   if is_nil(Application.get_env(:ash, :default_string_length_count)) do
    │                         ~
    │
    └─ /Users/sac/wt/v26922/v23/R1-X-LOCK/deps/ex4pm/mix.exs:12:25: Ex4pm.MixProject (module)

17:16:24.002 [warning] [ex_money] Automatically starting the exchange rate service is deprecated. Set `auto_start_exchange_rate_service: false` and, if you use the service, add `Money.ExchangeRates.Retriever` to your supervision tree.
17:16:24.568 [warning] Xaas.Sa2a.Bridge not started: "autofde" executable not found on PATH. sa2a-bridge-pack edges (validate/admit/plan/execute/replay) are unavailable until autofde-lab (https://github.com/seanchatmangpt/autofde-lab) is installed and its "autofde" console script is on PATH.
17:16:24.853 [warning] node not running in distributed mode. When running outside of a release, you must start net_kernel manually with
longnames.
https://www.erlang.org/doc/man/net_kernel.html#start-2

17:16:24.935 [warning] Received an unhandled response from Grafana because: {:error, %Finch.TransportError{reason: :nxdomain, source: %Mint.TransportError{reason: :nxdomain}}}
17:16:24.935 [warning] PromEx.DashboardUploader failed to upload /Users/sac/wt/v26922/v23/R1-X-LOCK/_build/test/lib/prom_ex/priv/application.json.eex to Grafana: :unkown
17:16:24.950 [warning] Received an unhandled response from Grafana because: {:error, %Finch.TransportError{reason: :nxdomain, source: %Mint.TransportError{reason: :nxdomain}}}
17:16:24.950 [warning] PromEx.DashboardUploader failed to upload /Users/sac/wt/v26922/v23/R1-X-LOCK/_build/test/lib/prom_ex/priv/beam.json.eex to Grafana: :unkown
Running ExUnit with seed: 942975, max_cases: 32
17:16:24.964 [warning] Received an unhandled response from Grafana because: {:error, %Finch.TransportError{reason: :nxdomain, source: %Mint.TransportError{reason: :nxdomain}}}
17:16:24.964 [warning] PromEx.DashboardUploader failed to upload /Users/sac/wt/v26922/v23/R1-X-LOCK/_build/test/lib/prom_ex/priv/phoenix.json.eex to Grafana: :unkown
Excluding tags: [:stress, :kind, :requires_cnv_deploy, :external, :external_llm, :subprocess, :property, :castle_kernel]

17:16:24.974 [warning] Received an unhandled response from Grafana because: {:error, %Finch.TransportError{reason: :nxdomain, source: %Mint.TransportError{reason: :nxdomain}}}
17:16:24.974 [warning] PromEx.DashboardUploader failed to upload /Users/sac/wt/v26922/v23/R1-X-LOCK/_build/test/lib/prom_ex/priv/ecto.json.eex to Grafana: :unkown
17:16:24.983 [warning] Received an unhandled response from Grafana because: {:error, %Finch.TransportError{reason: :nxdomain, source: %Mint.TransportError{reason: :nxdomain}}}
17:16:24.983 [warning] PromEx.DashboardUploader failed to upload /Users/sac/wt/v26922/v23/R1-X-LOCK/_build/test/lib/prom_ex/priv/phoenix_live_view.json.eex to Grafana: :unkown
17:16:24.987 [warning] Received an unhandled response from Grafana because: {:error, %Finch.TransportError{reason: :nxdomain, source: %Mint.TransportError{reason: :nxdomain}}}
17:16:24.987 [warning] PromEx.DashboardUploader failed to upload /Users/sac/wt/v26922/v23/R1-X-LOCK/_build/test/lib/xaas/priv/grafana_dashboards/infrastructure.json to Grafana: :unkown
.................................
Finished in 5.7 seconds (0.8s async, 4.9s sync)

Result: 33 passed
GATE_EXIT=0
