    warning: Application.get_env/2 is discouraged in the module body, use Application.compile_env/3 instead
    │
 12 │   if is_nil(Application.get_env(:ash, :default_string_length_count)) do
    │                         ~
    │
    └─ /Users/sac/wt/v26922/v23/V23-L/deps/ex4pm/mix.exs:12:25: Ex4pm.MixProject (module)

Compiling 1 file (.ex)
Generated xaas app
08:20:45.506 [warning] [ex_money] Automatically starting the exchange rate service is deprecated. Set `auto_start_exchange_rate_service: false` and, if you use the service, add `Money.ExchangeRates.Retriever` to your supervision tree.
08:20:45.884 [warning] Xaas.Sa2a.Bridge not started: "autofde" executable not found on PATH. sa2a-bridge-pack edges (validate/admit/plan/execute/replay) are unavailable until autofde-lab (https://github.com/seanchatmangpt/autofde-lab) is installed and its "autofde" console script is on PATH.
08:20:46.184 [warning] node not running in distributed mode. When running outside of a release, you must start net_kernel manually with
longnames.
https://www.erlang.org/doc/man/net_kernel.html#start-2

08:20:46.257 [warning] Received an unhandled response from Grafana because: {:error, %Finch.TransportError{reason: :nxdomain, source: %Mint.TransportError{reason: :nxdomain}}}
08:20:46.257 [warning] PromEx.DashboardUploader failed to upload /Users/sac/wt/v26922/v23/V23-L/_build/test/lib/prom_ex/priv/application.json.eex to Grafana: :unkown
08:20:46.270 [warning] Received an unhandled response from Grafana because: {:error, %Finch.TransportError{reason: :nxdomain, source: %Mint.TransportError{reason: :nxdomain}}}
08:20:46.270 [warning] PromEx.DashboardUploader failed to upload /Users/sac/wt/v26922/v23/V23-L/_build/test/lib/prom_ex/priv/beam.json.eex to Grafana: :unkown
08:20:46.281 [warning] Received an unhandled response from Grafana because: {:error, %Finch.TransportError{reason: :nxdomain, source: %Mint.TransportError{reason: :nxdomain}}}
08:20:46.281 [warning] PromEx.DashboardUploader failed to upload /Users/sac/wt/v26922/v23/V23-L/_build/test/lib/prom_ex/priv/phoenix.json.eex to Grafana: :unkown
Running ExUnit with seed: 274022, max_cases: 32
08:20:46.289 [warning] Received an unhandled response from Grafana because: {:error, %Finch.TransportError{reason: :nxdomain, source: %Mint.TransportError{reason: :nxdomain}}}
08:20:46.289 [warning] PromEx.DashboardUploader failed to upload /Users/sac/wt/v26922/v23/V23-L/_build/test/lib/prom_ex/priv/ecto.json.eex to Grafana: :unkown
Excluding tags: [:test]
Including tags: [location: {"test/sjira/v26_9_23_goal_test.exs", 1104}]

08:20:46.297 [warning] Received an unhandled response from Grafana because: {:error, %Finch.TransportError{reason: :nxdomain, source: %Mint.TransportError{reason: :nxdomain}}}
08:20:46.297 [warning] PromEx.DashboardUploader failed to upload /Users/sac/wt/v26922/v23/V23-L/_build/test/lib/prom_ex/priv/phoenix_live_view.json.eex to Grafana: :unkown
08:20:46.300 [warning] Received an unhandled response from Grafana because: {:error, %Finch.TransportError{reason: :nxdomain, source: %Mint.TransportError{reason: :nxdomain}}}
08:20:46.301 [warning] PromEx.DashboardUploader failed to upload /Users/sac/wt/v26922/v23/V23-L/_build/test/lib/xaas/priv/grafana_dashboards/infrastructure.json to Grafana: :unkown


  1) test committed_at_head is typed: false with the reason, or null with the git failure (never folded into false) (Xaas.Sjira.V26923GoalTest)
     test/sjira/v26_9_23_goal_test.exs:1104
     Assertion with == failed
     code:  assert orders["WO-A"]["committed_at_head"] == nil
     left:  false
     right: nil
     stacktrace:
       test/sjira/v26_9_23_goal_test.exs:1146: (test)


Finished in 1.9 seconds (0.00s async, 1.9s sync)
1 test, 1 failure (22 excluded)
