    warning: Application.get_env/2 is discouraged in the module body, use Application.compile_env/3 instead
    │
 12 │   if is_nil(Application.get_env(:ash, :default_string_length_count)) do
    │                         ~
    │
    └─ /Users/sac/wt/v26922/fri/FRI-T2/deps/ex4pm/mix.exs:12:25: Ex4pm.MixProject (module)

Compiling 2 files (.ex)
Generated xaas app

00:52:25.386 [warning] You have specified a default value for a type that cannot be explicitly
converted to an Ecto default:

  `["Print"]`

The default value in the migration will be set to `nil` and you can edit
your migration accordingly.

To prevent this warning, implement the `EctoMigrationDefault` protocol
for the appropriate Elixir type in your Ash project, or configure its
default value in `migration_defaults` in the postgres section. Use `\"nil\"`
for no default.


00:52:25.415 [warning] You have specified a default value for a type that cannot be explicitly
converted to an Ecto default:

  `%{available: 0.1, curation: 0.09, collab: 0.34, diversity: 0.06, gradeFit: 0.16, semantic: 0.26}`

The default value in the migration will be set to `nil` and you can edit
your migration accordingly.

To prevent this warning, implement the `EctoMigrationDefault` protocol
for the appropriate Elixir type in your Ash project, or configure its
default value in `migration_defaults` in the postgres section. Use `\"nil\"`
for no default.

Please always manually review the generated migrations for correctness.
/Users/sac/wt/v26922/fri/FRI-T2/priv/repo/migrations/20260923075225_migrate_resources1.exs
defmodule Xaas.Repo.Migrations.MigrateResources1 do
  @moduledoc """
  Updates resources based on their most recent snapshots.

  This file was autogenerated with `mix ash_postgres.generate_migrations`
  """

  use Ecto.Migration

  def up do
    create table(:billing_revenue_recognitions, primary_key: false) do
      add :id, :uuid, null: false, default: fragment("gen_random_uuid()"), primary_key: true
      add :org_id, :text, null: false
      add :source_key, :text, null: false
      add :source_label, :text, null: false
      add :source_iri, :text, null: false
      add :source_revision, :text, null: false
      add :economic_family, :text, null: false
      add :accounting_classification, :text, null: false
      add :recognition_basis, :text, null: false
      add :amount, :decimal, null: false
      add :currency, :text, null: false
      add :contract_ref, :text
      add :counterparty_ref, :text
      add :external_ref, :text
      add :evidence, :map, null: false, default: %{}
      add :period_start, :utc_datetime
      add :period_end, :utc_datetime

      add :recognized_at, :utc_datetime,
        null: false,
        default: fragment("(now() AT TIME ZONE 'utc')")

      add :inserted_at, :utc_datetime_usec,
        null: false,
        default: fragment("(now() AT TIME ZONE 'utc')")

      add :updated_at, :utc_datetime_usec,
        null: false,
        default: fragment("(now() AT TIME ZONE 'utc')")
    end
  end

  def down do
    drop table(:billing_revenue_recognitions)
  end
end


/Users/sac/wt/v26922/fri/FRI-T2/priv/resource_snapshots/repo/billing_revenue_recognitions/20260923075226.json
{
  "attributes": [
    {
      "allow_nil?": false,
      "default": "fragment(\"gen_random_uuid()\")",
      "generated?": false,
      "precision": null,
      "primary_key?": true,
      "references": null,
      "scale": null,
      "size": null,
      "source": "id",
      "type": "uuid"
    },
    {
      "allow_nil?": false,
      "default": "nil",
      "generated?": false,
      "precision": null,
      "primary_key?": false,
      "references": null,
      "scale": null,
      "size": null,
      "source": "org_id",
      "type": "text"
    },
    {
      "allow_nil?": false,
      "default": "nil",
      "generated?": false,
      "precision": null,
      "primary_key?": false,
      "references": null,
      "scale": null,
      "size": null,
      "source": "source_key",
      "type": "text"
    },
    {
      "allow_nil?": false,
      "default": "nil",
      "generated?": false,
      "precision": null,
      "primary_key?": false,
      "references": null,
      "scale": null,
      "size": null,
      "source": "source_label",
      "type": "text"
    },
    {
      "allow_nil?": false,
      "default": "nil",
      "generated?": false,
      "precision": null,
      "primary_key?": false,
      "references": null,
      "scale": null,
      "size": null,
      "source": "source_iri",
      "type": "text"
    },
    {
      "allow_nil?": false,
      "default": "nil",
      "generated?": false,
      "precision": null,
      "primary_key?": false,
      "references": null,
      "scale": null,
      "size": null,
      "source": "source_revision",
      "type": "text"
    },
    {
      "allow_nil?": false,
      "default": "nil",
      "generated?": false,
      "precision": null,
      "primary_key?": false,
      "references": null,
      "scale": null,
      "size": null,
      "source": "economic_family",
      "type": "text"
    },
    {
      "allow_nil?": false,
      "default": "nil",
      "generated?": false,
      "precision": null,
      "primary_key?": false,
      "references": null,
      "scale": null,
      "size": null,
      "source": "accounting_classification",
      "type": "text"
    },
    {
      "allow_nil?": false,
      "default": "nil",
      "generated?": false,
      "precision": null,
      "primary_key?": false,
      "references": null,
      "scale": null,
      "size": null,
      "source": "recognition_basis",
      "type": "text"
    },
    {
      "allow_nil?": false,
      "default": "nil",
      "generated?": false,
      "precision": null,
      "primary_key?": false,
      "references": null,
      "scale": null,
      "size": null,
      "source": "amount",
      "type": "decimal"
    },
    {
      "allow_nil?": false,
      "default": "nil",
      "generated?": false,
      "precision": null,
      "primary_key?": false,
      "references": null,
      "scale": null,
      "size": null,
      "source": "currency",
      "type": "text"
    },
    {
      "allow_nil?": true,
      "default": "nil",
      "generated?": false,
      "precision": null,
      "primary_key?": false,
      "references": null,
      "scale": null,
      "size": null,
      "source": "contract_ref",
      "type": "text"
    },
    {
      "allow_nil?": true,
      "default": "nil",
      "generated?": false,
      "precision": null,
      "primary_key?": false,
      "references": null,
      "scale": null,
      "size": null,
      "source": "counterparty_ref",
      "type": "text"
    },
    {
      "allow_nil?": true,
      "default": "nil",
      "generated?": false,
      "precision": null,
      "primary_key?": false,
      "references": null,
      "scale": null,
      "size": null,
      "source": "external_ref",
      "type": "text"
    },
    {
      "allow_nil?": false,
      "default": "%{}",
      "generated?": false,
      "precision": null,
      "primary_key?": false,
      "references": null,
      "scale": null,
      "size": null,
      "source": "evidence",
      "type": "map"
    },
    {
      "allow_nil?": true,
      "default": "nil",
      "generated?": false,
      "precision": null,
      "primary_key?": false,
      "references": null,
      "scale": null,
      "size": null,
      "source": "period_start",
      "type": "utc_datetime"
    },
    {
      "allow_nil?": true,
      "default": "nil",
      "generated?": false,
      "precision": null,
      "primary_key?": false,
      "references": null,
      "scale": null,
      "size": null,
      "source": "period_end",
      "type": "utc_datetime"
    },
    {
      "allow_nil?": false,
      "default": "fragment(\"(now() AT TIME ZONE 'utc')\")",
      "generated?": false,
      "precision": null,
      "primary_key?": false,
      "references": null,
      "scale": null,
      "size": null,
      "source": "recognized_at",
      "type": "utc_datetime"
    },
    {
      "allow_nil?": false,
      "default": "fragment(\"(now() AT TIME ZONE 'utc')\")",
      "generated?": false,
      "precision": null,
      "primary_key?": false,
      "references": null,
      "scale": null,
      "size": null,
      "source": "inserted_at",
      "type": "utc_datetime_usec"
    },
    {
      "allow_nil?": false,
      "default": "fragment(\"(now() AT TIME ZONE 'utc')\")",
      "generated?": false,
      "precision": null,
      "primary_key?": false,
      "references": null,
      "scale": null,
      "size": null,
      "source": "updated_at",
      "type": "utc_datetime_usec"
    }
  ],
  "base_filter": null,
  "check_constraints": [],
  "create_table_options": null,
  "custom_indexes": [],
  "custom_statements": [],
  "has_create_action": true,
  "hash": "BAD67A379EE941A7EAA72815DADF27B4CA3EC7664A8676932FD687382B7A0D5C",
  "identities": [],
  "multitenancy": {
    "attribute": null,
    "global": null,
    "strategy": null
  },
  "repo": "Elixir.Xaas.Repo",
  "schema": null,
  "table": "billing_revenue_recognitions"
}
