    warning: Application.get_env/2 is discouraged in the module body, use Application.compile_env/3 instead
    │
 12 │   if is_nil(Application.get_env(:ash, :default_string_length_count)) do
    │                         ~
    │
    └─ /Users/sac/wt/v26922/fri/FRI-T2/deps/ex4pm/mix.exs:12:25: Ex4pm.MixProject (module)

Compiling 503 files (.ex)
Compiling lib/xaas/accounts/token/revoke_nonce.ex (it's taking more than 10s)
Compiling lib/xaas/governance/types/pentest_finding_severity.ex (it's taking more than 10s)
Compiling lib/xaas/governance/types/pentest_finding_resolution.ex (it's taking more than 10s)
Compiling lib/xaas/governance/types/override_decision.ex (it's taking more than 10s)
Compiling lib/xaas/governance/types/org_role.ex (it's taking more than 10s)
Compiling lib/xaas/governance/types/le_response_status.ex (it's taking more than 10s)
Compiling lib/xaas/governance/types/le_request_type.ex (it's taking more than 10s)
Compiling lib/xaas/governance/types/interface.ex (it's taking more than 10s)
Compiling lib/xaas/governance/types/insurance_coverage_type.ex (it's taking more than 10s)
Compiling lib/xaas/governance/types/export_subscription_scope.ex (it's taking more than 10s)
Compiling lib/xaas/governance/types/export_subscription_cadence.ex (it's taking more than 10s)
Compiling lib/xaas/governance/types/environment.ex (it's taking more than 10s)
Compiling lib/xaas/governance/types/deployment_quarantine_reason.ex (it's taking more than 10s)
Compiling lib/xaas/governance/types/cmek_provider.ex (it's taking more than 10s)
Compiling lib/xaas/governance/types/change_of_control_event_type.ex (it's taking more than 10s)
Compiling lib/xaas/governance/types/capability_class.ex (it's taking more than 10s)
Compiling lib/xaas/governance/types/pentest_finding_status.ex (it's taking more than 10s)
Generated xaas app

00:39:37.887 [warning] You have specified a default value for a type that cannot be explicitly
converted to an Ecto default:

  `["Print"]`

The default value in the migration will be set to `nil` and you can edit
your migration accordingly.

To prevent this warning, implement the `EctoMigrationDefault` protocol
for the appropriate Elixir type in your Ash project, or configure its
default value in `migration_defaults` in the postgres section. Use `\"nil\"`
for no default.


00:39:37.906 [warning] You have specified a default value for a type that cannot be explicitly
converted to an Ecto default:

  `%{available: 0.1, collab: 0.34, semantic: 0.26, diversity: 0.06, curation: 0.09, gradeFit: 0.16}`

The default value in the migration will be set to `nil` and you can edit
your migration accordingly.

To prevent this warning, implement the `EctoMigrationDefault` protocol
for the appropriate Elixir type in your Ash project, or configure its
default value in `migration_defaults` in the postgres section. Use `\"nil\"`
for no default.

Please always manually review the generated migrations for correctness.
/Users/sac/wt/v26922/fri/FRI-T2/priv/repo/migrations/20260923073938_migrate_resources1.exs
defmodule Xaas.Repo.Migrations.MigrateResources1 do
  @moduledoc """
  Updates resources based on their most recent snapshots.

  This file was autogenerated with `mix ash_postgres.generate_migrations`
  """

  use Ecto.Migration

  def up do
    create table(:billing_revenue_recognitions, primary_key: false) do
      add :id, :uuid, null: false, default: fragment("gen_random_uuid()"), primary_key: true
      add :org_id, :text, null: false
      add :source_key, :text, null: false
      add :source_label, :text, null: false
      add :source_iri, :text, null: false
      add :source_revision, :text, null: false
      add :economic_family, :text, null: false
      add :accounting_classification, :text, null: false
      add :recognition_basis, :text, null: false
      add :amount, :decimal, null: false
      add :currency, :text, null: false
      add :contract_ref, :text
      add :counterparty_ref, :text
      add :external_ref, :text
      add :evidence, :map, null: false, default: %{}
      add :period_start, :utc_datetime
      add :period_end, :utc_datetime

      add :recognized_at, :utc_datetime,
        null: false,
        default: fragment("(now() AT TIME ZONE 'utc')")

      add :inserted_at, :utc_datetime_usec,
        null: false,
        default: fragment("(now() AT TIME ZONE 'utc')")

      add :updated_at, :utc_datetime_usec,
        null: false,
        default: fragment("(now() AT TIME ZONE 'utc')")
    end

    alter table(:ultracode_runs) do
      add :court_map, :map
      add :semantic_bridge, :map
      add :capability_id, :text
    end
  end

  def down do
    alter table(:ultracode_runs) do
      remove :capability_id
      remove :semantic_bridge
      remove :court_map
    end

    drop table(:billing_revenue_recognitions)
  end
end


/Users/sac/wt/v26922/fri/FRI-T2/priv/resource_snapshots/repo/billing_revenue_recognitions/20260923073940.json
{
  "attributes": [
    {
      "allow_nil?": false,
      "default": "fragment(\"gen_random_uuid()\")",
      "generated?": false,
      "precision": null,
      "primary_key?": true,
      "references": null,
      "scale": null,
      "size": null,
      "source": "id",
      "type": "uuid"
    },
    {
      "allow_nil?": false,
      "default": "nil",
      "generated?": false,
      "precision": null,
      "primary_key?": false,
      "references": null,
      "scale": null,
      "size": null,
      "source": "org_id",
      "type": "text"
    },
    {
      "allow_nil?": false,
      "default": "nil",
      "generated?": false,
      "precision": null,
      "primary_key?": false,
      "references": null,
      "scale": null,
      "size": null,
      "source": "source_key",
      "type": "text"
    },
    {
      "allow_nil?": false,
      "default": "nil",
      "generated?": false,
      "precision": null,
      "primary_key?": false,
      "references": null,
      "scale": null,
      "size": null,
      "source": "source_label",
      "type": "text"
    },
    {
      "allow_nil?": false,
      "default": "nil",
      "generated?": false,
      "precision": null,
      "primary_key?": false,
      "references": null,
      "scale": null,
      "size": null,
      "source": "source_iri",
      "type": "text"
    },
    {
      "allow_nil?": false,
      "default": "nil",
      "generated?": false,
      "precision": null,
      "primary_key?": false,
      "references": null,
      "scale": null,
      "size": null,
      "source": "source_revision",
      "type": "text"
    },
    {
      "allow_nil?": false,
      "default": "nil",
      "generated?": false,
      "precision": null,
      "primary_key?": false,
      "references": null,
      "scale": null,
      "size": null,
      "source": "economic_family",
      "type": "text"
    },
    {
      "allow_nil?": false,
      "default": "nil",
      "generated?": false,
      "precision": null,
      "primary_key?": false,
      "references": null,
      "scale": null,
      "size": null,
      "source": "accounting_classification",
      "type": "text"
    },
    {
      "allow_nil?": false,
      "default": "nil",
      "generated?": false,
      "precision": null,
      "primary_key?": false,
      "references": null,
      "scale": null,
      "size": null,
      "source": "recognition_basis",
      "type": "text"
    },
    {
      "allow_nil?": false,
      "default": "nil",
      "generated?": false,
      "precision": null,
      "primary_key?": false,
      "references": null,
      "scale": null,
      "size": null,
      "source": "amount",
      "type": "decimal"
    },
    {
      "allow_nil?": false,
      "default": "nil",
      "generated?": false,
      "precision": null,
      "primary_key?": false,
      "references": null,
      "scale": null,
      "size": null,
      "source": "currency",
      "type": "text"
    },
    {
      "allow_nil?": true,
      "default": "nil",
      "generated?": false,
      "precision": null,
      "primary_key?": false,
      "references": null,
      "scale": null,
      "size": null,
      "source": "contract_ref",
      "type": "text"
    },
    {
      "allow_nil?": true,
      "default": "nil",
      "generated?": false,
      "precision": null,
      "primary_key?": false,
      "references": null,
      "scale": null,
      "size": null,
      "source": "counterparty_ref",
      "type": "text"
    },
    {
      "allow_nil?": true,
      "default": "nil",
      "generated?": false,
      "precision": null,
      "primary_key?": false,
      "references": null,
      "scale": null,
      "size": null,
      "source": "external_ref",
      "type": "text"
    },
    {
      "allow_nil?": false,
      "default": "%{}",
      "generated?": false,
      "precision": null,
      "primary_key?": false,
      "references": null,
      "scale": null,
      "size": null,
      "source": "evidence",
      "type": "map"
    },
    {
      "allow_nil?": true,
      "default": "nil",
      "generated?": false,
      "precision": null,
      "primary_key?": false,
      "references": null,
      "scale": null,
      "size": null,
      "source": "period_start",
      "type": "utc_datetime"
    },
    {
      "allow_nil?": true,
      "default": "nil",
      "generated?": false,
      "precision": null,
      "primary_key?": false,
      "references": null,
      "scale": null,
      "size": null,
      "source": "period_end",
      "type": "utc_datetime"
    },
    {
      "allow_nil?": false,
      "default": "fragment(\"(now() AT TIME ZONE 'utc')\")",
      "generated?": false,
      "precision": null,
      "primary_key?": false,
      "references": null,
      "scale": null,
      "size": null,
      "source": "recognized_at",
      "type": "utc_datetime"
    },
    {
      "allow_nil?": false,
      "default": "fragment(\"(now() AT TIME ZONE 'utc')\")",
      "generated?": false,
      "precision": null,
      "primary_key?": false,
      "references": null,
      "scale": null,
      "size": null,
      "source": "inserted_at",
      "type": "utc_datetime_usec"
    },
    {
      "allow_nil?": false,
      "default": "fragment(\"(now() AT TIME ZONE 'utc')\")",
      "generated?": false,
      "precision": null,
      "primary_key?": false,
      "references": null,
      "scale": null,
      "size": null,
      "source": "updated_at",
      "type": "utc_datetime_usec"
    }
  ],
  "base_filter": null,
  "check_constraints": [],
  "create_table_options": null,
  "custom_indexes": [],
  "custom_statements": [],
  "has_create_action": true,
  "hash": "BAD67A379EE941A7EAA72815DADF27B4CA3EC7664A8676932FD687382B7A0D5C",
  "identities": [],
  "multitenancy": {
    "attribute": null,
    "global": null,
    "strategy": null
  },
  "repo": "Elixir.Xaas.Repo",
  "schema": null,
  "table": "billing_revenue_recognitions"
}

/Users/sac/wt/v26922/fri/FRI-T2/priv/resource_snapshots/repo/ultracode_runs/20260923073941.json
{
  "attributes": [
    {
      "allow_nil?": false,
      "default": "fragment(\"gen_random_uuid()\")",
      "generated?": false,
      "precision": null,
      "primary_key?": true,
      "references": null,
      "scale": null,
      "size": null,
      "source": "id",
      "type": "uuid"
    },
    {
      "allow_nil?": false,
      "default": "nil",
      "generated?": false,
      "precision": null,
      "primary_key?": false,
      "references": null,
      "scale": null,
      "size": null,
      "source": "goal",
      "type": "text"
    },
    {
      "allow_nil?": true,
      "default": "nil",
      "generated?": false,
      "precision": null,
      "primary_key?": false,
      "references": null,
      "scale": null,
      "size": null,
      "source": "provider",
      "type": "text"
    },
    {
      "allow_nil?": true,
      "default": "nil",
      "generated?": false,
      "precision": null,
      "primary_key?": false,
      "references": null,
      "scale": null,
      "size": null,
      "source": "verifier_suite",
      "type": "text"
    },
    {
      "allow_nil?": true,
      "default": "nil",
      "generated?": false,
      "precision": null,
      "primary_key?": false,
      "references": null,
      "scale": null,
      "size": null,
      "source": "work_order_iri",
      "type": "text"
    },
    {
      "allow_nil?": true,
      "default": "nil",
      "generated?": false,
      "precision": null,
      "primary_key?": false,
      "references": null,
      "scale": null,
      "size": null,
      "source": "checkpoint_iri",
      "type": "text"
    },
    {
      "allow_nil?": true,
      "default": "nil",
      "generated?": false,
      "precision": null,
      "primary_key?": false,
      "references": null,
      "scale": null,
      "size": null,
      "source": "graph_digest",
      "type": "text"
    },
    {
      "allow_nil?": true,
      "default": "nil",
      "generated?": false,
      "precision": null,
      "primary_key?": false,
      "references": null,
      "scale": null,
      "size": null,
      "source": "repository_identity",
      "type": "text"
    },
    {
      "allow_nil?": true,
      "default": "nil",
      "generated?": false,
      "precision": null,
      "primary_key?": false,
      "references": null,
      "scale": null,
      "size": null,
      "source": "execution_repo_alias",
      "type": "text"
    },
    {
      "allow_nil?": true,
      "default": "nil",
      "generated?": false,
      "precision": null,
      "primary_key?": false,
      "references": null,
      "scale": null,
      "size": null,
      "source": "execution_policy",
      "type": "text"
    },
    {
      "allow_nil?": false,
      "default": "%{}",
      "generated?": false,
      "precision": null,
      "primary_key?": false,
      "references": null,
      "scale": null,
      "size": null,
      "source": "dependency_evidence",
      "type": "map"
    },
    {
      "allow_nil?": true,
      "default": "nil",
      "generated?": false,
      "precision": null,
      "primary_key?": false,
      "references": null,
      "scale": null,
      "size": null,
      "source": "court_map",
      "type": "map"
    },
    {
      "allow_nil?": true,
      "default": "nil",
      "generated?": false,
      "precision": null,
      "primary_key?": false,
      "references": null,
      "scale": null,
      "size": null,
      "source": "base_sha",
      "type": "text"
    },
    {
      "allow_nil?": true,
      "default": "nil",
      "generated?": false,
      "precision": null,
      "primary_key?": false,
      "references": null,
      "scale": null,
      "size": null,
      "source": "semantic_bridge",
      "type": "map"
    },
    {
      "allow_nil?": true,
      "default": "nil",
      "generated?": false,
      "precision": null,
      "primary_key?": false,
      "references": null,
      "scale": null,
      "size": null,
      "source": "capability_id",
      "type": "text"
    },
    {
      "allow_nil?": true,
      "default": "nil",
      "generated?": false,
      "precision": null,
      "primary_key?": false,
      "references": null,
      "scale": null,
      "size": null,
      "source": "org_id",
      "type": "text"
    },
    {
      "allow_nil?": false,
      "default": "\"pending\"",
      "generated?": false,
      "precision": null,
      "primary_key?": false,
      "references": null,
      "scale": null,
      "size": null,
      "source": "state",
      "type": "text"
    },
    {
      "allow_nil?": false,
      "default": "\"unknown\"",
      "generated?": false,
      "precision": null,
      "primary_key?": false,
      "references": null,
      "scale": null,
      "size": null,
      "source": "standing",
      "type": "text"
    },
    {
      "allow_nil?": true,
      "default": "nil",
      "generated?": false,
      "precision": null,
      "primary_key?": false,
      "references": null,
      "scale": null,
      "size": null,
      "source": "started_at",
      "type": "utc_datetime_usec"
    },
    {
      "allow_nil?": true,
      "default": "nil",
      "generated?": false,
      "precision": null,
      "primary_key?": false,
      "references": null,
      "scale": null,
      "size": null,
      "source": "terminal_at",
      "type": "utc_datetime_usec"
    },
    {
      "allow_nil?": true,
      "default": "nil",
      "generated?": false,
      "precision": null,
      "primary_key?": false,
      "references": null,
      "scale": null,
      "size": null,
      "source": "deadline_at",
      "type": "utc_datetime_usec"
    },
    {
      "allow_nil?": false,
      "default": "0",
      "generated?": false,
      "precision": null,
      "primary_key?": false,
      "references": null,
      "scale": null,
      "size": null,
      "source": "cycle",
      "type": "bigint"
    },
    {
      "allow_nil?": false,
      "default": "1",
      "generated?": false,
      "precision": null,
      "primary_key?": false,
      "references": null,
      "scale": null,
      "size": null,
      "source": "max_cycles",
      "type": "bigint"
    },
    {
      "allow_nil?": false,
      "default": "900",
      "generated?": false,
      "precision": null,
      "primary_key?": false,
      "references": null,
      "scale": null,
      "size": null,
      "source": "epoch_timeout_seconds",
      "type": "bigint"
    },
    {
      "allow_nil?": true,
      "default": "nil",
      "generated?": false,
      "precision": null,
      "primary_key?": false,
      "references": null,
      "scale": null,
      "size": null,
      "source": "last_expected_epoch_at",
      "type": "utc_datetime_usec"
    },
    {
      "allow_nil?": true,
      "default": "nil",
      "generated?": false,
      "precision": null,
      "primary_key?": false,
      "references": null,
      "scale": null,
      "size": null,
      "source": "last_completed_epoch_at",
      "type": "utc_datetime_usec"
    },
    {
      "allow_nil?": false,
      "default": "28800",
      "generated?": false,
      "precision": null,
      "primary_key?": false,
      "references": null,
      "scale": null,
      "size": null,
      "source": "duration_budget_seconds",
      "type": "bigint"
    },
    {
      "allow_nil?": false,
      "default": "0",
      "generated?": false,
      "precision": null,
      "primary_key?": false,
      "references": null,
      "scale": null,
      "size": null,
      "source": "waves_run",
      "type": "bigint"
    },
    {
      "allow_nil?": false,
      "default": "false",
      "generated?": false,
      "precision": null,
      "primary_key?": false,
      "references": null,
      "scale": null,
      "size": null,
      "source": "wave_session",
      "type": "boolean"
    },
    {
      "allow_nil?": false,
      "default": "fragment(\"(now() AT TIME ZONE 'utc')\")",
      "generated?": false,
      "precision": null,
      "primary_key?": false,
      "references": null,
      "scale": null,
      "size": null,
      "source": "inserted_at",
      "type": "utc_datetime_usec"
    },
    {
      "allow_nil?": false,
      "default": "fragment(\"(now() AT TIME ZONE 'utc')\")",
      "generated?": false,
      "precision": null,
      "primary_key?": false,
      "references": null,
      "scale": null,
      "size": null,
      "source": "updated_at",
      "type": "utc_datetime_usec"
    }
  ],
  "base_filter": null,
  "check_constraints": [],
  "create_table_options": null,
  "custom_indexes": [],
  "custom_statements": [],
  "has_create_action": true,
  "hash": "0447AEF77371CACF2E72F829E6CA864E3D16F3D61B3E53AF12E47ACC56E72279",
  "identities": [],
  "multitenancy": {
    "attribute": "org_id",
    "global": false,
    "strategy": "attribute"
  },
  "repo": "Elixir.Xaas.Repo",
  "schema": null,
  "table": "ultracode_runs"
}
