    warning: Application.get_env/2 is discouraged in the module body, use Application.compile_env/3 instead
    │
 12 │   if is_nil(Application.get_env(:ash, :default_string_length_count)) do
    │                         ~
    │
    └─ /Users/sac/wt/v26922/fri/FRI-T2/deps/ex4pm/mix.exs:12:25: Ex4pm.MixProject (module)

Compiling 3 files (.ex)
Generated xaas app
00:51:31.033 [warning] [ex_money] Automatically starting the exchange rate service is deprecated. Set `auto_start_exchange_rate_service: false` and, if you use the service, add `Money.ExchangeRates.Retriever` to your supervision tree.
00:51:31.441 [warning] Xaas.Sa2a.Bridge not started: "autofde" executable not found on PATH. sa2a-bridge-pack edges (validate/admit/plan/execute/replay) are unavailable until autofde-lab (https://github.com/seanchatmangpt/autofde-lab) is installed and its "autofde" console script is on PATH.
00:51:31.803 [warning] node not running in distributed mode. When running outside of a release, you must start net_kernel manually with
longnames.
https://www.erlang.org/doc/man/net_kernel.html#start-2

00:51:31.891 [warning] Received an unhandled response from Grafana because: {:error, %Finch.TransportError{reason: :nxdomain, source: %Mint.TransportError{reason: :nxdomain}}}
00:51:31.891 [warning] PromEx.DashboardUploader failed to upload /Users/sac/wt/v26922/fri/FRI-T2/_build/test/lib/prom_ex/priv/application.json.eex to Grafana: :unkown
00:51:31.906 [warning] Received an unhandled response from Grafana because: {:error, %Finch.TransportError{reason: :nxdomain, source: %Mint.TransportError{reason: :nxdomain}}}
00:51:31.906 [warning] PromEx.DashboardUploader failed to upload /Users/sac/wt/v26922/fri/FRI-T2/_build/test/lib/prom_ex/priv/beam.json.eex to Grafana: :unkown
00:51:31.922 [warning] Received an unhandled response from Grafana because: {:error, %Finch.TransportError{reason: :nxdomain, source: %Mint.TransportError{reason: :nxdomain}}}
00:51:31.922 [warning] PromEx.DashboardUploader failed to upload /Users/sac/wt/v26922/fri/FRI-T2/_build/test/lib/prom_ex/priv/phoenix.json.eex to Grafana: :unkown
Running ExUnit with seed: 902588, max_cases: 32
Excluding tags: [:stress, :kind, :requires_cnv_deploy, :external, :external_llm, :subprocess, :property, :castle_kernel]

00:51:31.932 [warning] Received an unhandled response from Grafana because: {:error, %Finch.TransportError{reason: :nxdomain, source: %Mint.TransportError{reason: :nxdomain}}}
00:51:31.932 [warning] PromEx.DashboardUploader failed to upload /Users/sac/wt/v26922/fri/FRI-T2/_build/test/lib/prom_ex/priv/ecto.json.eex to Grafana: :unkown
00:51:31.941 [warning] Received an unhandled response from Grafana because: {:error, %Finch.TransportError{reason: :nxdomain, source: %Mint.TransportError{reason: :nxdomain}}}
00:51:31.941 [warning] PromEx.DashboardUploader failed to upload /Users/sac/wt/v26922/fri/FRI-T2/_build/test/lib/prom_ex/priv/phoenix_live_view.json.eex to Grafana: :unkown
00:51:31.944 [warning] Received an unhandled response from Grafana because: {:error, %Finch.TransportError{reason: :nxdomain, source: %Mint.TransportError{reason: :nxdomain}}}
00:51:31.944 [warning] PromEx.DashboardUploader failed to upload /Users/sac/wt/v26922/fri/FRI-T2/_build/test/lib/xaas/priv/grafana_dashboards/infrastructure.json to Grafana: :unkown
.

  1) test a target .tool-versions resolves through the asdf install layout and the recipe runs that toolchain (Xaas.Ultracode.RecipeWorkerTest)
     test/xaas/ultracode/recipe_worker_test.exs:366
     Assertion with == failed
     code:  assert File.read!(Path.join(worktree, "drift.ex")) == @formatted
     left:  "defmodule Drift do\n  def add(  a,b ),do:   a+b\nend\n"
     right: "defmodule Drift do\n  def add(a, b), do: a + b\nend\n"
     stacktrace:
       test/xaas/ultracode/recipe_worker_test.exs:396: (test)



  2) test an already-formatted subject is refused :no_delta with no commit (Xaas.Ultracode.RecipeWorkerTest)
     test/xaas/ultracode/recipe_worker_test.exs:188
     Assertion with == failed
     code:  assert receipt.evidence["refusal_reason"] == "no_delta"
     left:  "recipe_step_failed"
     right: "no_delta"
     stacktrace:
       test/xaas/ultracode/recipe_worker_test.exs:203: (test)

....

  3) test a format-drift epoch is committed and closed :alive by recipe-worker through the engine, and a ready zcode epoch is left untouched (Xaas.Ultracode.RecipeWorkerTest)
     test/xaas/ultracode/recipe_worker_test.exs:110
     match (=) failed
     code:  assert [%{provider: "recipe", dispatched: [%{epoch_id: epoch_id, status: :done} = slot]}] = reports
     left:  [%{provider: "recipe", dispatched: [%{epoch_id: epoch_id, status: :done} = slot]}]
     right: [
              %{
                provider: "recipe",
                capacity: nil,
                in_flight_before: 0,
                dispatched: [
                  %{
                    status: :refused,
                    epoch_id: "b2d5509d-a347-4d96-8aa3-0218914909a9",
                    receipt_id: "8e69b4fd-ab4f-4a17-9f80-db81f229b2f7"
                  }
                ],
                free_slots: 16
              }
            ]
     stacktrace:
       test/xaas/ultracode/recipe_worker_test.exs:122: (test)

......00:51:34.348 [warning] [recipe-worker] target pins %{"elixir" => "0.0.0-absent"} not installed under /Users/sac/.cache/tmp/xaas-recipe-test-asdf-empty-1790149894287-28356; falling back to the running node's toolchain (/opt/homebrew/bin/mix)
.
Finished in 2.4 seconds (0.00s async, 2.4s sync)
15 tests, 3 failures
