## decoy pid 32026 started 2026-09-23T21:17:10Z
## decoy visible to pgrep -f 'zcode.js --prompt' before: yes
  PID  PGID COMMAND
32026 32018 node bin/zcode.js --prompt /xaas R1-X-PGREP-external-decoy 1500
## pgrep -fl 'zcode.js --prompt' before:
32026 node bin/zcode.js --prompt /xaas R1-X-PGREP-external-decoy 1500
## HEAD c614b9a54bd466444290c2c6eeebf114fadc9028 porcelain=[]
## cmd: elixir --version && mix format --check-formatted && MIX_ENV=test mix compile --force --warnings-as-errors && mix test test/xaas/ultracode/dispatch_test.exs
Erlang/OTP 28 [erts-16.4.0.2] [source] [64-bit] [smp:16:16] [ds:16:16:10] [async-threads:1] [jit]

Elixir 1.20.2 (compiled with Erlang/OTP 28)
    warning: Application.get_env/2 is discouraged in the module body, use Application.compile_env/3 instead
    │
 12 │   if is_nil(Application.get_env(:ash, :default_string_length_count)) do
    │                         ~
    │
    └─ /Users/sac/wt/v26922/v23/R1-X-PGREP/deps/ex4pm/mix.exs:12:25: Ex4pm.MixProject (module)

    warning: Application.get_env/2 is discouraged in the module body, use Application.compile_env/3 instead
    │
 12 │   if is_nil(Application.get_env(:ash, :default_string_length_count)) do
    │                         ~
    │
    └─ /Users/sac/wt/v26922/v23/R1-X-PGREP/deps/ex4pm/mix.exs:12:25: Ex4pm.MixProject (module)

Compiling 520 files (.ex)
Generated xaas app
    warning: Application.get_env/2 is discouraged in the module body, use Application.compile_env/3 instead
    │
 12 │   if is_nil(Application.get_env(:ash, :default_string_length_count)) do
    │                         ~
    │
    └─ /Users/sac/wt/v26922/v23/R1-X-PGREP/deps/ex4pm/mix.exs:12:25: Ex4pm.MixProject (module)

14:17:32.345 [warning] [ex_money] Automatically starting the exchange rate service is deprecated. Set `auto_start_exchange_rate_service: false` and, if you use the service, add `Money.ExchangeRates.Retriever` to your supervision tree.
14:17:32.807 [warning] Xaas.Sa2a.Bridge not started: "autofde" executable not found on PATH. sa2a-bridge-pack edges (validate/admit/plan/execute/replay) are unavailable until autofde-lab (https://github.com/seanchatmangpt/autofde-lab) is installed and its "autofde" console script is on PATH.
14:17:33.155 [warning] node not running in distributed mode. When running outside of a release, you must start net_kernel manually with
longnames.
https://www.erlang.org/doc/man/net_kernel.html#start-2

14:17:33.272 [warning] Received an unhandled response from Grafana because: {:error, %Finch.TransportError{reason: :nxdomain, source: %Mint.TransportError{reason: :nxdomain}}}
14:17:33.273 [warning] PromEx.DashboardUploader failed to upload /Users/sac/wt/v26922/v23/R1-X-PGREP/_build/test/lib/prom_ex/priv/application.json.eex to Grafana: :unkown
14:17:33.295 [warning] Received an unhandled response from Grafana because: {:error, %Finch.TransportError{reason: :nxdomain, source: %Mint.TransportError{reason: :nxdomain}}}
14:17:33.295 [warning] PromEx.DashboardUploader failed to upload /Users/sac/wt/v26922/v23/R1-X-PGREP/_build/test/lib/prom_ex/priv/beam.json.eex to Grafana: :unkown
14:17:33.313 [warning] Received an unhandled response from Grafana because: {:error, %Finch.TransportError{reason: :nxdomain, source: %Mint.TransportError{reason: :nxdomain}}}
14:17:33.313 [warning] PromEx.DashboardUploader failed to upload /Users/sac/wt/v26922/v23/R1-X-PGREP/_build/test/lib/prom_ex/priv/phoenix.json.eex to Grafana: :unkown
Running ExUnit with seed: 289392, max_cases: 32
Excluding tags: [:stress, :kind, :requires_cnv_deploy, :external, :external_llm, :subprocess, :property, :castle_kernel]

14:17:33.324 [warning] Received an unhandled response from Grafana because: {:error, %Finch.TransportError{reason: :nxdomain, source: %Mint.TransportError{reason: :nxdomain}}}
14:17:33.324 [warning] PromEx.DashboardUploader failed to upload /Users/sac/wt/v26922/v23/R1-X-PGREP/_build/test/lib/prom_ex/priv/ecto.json.eex to Grafana: :unkown
14:17:33.335 [warning] Received an unhandled response from Grafana because: {:error, %Finch.TransportError{reason: :nxdomain, source: %Mint.TransportError{reason: :nxdomain}}}
14:17:33.335 [warning] PromEx.DashboardUploader failed to upload /Users/sac/wt/v26922/v23/R1-X-PGREP/_build/test/lib/prom_ex/priv/phoenix_live_view.json.eex to Grafana: :unkown
14:17:33.338 [warning] Received an unhandled response from Grafana because: {:error, %Finch.TransportError{reason: :nxdomain, source: %Mint.TransportError{reason: :nxdomain}}}
14:17:33.338 [warning] PromEx.DashboardUploader failed to upload /Users/sac/wt/v26922/v23/R1-X-PGREP/_build/test/lib/xaas/priv/grafana_dashboards/infrastructure.json to Grafana: :unkown
.......14:17:37.633 [warning] [ultracode] dispatch failover-class outcome (attempt 1); retrying once after 10ms
14:17:37.635 [warning] [ultracode] dispatch failover-class outcome (attempt 1); retrying once after 10ms
................14:17:41.466 [warning] [ultracode] dispatch failover-class outcome (attempt 1); retrying once after 10ms
..14:17:42.058 [warning] [ultracode] dispatch failover-class outcome (attempt 1); retrying once after 10ms
.......
Finished in 11.6 seconds (0.00s async, 11.6s sync)

Result: 32 passed
## exit 0
## decoy 32026 alive and visible to pgrep -f 'zcode.js --prompt' at end: yes
## pgrep -fl 'zcode.js --prompt' after:
32026 node bin/zcode.js --prompt /xaas R1-X-PGREP-external-decoy 1500
## decoy stopped 2026-09-23T21:17:45Z
