## decoy pid 34563 started 2026-09-23T21:18:39Z
## decoy visible to pgrep -f 'zcode.js --prompt' before: yes
  PID  PGID COMMAND
34563 34556 node bin/zcode.js --prompt /xaas R1-X-PGREP-external-decoy 1500
## pgrep -fl 'zcode.js --prompt' before:
34563 node bin/zcode.js --prompt /xaas R1-X-PGREP-external-decoy 1500
## HEAD c614b9a54bd466444290c2c6eeebf114fadc9028 porcelain=[]
## cmd: elixir --version | tail -1 && mix test test/xaas/ultracode/dispatch_test.exs:600 --repeat-until-failure 10
Elixir 1.20.2 (compiled with Erlang/OTP 28)
    warning: Application.get_env/2 is discouraged in the module body, use Application.compile_env/3 instead
    │
 12 │   if is_nil(Application.get_env(:ash, :default_string_length_count)) do
    │                         ~
    │
    └─ /Users/sac/wt/v26922/v23/R1-X-PGREP/deps/ex4pm/mix.exs:12:25: Ex4pm.MixProject (module)

Compiling 1 file (.ex)
14:18:42.047 [warning] [ex_money] Automatically starting the exchange rate service is deprecated. Set `auto_start_exchange_rate_service: false` and, if you use the service, add `Money.ExchangeRates.Retriever` to your supervision tree.
14:18:42.438 [warning] Xaas.Sa2a.Bridge not started: "autofde" executable not found on PATH. sa2a-bridge-pack edges (validate/admit/plan/execute/replay) are unavailable until autofde-lab (https://github.com/seanchatmangpt/autofde-lab) is installed and its "autofde" console script is on PATH.
14:18:42.766 [warning] node not running in distributed mode. When running outside of a release, you must start net_kernel manually with
longnames.
https://www.erlang.org/doc/man/net_kernel.html#start-2

14:18:42.841 [warning] Received an unhandled response from Grafana because: {:error, %Finch.TransportError{reason: :nxdomain, source: %Mint.TransportError{reason: :nxdomain}}}
14:18:42.841 [warning] PromEx.DashboardUploader failed to upload /Users/sac/wt/v26922/v23/R1-X-PGREP/_build/test/lib/prom_ex/priv/application.json.eex to Grafana: :unkown
14:18:42.858 [warning] Received an unhandled response from Grafana because: {:error, %Finch.TransportError{reason: :nxdomain, source: %Mint.TransportError{reason: :nxdomain}}}
14:18:42.858 [warning] PromEx.DashboardUploader failed to upload /Users/sac/wt/v26922/v23/R1-X-PGREP/_build/test/lib/prom_ex/priv/beam.json.eex to Grafana: :unkown
14:18:42.869 [warning] Received an unhandled response from Grafana because: {:error, %Finch.TransportError{reason: :nxdomain, source: %Mint.TransportError{reason: :nxdomain}}}
14:18:42.869 [warning] PromEx.DashboardUploader failed to upload /Users/sac/wt/v26922/v23/R1-X-PGREP/_build/test/lib/prom_ex/priv/phoenix.json.eex to Grafana: :unkown
14:18:42.878 [warning] Received an unhandled response from Grafana because: {:error, %Finch.TransportError{reason: :nxdomain, source: %Mint.TransportError{reason: :nxdomain}}}
14:18:42.878 [warning] PromEx.DashboardUploader failed to upload /Users/sac/wt/v26922/v23/R1-X-PGREP/_build/test/lib/prom_ex/priv/ecto.json.eex to Grafana: :unkown
Running ExUnit with seed: 862097, max_cases: 32, remaining_runs: 10
Excluding tags: [:test]
Including tags: [location: {"test/xaas/ultracode/dispatch_test.exs", 600}]

14:18:42.887 [warning] Received an unhandled response from Grafana because: {:error, %Finch.TransportError{reason: :nxdomain, source: %Mint.TransportError{reason: :nxdomain}}}
14:18:42.887 [warning] PromEx.DashboardUploader failed to upload /Users/sac/wt/v26922/v23/R1-X-PGREP/_build/test/lib/prom_ex/priv/phoenix_live_view.json.eex to Grafana: :unkown
14:18:42.892 [warning] Received an unhandled response from Grafana because: {:error, %Finch.TransportError{reason: :nxdomain, source: %Mint.TransportError{reason: :nxdomain}}}
14:18:42.892 [warning] PromEx.DashboardUploader failed to upload /Users/sac/wt/v26922/v23/R1-X-PGREP/_build/test/lib/xaas/priv/grafana_dashboards/infrastructure.json to Grafana: :unkown
.
Finished in 2.8 seconds (0.00s async, 2.8s sync)

Result: 1 passed, 31 excluded
Running ExUnit with seed: 776738, max_cases: 32, remaining_runs: 9
Excluding tags: [:test]
Including tags: [location: {"test/xaas/ultracode/dispatch_test.exs", 600}]

.
Finished in 2.1 seconds (0.00s async, 2.1s sync)

Result: 1 passed, 31 excluded
Running ExUnit with seed: 977527, max_cases: 32, remaining_runs: 8
Excluding tags: [:test]
Including tags: [location: {"test/xaas/ultracode/dispatch_test.exs", 600}]

.
Finished in 2.1 seconds (0.00s async, 2.1s sync)

Result: 1 passed, 31 excluded
Running ExUnit with seed: 176471, max_cases: 32, remaining_runs: 7
Excluding tags: [:test]
Including tags: [location: {"test/xaas/ultracode/dispatch_test.exs", 600}]

.
Finished in 2.2 seconds (0.00s async, 2.2s sync)

Result: 1 passed, 31 excluded
Running ExUnit with seed: 384406, max_cases: 32, remaining_runs: 6
Excluding tags: [:test]
Including tags: [location: {"test/xaas/ultracode/dispatch_test.exs", 600}]

.
Finished in 2.2 seconds (0.00s async, 2.2s sync)

Result: 1 passed, 31 excluded
Running ExUnit with seed: 609517, max_cases: 32, remaining_runs: 5
Excluding tags: [:test]
Including tags: [location: {"test/xaas/ultracode/dispatch_test.exs", 600}]

.
Finished in 2.2 seconds (0.00s async, 2.2s sync)

Result: 1 passed, 31 excluded
Running ExUnit with seed: 843205, max_cases: 32, remaining_runs: 4
Excluding tags: [:test]
Including tags: [location: {"test/xaas/ultracode/dispatch_test.exs", 600}]

.
Finished in 2.2 seconds (0.00s async, 2.2s sync)

Result: 1 passed, 31 excluded
Running ExUnit with seed: 67976, max_cases: 32, remaining_runs: 3
Excluding tags: [:test]
Including tags: [location: {"test/xaas/ultracode/dispatch_test.exs", 600}]

.
Finished in 2.2 seconds (0.00s async, 2.2s sync)

Result: 1 passed, 31 excluded
Running ExUnit with seed: 269501, max_cases: 32, remaining_runs: 2
Excluding tags: [:test]
Including tags: [location: {"test/xaas/ultracode/dispatch_test.exs", 600}]

.
Finished in 2.1 seconds (0.00s async, 2.1s sync)

Result: 1 passed, 31 excluded
Running ExUnit with seed: 465892, max_cases: 32, remaining_runs: 1
Excluding tags: [:test]
Including tags: [location: {"test/xaas/ultracode/dispatch_test.exs", 600}]

.
Finished in 2.2 seconds (0.00s async, 2.2s sync)

Result: 1 passed, 31 excluded
Running ExUnit with seed: 670154, max_cases: 32, remaining_runs: 0
Excluding tags: [:test]
Including tags: [location: {"test/xaas/ultracode/dispatch_test.exs", 600}]

.
Finished in 2.2 seconds (0.00s async, 2.2s sync)

Result: 1 passed, 31 excluded
## exit 0
## decoy 34563 alive and visible to pgrep -f 'zcode.js --prompt' at end: yes
## pgrep -fl 'zcode.js --prompt' after:
34563 node bin/zcode.js --prompt /xaas R1-X-PGREP-external-decoy 1500
## decoy stopped 2026-09-23T21:19:07Z
