## 2026-09-23T21:19:54Z HEAD c614b9a54bd466444290c2c6eeebf114fadc9028
/Users/sac/.asdf/installs/elixir/1.20.2-otp-28/bin/elixir
/Users/sac/.asdf/installs/elixir/1.20.2-otp-28/bin/mix
/Users/sac/.asdf/installs/erlang/28.5.0.2/bin/erl
Erlang/OTP 28 [erts-16.4.0.2] [source] [64-bit] [smp:16:16] [ds:16:16:10] [async-threads:1] [jit]

Elixir 1.20.2 (compiled with Erlang/OTP 28)
otp_release 28 erts 16.4.0.2
github-cli 2.42.1
terraform 1.7.1
awscli 2.15.15
elixir 1.20.2-otp-28
erlang 28.5.0.2
postgres 15.2
packer 1.9.0
age 1.1.1
jq 1.7
sops 3.8.1
9d8343c16444361b29cc422fc3d70f659d824767bc47229ddacf4fb407f3161b  mix.lock
9d8343c16444361b29cc422fc3d70f659d824767bc47229ddacf4fb407f3161b  /Users/sac/wt/v26922/fri/xaas-int/mix.lock
/usr/bin/pgrep
/usr/bin/perl
ProductName:		macOS
ProductVersion:		26.2
BuildVersion:		25C56
git version 2.51.2
Python 3.14.3
