test/xaas_web/controllers/incident_controller_test.exs:198:      |> patch("/api/incidents/#{incident.id}", body)
test/xaas_web/controllers/incident_controller_test.exs:229:      |> patch("/api/incidents/#{incident.id}", body)
test/xaas_web/controllers/approval_geofence_exception_grant_controller_test.exs:59:      |> patch("/api/approval_geofence_exception_grant/#{id}", approve_body)
test/xaas_web/controllers/approval_geofence_exception_grant_controller_test.exs:94:      |> patch("/api/approval_geofence_exception_grant/#{change.id}", approve_body)
test/xaas_web/controllers/approval_k8s_fault_remediate_suggest_controller_test.exs:84:      |> patch("/api/approval_k8s_fault_remediate_suggest/#{pending.id}", body)
test/xaas_web/controllers/approval_k8s_fault_remediate_suggest_controller_test.exs:108:      |> patch("/api/approval_k8s_fault_remediate_suggest/#{pending.id}", body)
test/xaas_web/controllers/approval_k8s_fault_remediate_suggest_controller_test.exs:132:      |> patch("/api/approval_k8s_fault_remediate_suggest/#{pending.id}", body)
test/xaas_web/controllers/approval_k8s_fault_remediate_suggest_controller_test.exs:154:      |> patch("/api/approval_k8s_fault_remediate_suggest/#{pending.id}", body)
test/xaas_web/controllers/pentest_finding_controller_test.exs:228:      |> patch("/api/pentest_findings/#{finding.id}", body)
test/xaas_web/controllers/pentest_finding_controller_test.exs:257:      |> patch("/api/pentest_findings/#{finding.id}", body)
test/xaas_web/controllers/pentest_finding_controller_test.exs:289:      |> patch("/api/pentest_findings/#{already_remediating.id}", body)
test/xaas_web/controllers/pentest_finding_controller_test.exs:305:      |> patch("/api/pentest_findings/#{finding.id}", body)
test/xaas_web/controllers/approval_deployment_quarantine_controller_test.exs:77:      |> patch("/api/approval_deployment_quarantine/#{id}", approve_body)
test/xaas_web/controllers/approval_deployment_quarantine_controller_test.exs:127:      |> patch("/api/approval_deployment_quarantine/#{change.id}", approve_body)
test/xaas_web/controllers/approval_deployment_quarantine_controller_test.exs:232:      |> patch("/api/approval_deployment_quarantine/#{change.id}", approve_body)
test/xaas_web/controllers/approval_environment_promote_controller_test.exs:59:      |> patch("/api/approval_environment_promote/#{id}", approve_body)
test/xaas_web/controllers/approval_environment_promote_controller_test.exs:95:      |> patch("/api/approval_environment_promote/#{change.id}", approve_body)
test/xaas_web/controllers/approval_compliance_rotation_block_controller_test.exs:56:      |> patch("/api/approval_compliance_rotation_block/#{id}", approve_body)
test/xaas_web/controllers/approval_compliance_rotation_block_controller_test.exs:87:      |> patch("/api/approval_compliance_rotation_block/#{change.id}", approve_body)
test/xaas_web/controllers/route_orgs_custom_domain_controller_test.exs:126:      |> patch("/api/route_orgs_custom_domain/#{domain.id}", update_body)
test/xaas_web/controllers/route_orgs_custom_domain_controller_test.exs:260:      |> patch("/api/route_orgs_custom_domain/#{domain.id}", update_body)
test/xaas_web/controllers/approval_insurance_policy_update_controller_test.exs:61:      |> patch("/api/approval_insurance_policy_update/#{id}", approve_body)
test/xaas_web/controllers/approval_insurance_policy_update_controller_test.exs:99:      |> patch("/api/approval_insurance_policy_update/#{change.id}", approve_body)
test/xaas_web/controllers/approval_legal_hold_release_controller_test.exs:78:      |> patch("/api/approval_legal_hold_release/#{id}", approve_body)
test/xaas_web/controllers/approval_legal_hold_release_controller_test.exs:126:      |> patch("/api/approval_legal_hold_release/#{change.id}", approve_body)
test/xaas_web/controllers/approval_legal_hold_release_controller_test.exs:163:      |> patch("/api/approval_legal_hold_release/#{change.id}", approve_body)
test/xaas_web/controllers/approval_legal_hold_release_controller_test.exs:240:      |> patch("/api/approval_legal_hold_release/#{change.id}", approve_body)
test/xaas_web/controllers/approval_tier_downgrade_controller_test.exs:218:      |> patch("/api/approval_tier_downgrade/#{pending.id}", body)
test/xaas_web/controllers/approval_tier_downgrade_controller_test.exs:248:      |> patch("/api/approval_tier_downgrade/#{pending.id}", body)
test/xaas_web/controllers/approval_tier_downgrade_controller_test.exs:272:      |> patch("/api/approval_tier_downgrade/#{pending.id}", body)
test/xaas_web/controllers/approval_tier_downgrade_controller_test.exs:295:      |> patch("/api/approval_tier_downgrade/#{pending.id}", body)
test/xaas_web/controllers/approval_tier_downgrade_controller_test.exs:374:      |> patch("/api/approval_tier_downgrade/#{pending.id}", body)
test/xaas_web/controllers/approval_backup_retention_change_controller_test.exs:87:      |> patch("/api/approval_backup_retention_change/#{change.id}", body)
test/xaas_web/controllers/approval_backup_retention_change_controller_test.exs:126:      |> patch("/api/approval_backup_retention_change/#{change.id}", body)
test/xaas_web/controllers/approval_backup_retention_change_controller_test.exs:154:      |> patch("/api/approval_backup_retention_change/#{change.id}", body)
test/xaas_web/controllers/approval_backup_retention_change_controller_test.exs:180:      |> patch("/api/approval_backup_retention_change/#{change.id}", body)
test/xaas_web/controllers/approval_backup_retention_change_controller_test.exs:239:    |> patch("/api/approval_backup_retention_change/#{change.id}", body)
test/xaas_web/controllers/approval_backup_retention_change_controller_test.exs:276:    |> patch("/api/approval_backup_retention_change/#{change.id}", body)
test/xaas_web/controllers/approval_backup_retention_change_controller_test.exs:347:      |> patch("/api/approval_backup_retention_change/#{change.id}", body)
test/xaas_web/controllers/approval_personnel_attestation_record_controller_test.exs:64:      |> patch("/api/approval_personnel_attestation_record/#{id}", approve_body)
test/xaas_web/controllers/approval_personnel_attestation_record_controller_test.exs:99:      |> patch("/api/approval_personnel_attestation_record/#{change.id}", approve_body)
test/xaas_web/controllers/approval_personnel_attestation_record_controller_test.exs:128:      |> patch("/api/approval_personnel_attestation_record/#{change.id}", approve_body)
test/xaas_web/controllers/approval_dsar_erasure_controller_test.exs:55:      conn |> json_headers() |> patch("/api/approval_dsar_erasure/#{id}", approve_body)
test/xaas_web/controllers/resolve_org_actor_test.exs:159:      |> patch("/api/approval_dr_failover/#{row_b.id}", approve_body)
test/xaas_web/controllers/approval_dr_failover_controller_test.exs:105:      conn |> json_headers(org_id) |> patch("/api/approval_dr_failover/#{id}", approve_body)
test/xaas_web/controllers/approval_dr_failover_controller_test.exs:158:      |> patch("/api/approval_dr_failover/#{change.id}", approve_body)
test/xaas_web/controllers/approval_dr_failover_controller_test.exs:243:      |> patch("/api/approval_dr_failover/#{record.id}", approve_body)
test/xaas_web/controllers/approval_dr_failover_controller_test.exs:293:      |> patch("/api/approval_dr_failover/#{record.id}", approve_body)
test/xaas_web/controllers/approval_dr_failover_controller_test.exs:312:      |> patch("/api/approval_dr_failover/#{record.id}", approve_body)
test/xaas_web/controllers/org_controller_test.exs:119:    resp = conn |> json_headers(org.slug) |> patch("/api/orgs/#{org.id}", update_body)
test/xaas_web/controllers/org_controller_test.exs:167:    resp = conn |> json_headers(other_org.slug) |> patch("/api/orgs/#{owner_org.id}", update_body)
test/xaas_web/controllers/org_controller_test.exs:195:    resp = conn |> json_headers() |> patch("/api/orgs/#{org.id}", update_body)
test/xaas_web/controllers/org_controller_test.exs:218:      |> patch("/api/orgs/#{org.id}", update_body)
test/xaas_web/controllers/org_controller_test.exs:237:    resp = conn |> json_headers(org.slug) |> patch("/api/orgs/#{org.id}", update_body)
test/xaas_web/controllers/org_controller_test.exs:261:    resp = conn |> json_headers(org.slug) |> patch("/api/orgs/#{org.id}", update_body)
test/xaas_web/controllers/approval_patch_sla_credit_apply_controller_test.exs:146:      |> patch("/api/approval_patch_sla_credit_apply/#{pending.id}", body)
test/xaas_web/controllers/approval_patch_sla_credit_apply_controller_test.exs:171:      |> patch("/api/approval_patch_sla_credit_apply/#{pending.id}", body)
test/xaas_web/controllers/approval_patch_sla_credit_apply_controller_test.exs:196:      |> patch("/api/approval_patch_sla_credit_apply/#{pending.id}", body)
test/xaas_web/controllers/approval_patch_sla_credit_apply_controller_test.exs:219:      |> patch("/api/approval_patch_sla_credit_apply/#{pending.id}", body)
test/xaas_web/controllers/approval_patch_sla_credit_apply_controller_test.exs:291:      |> patch("/api/approval_patch_sla_credit_apply/#{pending.id}", body)
test/xaas_web/controllers/approval_provider_status_change_controller_test.exs:87:      |> patch("/api/approval_provider_status_change/#{id}", approve_body)
test/xaas_web/controllers/approval_provider_status_change_controller_test.exs:126:      |> patch("/api/approval_provider_status_change/#{request.id}", approve_body)
test/xaas_web/controllers/approval_provider_status_change_controller_test.exs:164:      |> patch("/api/approval_provider_status_change/#{request.id}", approve_body)
test/xaas_web/controllers/approval_denied_party_override_controller_test.exs:60:      |> patch("/api/approval_denied_party_override/#{id}", approve_body)
test/xaas_web/controllers/approval_denied_party_override_controller_test.exs:95:      |> patch("/api/approval_denied_party_override/#{change.id}", approve_body)
test/xaas_web/controllers/approval_pricing_override_controller_test.exs:44:      |> patch("/api/approval_pricing_override/#{override.id}", body)
test/xaas_web/controllers/approval_pricing_override_controller_test.exs:71:      |> patch("/api/approval_pricing_override/#{override.id}", body)
test/xaas_web/controllers/approval_pricing_override_controller_test.exs:95:      |> patch("/api/approval_pricing_override/#{override.id}", body)
test/xaas_web/controllers/approval_pricing_override_controller_test.exs:117:      |> patch("/api/approval_pricing_override/#{override.id}", body)
test/xaas_web/controllers/approval_pentest_finding_resolve_controller_test.exs:80:      |> patch("/api/approval_pentest_finding_resolve/#{id}", approve_body)
test/xaas_web/controllers/approval_pentest_finding_resolve_controller_test.exs:145:      |> patch("/api/approval_pentest_finding_resolve/#{change.id}", approve_body)
test/xaas_web/controllers/approval_invoice_reconciliation_approve_controller_test.exs:84:      |> patch("/api/approval_invoice_reconciliation_approve/#{pending.id}", body)
test/xaas_web/controllers/approval_invoice_reconciliation_approve_controller_test.exs:108:      |> patch("/api/approval_invoice_reconciliation_approve/#{pending.id}", body)
test/xaas_web/controllers/approval_invoice_reconciliation_approve_controller_test.exs:132:      |> patch("/api/approval_invoice_reconciliation_approve/#{pending.id}", body)
test/xaas_web/controllers/approval_invoice_reconciliation_approve_controller_test.exs:154:      |> patch("/api/approval_invoice_reconciliation_approve/#{pending.id}", body)
test/xaas_web/controllers/route_feature_flags_controller_test.exs:78:      conn |> json_headers() |> patch("/api/route_feature_flags/#{flag.id}", update_body)
test/xaas_web/controllers/approval_sla_credit_apply_controller_test.exs:150:      |> patch("/api/approval_sla_credit_apply/#{pending.id}", body)
test/xaas_web/controllers/approval_sla_credit_apply_controller_test.exs:175:      |> patch("/api/approval_sla_credit_apply/#{pending.id}", body)
test/xaas_web/controllers/approval_sla_credit_apply_controller_test.exs:200:      |> patch("/api/approval_sla_credit_apply/#{pending.id}", body)
test/xaas_web/controllers/approval_sla_credit_apply_controller_test.exs:223:      |> patch("/api/approval_sla_credit_apply/#{pending.id}", body)
test/xaas_web/controllers/approval_sla_credit_apply_controller_test.exs:298:      |> patch("/api/approval_sla_credit_apply/#{pending.id}", body)
test/xaas_web/controllers/marketplace_provider_controller_test.exs:165:      conn |> mutation_headers(org_id) |> patch("/api/marketplace_providers/#{provider.id}", body)
test/xaas_web/controllers/marketplace_provider_controller_test.exs:197:      |> patch("/api/marketplace_providers/#{provider.id}", body)
test/xaas_web/controllers/approval_le_request_respond_controller_test.exs:65:      |> patch("/api/approval_le_request_respond/#{id}", approve_body)
test/xaas_web/controllers/approval_le_request_respond_controller_test.exs:101:      |> patch("/api/approval_le_request_respond/#{change.id}", approve_body)
test/xaas_web/controllers/approval_le_request_respond_controller_test.exs:135:      |> patch("/api/approval_le_request_respond/#{change.id}", approve_body)
test/xaas_web/controllers/approval_export_subscription_update_controller_test.exs:64:      |> patch("/api/approval_export_subscription_update/#{id}", approve_body)
test/xaas_web/controllers/approval_export_subscription_update_controller_test.exs:103:      |> patch("/api/approval_export_subscription_update/#{change.id}", approve_body)
test/xaas_web/controllers/approval_export_subscription_update_controller_test.exs:137:      |> patch("/api/approval_export_subscription_update/#{change.id}", approve_body)
test/mix/tasks/xaas_verify_and_commit_test.exs:137:    # (containing the literal word "monkeypatch") would self-match and make
test/mix/tasks/xaas_verify_and_commit_test.exs:205:    File.write!(Path.join(tmp, "lib/uses_monkeypatch.ex"), "# calls monkeypatch here\n")
test/mix/tasks/xaas_verify_and_commit_test.exs:215:    assert output =~ "monkeypatch"
test/mix/tasks/xaas_verify_and_commit_test.exs:224:  test "mock-grep stage does not flag legitimate Phoenix patch/3 and Ash patch(:update) usage" do
test/mix/tasks/xaas_verify_and_commit_test.exs:229:    # `patch(:update)` DSL usage -- both previously false-positived on the
test/mix/tasks/xaas_verify_and_commit_test.exs:239:          _result = patch(conn, "/api/widgets/1", %{name: "updated"})
test/mix/tasks/xaas_verify_and_commit_test.exs:243:        defp patch(conn, _path, _params), do: conn
test/mix/tasks/xaas_verify_and_commit_test.exs:252:        # Ash DSL-style usage: patch(:update)
test/mix/tasks/xaas_verify_and_commit_test.exs:254:          [patch(:update)]
test/mix/tasks/xaas_verify_and_commit_test.exs:257:        defp patch(action), do: action
test/xaas_web/controllers/audit_export_token_controller_test.exs:203:      |> patch("/api/audit_export_tokens/#{token.id}", body)
test/xaas_web/controllers/audit_export_token_controller_test.exs:230:      |> patch("/api/audit_export_tokens/#{token.id}", body)
test/xaas_web/controllers/audit_export_token_controller_test.exs:261:      |> patch("/api/audit_export_tokens/#{already_revoked.id}", body)
test/xaas_web/controllers/audit_export_token_controller_test.exs:277:      |> patch("/api/audit_export_tokens/#{token.id}", body)
test/xaas/generation_test.exs:7:  `unittest.mock`/`Mox`/stubbed collaborators.
test/xaas/planning/regime_router_test.exs:63:      assert {:error, {:unsupported, :pddl, reason}} = RegimeRouter.dispatch(features, %{})
test/xaas/planning/regime_router_test.exs:68:      assert {:error, :no_admitted_formalism} = RegimeRouter.dispatch(features!(%{}), %{})
test/xaas/library/ils_repo/sip2_adapter_test.exs:5:  of `ILSRepo` or of the socket. No `Mox`/`:meck`/`patch` anywhere in this
test/xaas/ultracode/wave_loop_test.exs:616:                 dispatcher: closing_dispatch()
test/xaas/ultracode/dispatch_test.exs:334:             Dispatch.dispatch(expected.id, cli_dir: cli_dir, node_path: @sh)
test/xaas/ultracode/dispatch_test.exs:349:             Dispatch.dispatch(epoch.id, cli_dir: cli_dir, node_path: @sh)
test/xaas/ultracode/dispatch_test.exs:358:             Dispatch.dispatch(epoch.id, cli_dir: cli_dir, node_path: @sh, provider: "zcode")
test/xaas/ultracode/dispatch_test.exs:384:      Dispatch.dispatch(epoch.id,
test/xaas/ultracode/dispatch_test.exs:436:      Dispatch.dispatch(epoch.id,
test/xaas/ultracode/dispatch_test.exs:493:      Dispatch.dispatch(epoch.id,
test/xaas/ultracode/dispatch_test.exs:530:      Dispatch.dispatch(epoch.id,
test/xaas/ultracode/dispatch_test.exs:562:      Dispatch.dispatch(epoch.id,
test/xaas/ultracode/dispatch_test.exs:587:      Dispatch.dispatch(epoch.id,
test/xaas/ultracode/dispatch_test.exs:626:      Dispatch.dispatch(epoch.id,
test/xaas/ultracode/dispatch_test.exs:688:      Dispatch.dispatch(epoch.id,
test/xaas/ultracode/dispatch_test.exs:861:          Task.async(fn -> Dispatch.dispatch(slot.epoch.id, slot.dispatch_opts) end)
test/xaas/ultracode/dispatch_test.exs:951:        Dispatch.dispatch(epoch.id,
test/xaas/ultracode/dispatch_test.exs:993:        Dispatch.dispatch(epoch.id,
test/xaas/ultracode/dispatch_test.exs:1051:          Dispatch.dispatch(epoch.id,
lib/xaas_web/live/next_read/reader_live.ex:134:    {:noreply, push_patch(socket, to: ~p"/next-read?grade=#{grade}")}
lib/mix/tasks/xaas.verify_and_commit.ex:140:          "unittest\\.mock|Mock\\(|MagicMock|monkeypatch|Mox\\b|:meck|meck\\.",
lib/xaas/platform/webhook_delivery.ex:111:      patch(:record_attempt)
lib/xaas/platform/route_orgs_custom_domain.ex:74:      patch(:update)
lib/xaas/platform/route_feature_flags.ex:62:      patch(:update)
lib/xaas/marketplace/approval_provider_status_change.ex:83:      patch(:approve)
lib/xaas/marketplace/provider.ex:58:      patch(:update)
lib/xaas/planning/regime_router.ex:85:  @spec dispatch(ProblemFeatures.t(), term()) ::
lib/xaas/planning/regime_router.ex:101:  def dispatch(%ProblemFeatures{} = features, _problem) do
lib/xaas/planning/regime_router_step.ex:25:    RegimeRouter.dispatch(features, problem)
lib/xaas/platform/changes/deliver_webhook.ex:62:      dispatch(delivery, loaded.webhook)
lib/xaas/platform/changes/deliver_webhook.ex:74:  defp dispatch(delivery, webhook) do
lib/xaas/operations/incident.ex:108:      patch(:update)
lib/xaas/operations/approval_k8s_fault_remediate_suggest.ex:70:      patch(:approve)
lib/xaas/operations/approval_castle_verb_schedule.ex:70:      patch(:approve)
lib/xaas/ultracode/dispatch.ex:215:  @spec dispatch(Epoch.t() | String.t(), keyword()) :: {:ok, result() | map()} | {:error, term()}
lib/xaas/ultracode/dispatch.ex:216:  def dispatch(epoch_or_id, opts \\ []) do
lib/xaas/ultracode/dispatch.ex:249:    dispatch(epoch, Map.get(ctx, :dispatch_opts, []))
lib/xaas/ultracode/wave_loop.ex:190:      result = dispatch(epoch, opts)
lib/xaas/ultracode/wave_loop.ex:341:  defp dispatch(epoch, opts) do
lib/xaas/ultracode/semantic_wave.ex:45:        |> Task.async_stream(&dispatch(&1, ctx),
lib/xaas/ultracode/semantic_wave.ex:108:  defp dispatch(%Epoch{} = epoch, ctx) do
lib/xaas/accounts/org.ex:184:      patch(:update)
lib/xaas/governance/approval_sso_role_mapping_update.ex:61:      patch(:approve)
lib/xaas/governance/approval_change_of_control_notify.ex:61:      patch(:approve)
lib/xaas/governance/approval_cmek_key_binding.ex:56:      patch(:approve)
lib/xaas/governance/approval_backup_retention_change.ex:64:      patch(:approve)
lib/xaas/governance/approval_freeze_override.ex:86:      patch(:approve)
lib/xaas/governance/approval_vendor_offboarding_attestation_issue.ex:61:      patch(:approve)
lib/xaas/governance/approval_geofence_exception_grant.ex:61:      patch(:approve)
lib/xaas/governance/approval_compliance_rotation_block.ex:58:      patch(:approve)
lib/xaas/governance/pentest_finding.ex:81:      patch(:remediate)
lib/xaas/governance/data_destruction_certificate_issue.ex:61:      patch(:approve)
lib/xaas/governance/approval_insurance_policy_update.ex:62:      patch(:approve)
lib/xaas/governance/approval_export_subscription_update.ex:61:      patch(:approve)
lib/xaas/governance/audit_export_token.ex:53:      patch(:revoke)
lib/xaas/governance/approval_org_delete.ex:60:      patch(:approve)
lib/xaas/governance/approval_dr_failover.ex:63:      patch(:approve)
lib/xaas/governance/approval_legal_hold_release.ex:62:      patch(:approve)
lib/xaas/governance/approval_denied_party_override.ex:62:      patch(:approve)
lib/xaas/governance/approval_pentest_finding_resolve.ex:57:      patch(:approve)
lib/xaas/governance/approval_subprocessor_registry_update.ex:61:      patch(:approve)
lib/xaas/governance/approval_deployment_quarantine.ex:79:      patch(:approve)
lib/xaas/governance/approval_le_request_respond.ex:62:      patch(:approve)
lib/xaas/governance/approval_environment_promote.ex:61:      patch(:approve)
lib/xaas/governance/approval_source_escrow_snapshot.ex:62:      patch(:approve)
lib/xaas/governance/approval_break_glass_justification_review.ex:63:      patch(:approve)
lib/xaas/governance/approval_personnel_attestation_record.ex:61:      patch(:approve)
lib/xaas/governance/approval_dsar_erasure.ex:58:      patch(:approve)
lib/xaas/billing/approval_sla_credit_apply.ex:90:      patch(:approve)
lib/xaas/billing/approval_pricing_override.ex:65:      patch(:approve)
lib/xaas/billing/approval_patch_sla_credit_apply.ex:84:      patch(:approve)
lib/xaas/billing/approval_tier_downgrade.ex:123:      patch(:approve)
lib/xaas/billing/approval_quota_override.ex:70:      patch(:approve)
lib/xaas/billing/approval_invoice_reconciliation_approve.ex:70:      patch(:approve)
