HEAD=7fec9d883580984ef8ac623c210b9985652d4398 GGEN_IGNITER_DIR=/Users/sac/wt/v26922/v23/V23-D-gi MIX_TEST_PARTITION=_v23d
    warning: Application.get_env/2 is discouraged in the module body, use Application.compile_env/3 instead
    │
 12 │   if is_nil(Application.get_env(:ash, :default_string_length_count)) do
    │                         ~
    │
    └─ /Users/sac/wt/v26922/v23/V23-D/deps/ex4pm/mix.exs:12:25: Ex4pm.MixProject (module)

FORMAT_EXIT=0
    warning: Application.get_env/2 is discouraged in the module body, use Application.compile_env/3 instead
    │
 12 │   if is_nil(Application.get_env(:ash, :default_string_length_count)) do
    │                         ~
    │
    └─ /Users/sac/wt/v26922/v23/V23-D/deps/ex4pm/mix.exs:12:25: Ex4pm.MixProject (module)

Compiling 512 files (.ex)
Generated xaas app
COMPILE_EXIT=0
    warning: Application.get_env/2 is discouraged in the module body, use Application.compile_env/3 instead
    │
 12 │   if is_nil(Application.get_env(:ash, :default_string_length_count)) do
    │                         ~
    │
    └─ /Users/sac/wt/v26922/v23/V23-D/deps/ex4pm/mix.exs:12:25: Ex4pm.MixProject (module)

02:51:50.620 [warning] [ex_money] Automatically starting the exchange rate service is deprecated. Set `auto_start_exchange_rate_service: false` and, if you use the service, add `Money.ExchangeRates.Retriever` to your supervision tree.
02:51:51.170 [warning] Xaas.Sa2a.Bridge not started: "autofde" executable not found on PATH. sa2a-bridge-pack edges (validate/admit/plan/execute/replay) are unavailable until autofde-lab (https://github.com/seanchatmangpt/autofde-lab) is installed and its "autofde" console script is on PATH.
02:51:51.445 [warning] node not running in distributed mode. When running outside of a release, you must start net_kernel manually with
longnames.
https://www.erlang.org/doc/man/net_kernel.html#start-2

02:51:51.520 [warning] Received an unhandled response from Grafana because: {:error, %Finch.TransportError{reason: :nxdomain, source: %Mint.TransportError{reason: :nxdomain}}}
02:51:51.521 [warning] PromEx.DashboardUploader failed to upload /Users/sac/wt/v26922/v23/V23-D/_build/test/lib/prom_ex/priv/application.json.eex to Grafana: :unkown
02:51:51.534 [warning] Received an unhandled response from Grafana because: {:error, %Finch.TransportError{reason: :nxdomain, source: %Mint.TransportError{reason: :nxdomain}}}
02:51:51.534 [warning] PromEx.DashboardUploader failed to upload /Users/sac/wt/v26922/v23/V23-D/_build/test/lib/prom_ex/priv/beam.json.eex to Grafana: :unkown
Running ExUnit with seed: 530119, max_cases: 32
02:51:51.546 [warning] Received an unhandled response from Grafana because: {:error, %Finch.TransportError{reason: :nxdomain, source: %Mint.TransportError{reason: :nxdomain}}}
02:51:51.546 [warning] PromEx.DashboardUploader failed to upload /Users/sac/wt/v26922/v23/V23-D/_build/test/lib/prom_ex/priv/phoenix.json.eex to Grafana: :unkown
Excluding tags: [:stress, :kind, :requires_cnv_deploy, :external, :external_llm, :subprocess, :property, :castle_kernel]

02:51:51.553 [warning] Received an unhandled response from Grafana because: {:error, %Finch.TransportError{reason: :nxdomain, source: %Mint.TransportError{reason: :nxdomain}}}
02:51:51.553 [warning] PromEx.DashboardUploader failed to upload /Users/sac/wt/v26922/v23/V23-D/_build/test/lib/prom_ex/priv/ecto.json.eex to Grafana: :unkown
02:51:51.563 [warning] Received an unhandled response from Grafana because: {:error, %Finch.TransportError{reason: :nxdomain, source: %Mint.TransportError{reason: :nxdomain}}}
02:51:51.563 [warning] PromEx.DashboardUploader failed to upload /Users/sac/wt/v26922/v23/V23-D/_build/test/lib/prom_ex/priv/phoenix_live_view.json.eex to Grafana: :unkown
02:51:51.566 [warning] Received an unhandled response from Grafana because: {:error, %Finch.TransportError{reason: :nxdomain, source: %Mint.TransportError{reason: :nxdomain}}}
02:51:51.566 [warning] PromEx.DashboardUploader failed to upload /Users/sac/wt/v26922/v23/V23-D/_build/test/lib/xaas/priv/grafana_dashboards/infrastructure.json to Grafana: :unkown
.........................................................................................02:52:16.701 [warning] [recipe-worker] target pins %{"elixir" => "0.0.0-absent"} not installed under /Users/sac/.cache/tmp/xaas-recipe-test-asdf-empty-1790157136654-25346; falling back to the running node's toolchain (/opt/homebrew/bin/mix)
........
Finished in 26.5 seconds (0.00s async, 26.5s sync)
97 tests, 0 failures
TEST_EXIT=0
