    warning: Application.get_env/2 is discouraged in the module body, use Application.compile_env/3 instead
    │
 12 │   if is_nil(Application.get_env(:ash, :default_string_length_count)) do
    │                         ~
    │
    └─ /Users/sac/wt/v26922/v23/V23-K/deps/ex4pm/mix.exs:12:25: Ex4pm.MixProject (module)

09:21:05.111 [warning] [ex_money] Automatically starting the exchange rate service is deprecated. Set `auto_start_exchange_rate_service: false` and, if you use the service, add `Money.ExchangeRates.Retriever` to your supervision tree.
09:21:05.783 [warning] Xaas.Sa2a.Bridge not started: "autofde" executable not found on PATH. sa2a-bridge-pack edges (validate/admit/plan/execute/replay) are unavailable until autofde-lab (https://github.com/seanchatmangpt/autofde-lab) is installed and its "autofde" console script is on PATH.
09:21:06.112 [warning] node not running in distributed mode. When running outside of a release, you must start net_kernel manually with
longnames.
https://www.erlang.org/doc/man/net_kernel.html#start-2

09:21:06.181 [warning] Received an unhandled response from Grafana because: {:error, %Finch.TransportError{reason: :nxdomain, source: %Mint.TransportError{reason: :nxdomain}}}
09:21:06.181 [warning] PromEx.DashboardUploader failed to upload /Users/sac/wt/v26922/v23/V23-K/_build/test/lib/prom_ex/priv/application.json.eex to Grafana: :unkown
09:21:06.193 [warning] Received an unhandled response from Grafana because: {:error, %Finch.TransportError{reason: :nxdomain, source: %Mint.TransportError{reason: :nxdomain}}}
09:21:06.193 [warning] PromEx.DashboardUploader failed to upload /Users/sac/wt/v26922/v23/V23-K/_build/test/lib/prom_ex/priv/beam.json.eex to Grafana: :unkown
09:21:06.202 [warning] Received an unhandled response from Grafana because: {:error, %Finch.TransportError{reason: :nxdomain, source: %Mint.TransportError{reason: :nxdomain}}}
09:21:06.202 [warning] PromEx.DashboardUploader failed to upload /Users/sac/wt/v26922/v23/V23-K/_build/test/lib/prom_ex/priv/phoenix.json.eex to Grafana: :unkown
09:21:06.209 [warning] Received an unhandled response from Grafana because: {:error, %Finch.TransportError{reason: :nxdomain, source: %Mint.TransportError{reason: :nxdomain}}}
09:21:06.209 [warning] PromEx.DashboardUploader failed to upload /Users/sac/wt/v26922/v23/V23-K/_build/test/lib/prom_ex/priv/ecto.json.eex to Grafana: :unkown
09:21:06.216 [warning] Received an unhandled response from Grafana because: {:error, %Finch.TransportError{reason: :nxdomain, source: %Mint.TransportError{reason: :nxdomain}}}
09:21:06.216 [warning] PromEx.DashboardUploader failed to upload /Users/sac/wt/v26922/v23/V23-K/_build/test/lib/prom_ex/priv/phoenix_live_view.json.eex to Grafana: :unkown
09:21:06.218 [warning] Received an unhandled response from Grafana because: {:error, %Finch.TransportError{reason: :nxdomain, source: %Mint.TransportError{reason: :nxdomain}}}
09:21:06.219 [warning] PromEx.DashboardUploader failed to upload /Users/sac/wt/v26922/v23/V23-K/_build/test/lib/xaas/priv/grafana_dashboards/infrastructure.json to Grafana: :unkown
Running ExUnit with seed: 447398, max_cases: 32
Excluding tags: [:test]
Including tags: [location: {"test/sjira/v26_9_23_goal_test.exs", 734}]



  1) test courts/gi_mix.sh runs mix in GGEN_IGNITER_DIR against a private build copy and writes nothing there (Xaas.Sjira.V26923GoalTest)
     test/sjira/v26_9_23_goal_test.exs:734
     /Users/sac/.cache/tmp/v23_gi_mix_probe_130/_build/test
     code: assert String.starts_with?(build_path, private_root), build_path
     stacktrace:
       test/sjira/v26_9_23_goal_test.exs:776: (test)


Finished in 1.5 seconds (0.00s async, 1.5s sync)
1 test, 1 failure (29 excluded)
