    warning: Application.get_env/2 is discouraged in the module body, use Application.compile_env/3 instead
    │
 12 │   if is_nil(Application.get_env(:ash, :default_string_length_count)) do
    │                         ~
    │
    └─ /Users/sac/wt/v26922/v23/R1-X-GUARD/deps/ex4pm/mix.exs:12:25: Ex4pm.MixProject (module)

Compiling 1 file (.ex)
13:33:33.060 [warning] [ex_money] Automatically starting the exchange rate service is deprecated. Set `auto_start_exchange_rate_service: false` and, if you use the service, add `Money.ExchangeRates.Retriever` to your supervision tree.
13:33:33.920 [warning] Xaas.Sa2a.Bridge not started: "autofde" executable not found on PATH. sa2a-bridge-pack edges (validate/admit/plan/execute/replay) are unavailable until autofde-lab (https://github.com/seanchatmangpt/autofde-lab) is installed and its "autofde" console script is on PATH.
13:33:34.526 [warning] node not running in distributed mode. When running outside of a release, you must start net_kernel manually with
longnames.
https://www.erlang.org/doc/man/net_kernel.html#start-2

13:33:34.647 [warning] Received an unhandled response from Grafana because: {:error, %Finch.TransportError{reason: :nxdomain, source: %Mint.TransportError{reason: :nxdomain}}}
13:33:34.647 [warning] PromEx.DashboardUploader failed to upload /Users/sac/wt/v26922/v23/R1-X-GUARD/_build/test/lib/prom_ex/priv/application.json.eex to Grafana: :unkown
13:33:34.669 [warning] Received an unhandled response from Grafana because: {:error, %Finch.TransportError{reason: :nxdomain, source: %Mint.TransportError{reason: :nxdomain}}}
13:33:34.670 [warning] PromEx.DashboardUploader failed to upload /Users/sac/wt/v26922/v23/R1-X-GUARD/_build/test/lib/prom_ex/priv/beam.json.eex to Grafana: :unkown
13:33:34.684 [warning] Received an unhandled response from Grafana because: {:error, %Finch.TransportError{reason: :nxdomain, source: %Mint.TransportError{reason: :nxdomain}}}
13:33:34.684 [warning] PromEx.DashboardUploader failed to upload /Users/sac/wt/v26922/v23/R1-X-GUARD/_build/test/lib/prom_ex/priv/phoenix.json.eex to Grafana: :unkown
13:33:34.699 [warning] Received an unhandled response from Grafana because: {:error, %Finch.TransportError{reason: :nxdomain, source: %Mint.TransportError{reason: :nxdomain}}}
13:33:34.699 [warning] PromEx.DashboardUploader failed to upload /Users/sac/wt/v26922/v23/R1-X-GUARD/_build/test/lib/prom_ex/priv/ecto.json.eex to Grafana: :unkown
13:33:34.721 [warning] Received an unhandled response from Grafana because: {:error, %Finch.TransportError{reason: :nxdomain, source: %Mint.TransportError{reason: :nxdomain}}}
13:33:34.721 [warning] PromEx.DashboardUploader failed to upload /Users/sac/wt/v26922/v23/R1-X-GUARD/_build/test/lib/prom_ex/priv/phoenix_live_view.json.eex to Grafana: :unkown
13:33:34.727 [warning] Received an unhandled response from Grafana because: {:error, %Finch.TransportError{reason: :nxdomain, source: %Mint.TransportError{reason: :nxdomain}}}
13:33:34.727 [warning] PromEx.DashboardUploader failed to upload /Users/sac/wt/v26922/v23/R1-X-GUARD/_build/test/lib/xaas/priv/grafana_dashboards/infrastructure.json to Grafana: :unkown
Running ExUnit with seed: 734335, max_cases: 32
Excluding tags: [:stress, :kind, :requires_cnv_deploy, :external, :external_llm, :subprocess, :property, :castle_kernel]

..............................................
Finished in 298.0 seconds (9.7s async, 288.2s sync)

Result: 46 passed
