    warning: Application.get_env/2 is discouraged in the module body, use Application.compile_env/3 instead
    │
 12 │   if is_nil(Application.get_env(:ash, :default_string_length_count)) do
    │                         ~
    │
    └─ /Users/sac/wt/v26922/v23/R1-X-GUARD/deps/ex4pm/mix.exs:12:25: Ex4pm.MixProject (module)

13:27:37.316 [warning] [ex_money] Automatically starting the exchange rate service is deprecated. Set `auto_start_exchange_rate_service: false` and, if you use the service, add `Money.ExchangeRates.Retriever` to your supervision tree.
13:27:37.982 [warning] Xaas.Sa2a.Bridge not started: "autofde" executable not found on PATH. sa2a-bridge-pack edges (validate/admit/plan/execute/replay) are unavailable until autofde-lab (https://github.com/seanchatmangpt/autofde-lab) is installed and its "autofde" console script is on PATH.
13:27:38.731 [warning] node not running in distributed mode. When running outside of a release, you must start net_kernel manually with
longnames.
https://www.erlang.org/doc/man/net_kernel.html#start-2

13:27:38.847 [warning] Received an unhandled response from Grafana because: {:error, %Finch.TransportError{reason: :nxdomain, source: %Mint.TransportError{reason: :nxdomain}}}
13:27:38.847 [warning] PromEx.DashboardUploader failed to upload /Users/sac/wt/v26922/v23/R1-X-GUARD/_build/test/lib/prom_ex/priv/application.json.eex to Grafana: :unkown
13:27:38.861 [warning] Received an unhandled response from Grafana because: {:error, %Finch.TransportError{reason: :nxdomain, source: %Mint.TransportError{reason: :nxdomain}}}
13:27:38.861 [warning] PromEx.DashboardUploader failed to upload /Users/sac/wt/v26922/v23/R1-X-GUARD/_build/test/lib/prom_ex/priv/beam.json.eex to Grafana: :unkown
13:27:38.880 [warning] Received an unhandled response from Grafana because: {:error, %Finch.TransportError{reason: :nxdomain, source: %Mint.TransportError{reason: :nxdomain}}}
13:27:38.880 [warning] PromEx.DashboardUploader failed to upload /Users/sac/wt/v26922/v23/R1-X-GUARD/_build/test/lib/prom_ex/priv/phoenix.json.eex to Grafana: :unkown
13:27:38.890 [warning] Received an unhandled response from Grafana because: {:error, %Finch.TransportError{reason: :nxdomain, source: %Mint.TransportError{reason: :nxdomain}}}
13:27:38.890 [warning] PromEx.DashboardUploader failed to upload /Users/sac/wt/v26922/v23/R1-X-GUARD/_build/test/lib/prom_ex/priv/ecto.json.eex to Grafana: :unkown
13:27:38.899 [warning] Received an unhandled response from Grafana because: {:error, %Finch.TransportError{reason: :nxdomain, source: %Mint.TransportError{reason: :nxdomain}}}
13:27:38.899 [warning] PromEx.DashboardUploader failed to upload /Users/sac/wt/v26922/v23/R1-X-GUARD/_build/test/lib/prom_ex/priv/phoenix_live_view.json.eex to Grafana: :unkown
13:27:38.902 [warning] Received an unhandled response from Grafana because: {:error, %Finch.TransportError{reason: :nxdomain, source: %Mint.TransportError{reason: :nxdomain}}}
13:27:38.902 [warning] PromEx.DashboardUploader failed to upload /Users/sac/wt/v26922/v23/R1-X-GUARD/_build/test/lib/xaas/priv/grafana_dashboards/infrastructure.json to Grafana: :unkown
Running ExUnit with seed: 970738, max_cases: 32
Excluding tags: [:stress, :kind, :requires_cnv_deploy, :external, :external_llm, :subprocess, :property, :castle_kernel]

.....

  1) test a prepared episode drives EP-A to ALIVE: equal hop digests, sealed + independently verified receipt, admitted R, conformant OCEL, closed frontier (Xaas.Ultracode.SemanticDriveTest)
     test/xaas/ultracode/semantic_drive_test.exs:105
     Assertion with == failed
     code:  assert git!(ctx.subject, ["diff", "--name-only", subject_sha, head]) == @drift
     left:  "lib/ggen_igniter/semantic_jira/bootstrap.ex\nlib/ggen_igniter/semantic_jira/cli.ex"
     right: "lib/ggen_igniter/semantic_jira/cli.ex"
     stacktrace:
       test/xaas/ultracode/semantic_drive_test.exs:212: (test)

.

  2) test a subject with no drift is REFUSED(no_delta) by the provider: no commit, no ledger change, EP-A stays on the frontier (Xaas.Ultracode.SemanticDriveTest)
     test/xaas/ultracode/semantic_drive_test.exs:348
     match (=) failed
     code:  assert {:refused,
             %{
               "standing" => "REFUSED(no_delta)",
               "broken_term" => "R_missing_consequence",
               "hop" => "provider"
             }} = drive(ctx, out, pin_ref: pin)
     left:  {:refused,
             %{
               "standing" => "REFUSED(no_delta)",
               "broken_term" => "R_missing_consequence",
               "hop" => "provider"
             }}
     right: {:ok,
             %{
               "artifacts" => ["contract.json", "descriptor.json",
                "drive.json", "frontier_after.json",
                "frontier_before.json", "hops.json", "ocel.json",
                "ocel2.json", "receipt.json", "receipt.r.json",
                "reconciler_receipt.json", "sa2a_task.json",
                "verification.json"],
               "checkpoint" => "https://ggen-igniter.dev/sjira/v26.9.23#GC-26.9.23",
               "dependents" => ["EP-B"],
               "finished_at" => "2026-09-23T20:28:41.215936Z",
               "frontier" => %{
                 "entered" => ["EP-B"],
                 "left" => ["EP-A"]
               },
               "graph_side" => %{
                 "ggen_igniter_dir" => "/Users/sac/wt/v26922/fri/ggen_igniter-int",
                 "ggen_igniter_sha" => "3937a4f89ecf2b7fa12068406377c05ec1a1b8fc",
                 "toolchain" => %{
                   "build_compiler" => %{
                     "elixir" => "1.19.5",
                     "otp" => "28"
                   },
                   "build_manifest" => "/Users/sac/.cache/tmp/xaas-drive-drive-all-899/build/test/lib/ggen_igniter/.mix/compile.elixir_scm",
                   "elixir" => "1.19.5",
                   "erlang" => "28",
                   "erts" => "running node (/Users/sac/.asdf/installs/erlang/28.5.0.2/bin)",
                   "mix" => "/Users/sac/.asdf/installs/elixir/1.19.5-otp-27/bin/mix",
                   "source" => "build_manifest"
                 }
               },
               "hops" => ["sjira", "sa2a", "xaas", "provider",
                "receipt"],
               "no_llm_guard" => "passed",
               "ocel" => %{
                 "equivalent" => true,
                 "events" => 11,
                 "not_reached" => ["MachineExperienceAdmitted"],
                 "objects" => 11,
                 "reached" => ["WorkOrderCreated",
                  "CapabilityResolved", "LeaseAcquired",
                  "ActuationStarted", "ActuationCompleted",
                  "VerificationCompleted", "ReceiptSealed",
                  "StandingChanged", "FrontierChanged"]
               },
               "order" => "EP-A",
               "provider" => %{
                 "capability" => "recipe:mix-format",
                 "executor" => "recipe-worker",
                 "provider" => "recipe"
               },
               "request_digest" => "sha256:d81a677ec0dccaa0168a5e6449ae3912c9de8507fe321b0261d728a36905c179",
               "schema" => "xaas/semantic-drive/v1",
               "standing" => "ALIVE",
               "started_at" => "2026-09-23T20:28:14.936274Z",
               "subject" => %{
                 "base_sha" => "3937a4f89ecf2b7fa12068406377c05ec1a1b8fc",
                 "head" => "7ec1d09c8f15dbf4721dbde720c5a5c7acea3377",
                 "pinned" => "t-nodelta-pin-1923",
                 "repo" => "/Users/sac/.cache/tmp/xaas-drive-drive-all-899/subject",
                 "repository" => "seanchatmangpt/ggen_igniter"
               },
               "transition" => %{
                 "authority" => "NONE",
                 "definition_digest" => "sha256:c1fa37aafcaffc6c821395b2d5662b4137b80fbe0fc894bb3b5432f36287b0df",
                 "event_digest" => "sha256:a2217796382b13189140825ce34154ef36e97695414379f922e24a4d99bfbf8a",
                 "from" => "UNKNOWN",
                 "identity" => "EP-A",
                 "kind" => "standing_transition_event",
                 "receipt_digest" => "sha256:a697539a0755e35385ec87da0e16f2d0f371fcae6ea58a8e7eb6ebaf0bca5e8b",
                 "seq" => 1,
                 "snapshot_digest" => "sha256:993c5274b98ba4ba485b37df1a8b27a7d736262b0eb3450922f961f0dec90c37",
                 "to" => "ALIVE",
                 "transition_digest" => "sha256:4c7fd97fe78662a9e776f094b937d866f63840d0b21bb57a79f6cc421ef05e28"
               },
               "tuple_digest" => "sha256:34c305fc089732f338a25114925215a3d8f7071957b999901f9781a0bc752cd2"
             }}
     stacktrace:
       test/xaas/ultracode/semantic_drive_test.exs:356: (test)

..........
Finished in 98.5 seconds (4.4s async, 94.1s sync)

Result: 16/18 passed
Failed: 2 tests
