    warning: Application.get_env/2 is discouraged in the module body, use Application.compile_env/3 instead
    │
 12 │   if is_nil(Application.get_env(:ash, :default_string_length_count)) do
    │                         ~
    │
    └─ /Users/sac/wt/v26922/v23/V23-L/deps/ex4pm/mix.exs:12:25: Ex4pm.MixProject (module)

Compiling 1 file (.ex)
Generated xaas app
08:59:03.983 [warning] [ex_money] Automatically starting the exchange rate service is deprecated. Set `auto_start_exchange_rate_service: false` and, if you use the service, add `Money.ExchangeRates.Retriever` to your supervision tree.
08:59:04.357 [warning] Xaas.Sa2a.Bridge not started: "autofde" executable not found on PATH. sa2a-bridge-pack edges (validate/admit/plan/execute/replay) are unavailable until autofde-lab (https://github.com/seanchatmangpt/autofde-lab) is installed and its "autofde" console script is on PATH.
08:59:04.639 [warning] node not running in distributed mode. When running outside of a release, you must start net_kernel manually with
longnames.
https://www.erlang.org/doc/man/net_kernel.html#start-2

08:59:04.717 [warning] Received an unhandled response from Grafana because: {:error, %Finch.TransportError{reason: :nxdomain, source: %Mint.TransportError{reason: :nxdomain}}}
08:59:04.718 [warning] PromEx.DashboardUploader failed to upload /Users/sac/wt/v26922/v23/V23-L/_build/test/lib/prom_ex/priv/application.json.eex to Grafana: :unkown
08:59:04.732 [warning] Received an unhandled response from Grafana because: {:error, %Finch.TransportError{reason: :nxdomain, source: %Mint.TransportError{reason: :nxdomain}}}
08:59:04.732 [warning] PromEx.DashboardUploader failed to upload /Users/sac/wt/v26922/v23/V23-L/_build/test/lib/prom_ex/priv/beam.json.eex to Grafana: :unkown
08:59:04.745 [warning] Received an unhandled response from Grafana because: {:error, %Finch.TransportError{reason: :nxdomain, source: %Mint.TransportError{reason: :nxdomain}}}
08:59:04.745 [warning] PromEx.DashboardUploader failed to upload /Users/sac/wt/v26922/v23/V23-L/_build/test/lib/prom_ex/priv/phoenix.json.eex to Grafana: :unkown
Running ExUnit with seed: 733750, max_cases: 32
08:59:04.753 [warning] Received an unhandled response from Grafana because: {:error, %Finch.TransportError{reason: :nxdomain, source: %Mint.TransportError{reason: :nxdomain}}}
08:59:04.753 [warning] PromEx.DashboardUploader failed to upload /Users/sac/wt/v26922/v23/V23-L/_build/test/lib/prom_ex/priv/ecto.json.eex to Grafana: :unkown
Excluding tags: [:stress, :kind, :requires_cnv_deploy, :external, :external_llm, :subprocess, :property, :castle_kernel]

08:59:04.761 [warning] Received an unhandled response from Grafana because: {:error, %Finch.TransportError{reason: :nxdomain, source: %Mint.TransportError{reason: :nxdomain}}}
08:59:04.761 [warning] PromEx.DashboardUploader failed to upload /Users/sac/wt/v26922/v23/V23-L/_build/test/lib/prom_ex/priv/phoenix_live_view.json.eex to Grafana: :unkown
08:59:04.763 [warning] Received an unhandled response from Grafana because: {:error, %Finch.TransportError{reason: :nxdomain, source: %Mint.TransportError{reason: :nxdomain}}}
08:59:04.763 [warning] PromEx.DashboardUploader failed to upload /Users/sac/wt/v26922/v23/V23-L/_build/test/lib/xaas/priv/grafana_dashboards/infrastructure.json to Grafana: :unkown
................

  1) test GC-26.9.23 registry: order receipts from <repo>/receipts/v26.9.23, then GGEN_IGNITER_DIR/receipts/v26.9.23 (--ggen-igniter-dir precedence) (Xaas.Sjira.V26923GoalTest)
     test/sjira/v26_9_23_goal_test.exs:924
     Assertion with == failed
     code:  assert stop["stop"]["order_receipt_dirs"] == [
              %{
                "dir" => Path.join(repo, "receipts/v26.9.23"),
                "origin" => "repo",
                "repo" => nil,
                "repo_head" => nil,
                "repo_head_why" => "directory absent"
              },
              %{
                "dir" => Path.join(ggen, "receipts/v26.9.23"),
                "origin" => "ggen_igniter",
                "repo" => ggen,
                "repo_head" => head(ggen),
                "repo_head_why" => nil
              }
            ]
     left:  [
              %{
                "dir" => "/Users/sac/.cache/tmp/v23_fixture_2179/receipts/v26.9.23",
                "origin" => "repo",
                "repo" => nil,
                "repo_head" => nil
              },
              %{
                "dir" => "/Users/sac/.cache/tmp/v23l_ggen_igniter_24388/receipts/v26.9.23",
                "origin" => "ggen_igniter",
                "repo" => "/Users/sac/.cache/tmp/v23l_ggen_igniter_24388",
                "repo_head" => "378cc820b4ac3691f8e67623dfb420de2439fe6b"
              }
            ]
     right: [
              %{
                "dir" => "/Users/sac/.cache/tmp/v23_fixture_2179/receipts/v26.9.23",
                "origin" => "repo",
                "repo" => nil,
                "repo_head" => nil,
                "repo_head_why" => "directory absent"
              },
              %{
                "dir" => "/Users/sac/.cache/tmp/v23l_ggen_igniter_24388/receipts/v26.9.23",
                "origin" => "ggen_igniter",
                "repo" => "/Users/sac/.cache/tmp/v23l_ggen_igniter_24388",
                "repo_head" => "378cc820b4ac3691f8e67623dfb420de2439fe6b",
                "repo_head_why" => nil
              }
            ]
     stacktrace:
       test/sjira/v26_9_23_goal_test.exs:947: (test)

....

  2) test an order whose receipt lives only in the second dir (GGEN_IGNITER_DIR) links ALIVE; the STOP receipt records that dir and repo HEAD (Xaas.Sjira.V26923GoalTest)
     test/sjira/v26_9_23_goal_test.exs:965
     Assertion with == failed
     code:  assert orders["WO-A"] == %{
              "order" => "WO-A",
              "tuple_digest" => digest,
              "verdict" => "ADMITTED",
              "linked" => true,
              "standing" => "ALIVE",
              "why_unlinked" => nil,
              "found_in" => [path],
              "receipt" => path,
              "receipt_sha256" => sha256_of(path),
              "dir" => dir,
              "origin" => "ggen_igniter",
              "repo" => ggen,
              "repo_head" => receipt_head,
              "repo_head_why" => nil,
              "committed_at_head" => true,
              "committed_at_head_why" => nil
            }
     left:  %{
              "committed_at_head" => true,
              "committed_at_head_why" => nil,
              "dir" => "/Users/sac/.cache/tmp/v23l_ggen_igniter_2435/receipts/v26.9.23",
              "found_in" => ["/Users/sac/.cache/tmp/v23l_ggen_igniter_2435/receipts/v26.9.23/WO-A.json"],
              "linked" => true,
              "order" => "WO-A",
              "origin" => "ggen_igniter",
              "receipt" => "/Users/sac/.cache/tmp/v23l_ggen_igniter_2435/receipts/v26.9.23/WO-A.json",
              "receipt_sha256" => "sha256:2f32f5c209ddbafac5cf7d0cb6d1391420300bd14da19289fe34165d1ce48832",
              "repo" => "/Users/sac/.cache/tmp/v23l_ggen_igniter_2435",
              "repo_head" => "31ad459d4dbf8b643408a06ef89b9fdd0e247945",
              "standing" => "ALIVE",
              "tuple_digest" => "sha256:8b6a15c0635ecb1a0e01249287ac77ac4d24e7656be97be50d5519ccaf1551a4",
              "verdict" => "ADMITTED",
              "why_unlinked" => nil
            }
     right: %{
              "committed_at_head" => true,
              "committed_at_head_why" => nil,
              "dir" => "/Users/sac/.cache/tmp/v23l_ggen_igniter_2435/receipts/v26.9.23",
              "found_in" => ["/Users/sac/.cache/tmp/v23l_ggen_igniter_2435/receipts/v26.9.23/WO-A.json"],
              "linked" => true,
              "order" => "WO-A",
              "origin" => "ggen_igniter",
              "receipt" => "/Users/sac/.cache/tmp/v23l_ggen_igniter_2435/receipts/v26.9.23/WO-A.json",
              "receipt_sha256" => "sha256:2f32f5c209ddbafac5cf7d0cb6d1391420300bd14da19289fe34165d1ce48832",
              "repo" => "/Users/sac/.cache/tmp/v23l_ggen_igniter_2435",
              "repo_head" => "31ad459d4dbf8b643408a06ef89b9fdd0e247945",
              "repo_head_why" => nil,
              "standing" => "ALIVE",
              "tuple_digest" => "sha256:8b6a15c0635ecb1a0e01249287ac77ac4d24e7656be97be50d5519ccaf1551a4",
              "verdict" => "ADMITTED",
              "why_unlinked" => nil
            }
     stacktrace:
       test/sjira/v26_9_23_goal_test.exs:986: (test)

......

  3) test the receipt-dir probe is typed: unborn HEAD, a checkout git cannot read, and SHA-256 HEADs are never 'no git checkout' (Xaas.Sjira.V26923GoalTest)
     test/sjira/v26_9_23_goal_test.exs:1185
     Assertion with =~ failed
     code:  assert out =~ "order receipts option #{unborn_dir} (#{unborn} @ unborn: #{why})"
     left:  "stop court GC-26.9.23 at ae064525e066517cce9853cf02ba9d5132702202\ngraph /Users/sac/.cache/tmp/v23_fixture_8450/goal/goal.ttl\ncourt env GGEN_IGNITER_DIR=/Users/sac/.cache/tmp/v23l_ggen_igniter_2563 XAAS_DIR=/Users/sac/.cache/tmp/v23_fixture_8450\norder receipts option /Users/sac/.cache/tmp/v23l_unborn_2627/receipts (no git checkout)\nGATE   BOUNDARY   STANDING       EXIT         SECS    RECEIPT            SOURCE\nGA     Core       ALIVE          0            0.0     ADMITTED           ran\norder WO-A standing=ALIVE receipt=ADMITTED digest=sha256:8b6a15c0635ecb1a0e01249287ac77ac4d24e7656be97be50d5519ccaf1551a4 from=option:/Users/sac/.cache/tmp/v23l_unborn_2627/receipts@-\nstop receipt /Users/sac/.cache/tmp/v23_fixture_8450/gate-receipts/STOP-GC-26.9.23.json ADMITTED\nSTOP=true\n"
     right: "order receipts option /Users/sac/.cache/tmp/v23l_unborn_2627/receipts (/Users/sac/.cache/tmp/v23l_unborn_2627 @ unborn: HEAD refs/heads/main has no commit (unborn branch))"
     stacktrace:
       test/sjira/v26_9_23_goal_test.exs:1203: (test)

...........
Finished in 25.9 seconds (0.00s async, 25.9s sync)
40 tests, 3 failures
