    warning: Application.get_env/2 is discouraged in the module body, use Application.compile_env/3 instead
    │
 12 │   if is_nil(Application.get_env(:ash, :default_string_length_count)) do
    │                         ~
    │
    └─ /Users/sac/wt/v26922/v23/V23-L/deps/ex4pm/mix.exs:12:25: Ex4pm.MixProject (module)

Compiling 1 file (.ex)
     warning: module attribute @object_id was set but never used
     │
 165 │   @object_id ~r/\A(?:[0-9a-f]{40}|[0-9a-f]{64})\z/
     │   ~~~~~~~~~~~~~~~~~~~~~~~~~~~~~~~~~~~~~~~~~~~~~~~~
     │
     └─ lib/mix/tasks/xaas.stop_court.ex:165: Mix.Tasks.Xaas.StopCourt (module)

Generated xaas app
08:58:44.539 [warning] [ex_money] Automatically starting the exchange rate service is deprecated. Set `auto_start_exchange_rate_service: false` and, if you use the service, add `Money.ExchangeRates.Retriever` to your supervision tree.
08:58:44.925 [warning] Xaas.Sa2a.Bridge not started: "autofde" executable not found on PATH. sa2a-bridge-pack edges (validate/admit/plan/execute/replay) are unavailable until autofde-lab (https://github.com/seanchatmangpt/autofde-lab) is installed and its "autofde" console script is on PATH.
08:58:45.208 [warning] node not running in distributed mode. When running outside of a release, you must start net_kernel manually with
longnames.
https://www.erlang.org/doc/man/net_kernel.html#start-2

08:58:45.284 [warning] Received an unhandled response from Grafana because: {:error, %Finch.TransportError{reason: :nxdomain, source: %Mint.TransportError{reason: :nxdomain}}}
08:58:45.285 [warning] PromEx.DashboardUploader failed to upload /Users/sac/wt/v26922/v23/V23-L/_build/test/lib/prom_ex/priv/application.json.eex to Grafana: :unkown
08:58:45.301 [warning] Received an unhandled response from Grafana because: {:error, %Finch.TransportError{reason: :nxdomain, source: %Mint.TransportError{reason: :nxdomain}}}
08:58:45.301 [warning] PromEx.DashboardUploader failed to upload /Users/sac/wt/v26922/v23/V23-L/_build/test/lib/prom_ex/priv/beam.json.eex to Grafana: :unkown
08:58:45.311 [warning] Received an unhandled response from Grafana because: {:error, %Finch.TransportError{reason: :nxdomain, source: %Mint.TransportError{reason: :nxdomain}}}
Running ExUnit with seed: 298182, max_cases: 32
08:58:45.311 [warning] PromEx.DashboardUploader failed to upload /Users/sac/wt/v26922/v23/V23-L/_build/test/lib/prom_ex/priv/phoenix.json.eex to Grafana: :unkown
Excluding tags: [:test]
Including tags: [location: {"test/sjira/v26_9_23_goal_test.exs", 1185}]

08:58:45.322 [warning] Received an unhandled response from Grafana because: {:error, %Finch.TransportError{reason: :nxdomain, source: %Mint.TransportError{reason: :nxdomain}}}
08:58:45.322 [warning] PromEx.DashboardUploader failed to upload /Users/sac/wt/v26922/v23/V23-L/_build/test/lib/prom_ex/priv/ecto.json.eex to Grafana: :unkown
08:58:45.329 [warning] Received an unhandled response from Grafana because: {:error, %Finch.TransportError{reason: :nxdomain, source: %Mint.TransportError{reason: :nxdomain}}}
08:58:45.329 [warning] PromEx.DashboardUploader failed to upload /Users/sac/wt/v26922/v23/V23-L/_build/test/lib/prom_ex/priv/phoenix_live_view.json.eex to Grafana: :unkown
08:58:45.331 [warning] Received an unhandled response from Grafana because: {:error, %Finch.TransportError{reason: :nxdomain, source: %Mint.TransportError{reason: :nxdomain}}}
08:58:45.331 [warning] PromEx.DashboardUploader failed to upload /Users/sac/wt/v26922/v23/V23-L/_build/test/lib/xaas/priv/grafana_dashboards/infrastructure.json to Grafana: :unkown


  1) test the receipt-dir probe is typed: unborn HEAD, a checkout git cannot read, and SHA-256 HEADs are never 'no git checkout' (Xaas.Sjira.V26923GoalTest)
     test/sjira/v26_9_23_goal_test.exs:1185
     Assertion with =~ failed
     code:  assert out =~ "order receipts option #{s256_dir} (#{s256} @ #{s256_head})"
     left:  "stop court GC-26.9.23 at 3835ac57df26adc591dabb313579d6b0492b4373\ngraph /Users/sac/.cache/tmp/v23_fixture_69/goal/goal.ttl\ncourt env GGEN_IGNITER_DIR=/Users/sac/.cache/tmp/v23l_ggen_igniter_5186 XAAS_DIR=/Users/sac/.cache/tmp/v23_fixture_69\norder receipts option /Users/sac/.cache/tmp/v23l_sha256_5378/receipts (/Users/sac/.cache/tmp/v23l_sha256_5378 git failed: {:not_an_object_id, \"f0b5ffa9b1323fe5e20a4db4807bba77ea391ac426cc0d16b7427065eba724bc\"})\nGATE   BOUNDARY   STANDING       EXIT         SECS    RECEIPT            SOURCE\nGA     Core       ALIVE          0            0.0     ADMITTED           ran\norder WO-A standing=ALIVE receipt=ADMITTED digest=sha256:8b6a15c0635ecb1a0e01249287ac77ac4d24e7656be97be50d5519ccaf1551a4 from=option:/Users/sac/.cache/tmp/v23l_sha256_5378/receipts@-\nstop receipt /Users/sac/.cache/tmp/v23_fixture_69/gate-receipts/STOP-GC-26.9.23.json ADMITTED\nSTOP=true\n"
     right: "order receipts option /Users/sac/.cache/tmp/v23l_sha256_5378/receipts (/Users/sac/.cache/tmp/v23l_sha256_5378 @ f0b5ffa9b1323fe5e20a4db4807bba77ea391ac426cc0d16b7427065eba724bc)"
     stacktrace:
       test/sjira/v26_9_23_goal_test.exs:1265: (test)


Finished in 2.8 seconds (0.00s async, 2.8s sync)
1 test, 1 failure (23 excluded)
