    warning: Application.get_env/2 is discouraged in the module body, use Application.compile_env/3 instead
    │
 12 │   if is_nil(Application.get_env(:ash, :default_string_length_count)) do
    │                         ~
    │
    └─ /Users/sac/wt/v26922/v23/V23-L/deps/ex4pm/mix.exs:12:25: Ex4pm.MixProject (module)

Compiling 1 file (.ex)
Generated xaas app
08:58:50.260 [warning] [ex_money] Automatically starting the exchange rate service is deprecated. Set `auto_start_exchange_rate_service: false` and, if you use the service, add `Money.ExchangeRates.Retriever` to your supervision tree.
08:58:50.640 [warning] Xaas.Sa2a.Bridge not started: "autofde" executable not found on PATH. sa2a-bridge-pack edges (validate/admit/plan/execute/replay) are unavailable until autofde-lab (https://github.com/seanchatmangpt/autofde-lab) is installed and its "autofde" console script is on PATH.
08:58:50.917 [warning] node not running in distributed mode. When running outside of a release, you must start net_kernel manually with
longnames.
https://www.erlang.org/doc/man/net_kernel.html#start-2

08:58:50.993 [warning] Received an unhandled response from Grafana because: {:error, %Finch.TransportError{reason: :nxdomain, source: %Mint.TransportError{reason: :nxdomain}}}
08:58:50.994 [warning] PromEx.DashboardUploader failed to upload /Users/sac/wt/v26922/v23/V23-L/_build/test/lib/prom_ex/priv/application.json.eex to Grafana: :unkown
08:58:51.006 [warning] Received an unhandled response from Grafana because: {:error, %Finch.TransportError{reason: :nxdomain, source: %Mint.TransportError{reason: :nxdomain}}}
08:58:51.006 [warning] PromEx.DashboardUploader failed to upload /Users/sac/wt/v26922/v23/V23-L/_build/test/lib/prom_ex/priv/beam.json.eex to Grafana: :unkown
08:58:51.017 [warning] Received an unhandled response from Grafana because: {:error, %Finch.TransportError{reason: :nxdomain, source: %Mint.TransportError{reason: :nxdomain}}}
08:58:51.017 [warning] PromEx.DashboardUploader failed to upload /Users/sac/wt/v26922/v23/V23-L/_build/test/lib/prom_ex/priv/phoenix.json.eex to Grafana: :unkown
Running ExUnit with seed: 6707, max_cases: 32
Excluding tags: [:test]
08:58:51.024 [warning] Received an unhandled response from Grafana because: {:error, %Finch.TransportError{reason: :nxdomain, source: %Mint.TransportError{reason: :nxdomain}}}
Including tags: [location: {"test/sjira/v26_9_23_goal_test.exs", 1185}]
08:58:51.024 [warning] PromEx.DashboardUploader failed to upload /Users/sac/wt/v26922/v23/V23-L/_build/test/lib/prom_ex/priv/ecto.json.eex to Grafana: :unkown

08:58:51.035 [warning] Received an unhandled response from Grafana because: {:error, %Finch.TransportError{reason: :nxdomain, source: %Mint.TransportError{reason: :nxdomain}}}
08:58:51.035 [warning] PromEx.DashboardUploader failed to upload /Users/sac/wt/v26922/v23/V23-L/_build/test/lib/prom_ex/priv/phoenix_live_view.json.eex to Grafana: :unkown
08:58:51.037 [warning] Received an unhandled response from Grafana because: {:error, %Finch.TransportError{reason: :nxdomain, source: %Mint.TransportError{reason: :nxdomain}}}
08:58:51.037 [warning] PromEx.DashboardUploader failed to upload /Users/sac/wt/v26922/v23/V23-L/_build/test/lib/xaas/priv/grafana_dashboards/infrastructure.json to Grafana: :unkown


  1) test the receipt-dir probe is typed: unborn HEAD, a checkout git cannot read, and SHA-256 HEADs are never 'no git checkout' (Xaas.Sjira.V26923GoalTest)
     test/sjira/v26_9_23_goal_test.exs:1185
     Assertion with =~ failed
     code:  assert out =~ "order receipts option #{unborn_dir} (#{unborn} @ unborn: #{why})"
     left:  "stop court GC-26.9.23 at 8ef8633155cb6174f8cc506016c6f0eb0f9ba9c2\ngraph /Users/sac/.cache/tmp/v23_fixture_707/goal/goal.ttl\ncourt env GGEN_IGNITER_DIR=/Users/sac/.cache/tmp/v23l_ggen_igniter_771 XAAS_DIR=/Users/sac/.cache/tmp/v23_fixture_707\norder receipts option /Users/sac/.cache/tmp/v23l_unborn_835/receipts (/Users/sac/.cache/tmp/v23l_unborn_835 git failed: {\"refs/heads/main\", {:git_failed, [\"rev-parse\", \"--verify\", \"HEAD\"], 128, \"fatal: Needed a single revision\"}})\nGATE   BOUNDARY   STANDING       EXIT         SECS    RECEIPT            SOURCE\nGA     Core       ALIVE          0            0.0     ADMITTED           ran\norder WO-A standing=ALIVE receipt=ADMITTED digest=sha256:8b6a15c0635ecb1a0e01249287ac77ac4d24e7656be97be50d5519ccaf1551a4 from=option:/Users/sac/.cache/tmp/v23l_unborn_835/receipts@-\nstop receipt /Users/sac/.cache/tmp/v23_fixture_707/gate-receipts/STOP-GC-26.9.23.json ADMITTED\nSTOP=true\n"
     right: "order receipts option /Users/sac/.cache/tmp/v23l_unborn_835/receipts (/Users/sac/.cache/tmp/v23l_unborn_835 @ unborn: HEAD refs/heads/main has no commit (unborn branch))"
     stacktrace:
       test/sjira/v26_9_23_goal_test.exs:1203: (test)


Finished in 1.1 seconds (0.00s async, 1.1s sync)
1 test, 1 failure (23 excluded)
