    warning: Application.get_env/2 is discouraged in the module body, use Application.compile_env/3 instead
    │
 12 │   if is_nil(Application.get_env(:ash, :default_string_length_count)) do
    │                         ~
    │
    └─ /Users/sac/wt/v26922/v23/V23-D/deps/ex4pm/mix.exs:12:25: Ex4pm.MixProject (module)

05:56:08.073 [warning] [ex_money] Automatically starting the exchange rate service is deprecated. Set `auto_start_exchange_rate_service: false` and, if you use the service, add `Money.ExchangeRates.Retriever` to your supervision tree.
05:56:08.445 [warning] Xaas.Sa2a.Bridge not started: "autofde" executable not found on PATH. sa2a-bridge-pack edges (validate/admit/plan/execute/replay) are unavailable until autofde-lab (https://github.com/seanchatmangpt/autofde-lab) is installed and its "autofde" console script is on PATH.
05:56:08.725 [warning] node not running in distributed mode. When running outside of a release, you must start net_kernel manually with
longnames.
https://www.erlang.org/doc/man/net_kernel.html#start-2

05:56:08.800 [warning] Received an unhandled response from Grafana because: {:error, %Finch.TransportError{reason: :nxdomain, source: %Mint.TransportError{reason: :nxdomain}}}
05:56:08.800 [warning] PromEx.DashboardUploader failed to upload /Users/sac/wt/v26922/v23/V23-D/_build/test/lib/prom_ex/priv/application.json.eex to Grafana: :unkown
05:56:08.814 [warning] Received an unhandled response from Grafana because: {:error, %Finch.TransportError{reason: :nxdomain, source: %Mint.TransportError{reason: :nxdomain}}}
05:56:08.814 [warning] PromEx.DashboardUploader failed to upload /Users/sac/wt/v26922/v23/V23-D/_build/test/lib/prom_ex/priv/beam.json.eex to Grafana: :unkown
05:56:08.825 [warning] Received an unhandled response from Grafana because: {:error, %Finch.TransportError{reason: :nxdomain, source: %Mint.TransportError{reason: :nxdomain}}}
05:56:08.825 [warning] PromEx.DashboardUploader failed to upload /Users/sac/wt/v26922/v23/V23-D/_build/test/lib/prom_ex/priv/phoenix.json.eex to Grafana: :unkown
05:56:08.832 [warning] Received an unhandled response from Grafana because: {:error, %Finch.TransportError{reason: :nxdomain, source: %Mint.TransportError{reason: :nxdomain}}}
05:56:08.832 [warning] PromEx.DashboardUploader failed to upload /Users/sac/wt/v26922/v23/V23-D/_build/test/lib/prom_ex/priv/ecto.json.eex to Grafana: :unkown
Running ExUnit with seed: 819139, max_cases: 32
Excluding tags: [:stress, :kind, :requires_cnv_deploy, :external, :external_llm, :subprocess, :property, :castle_kernel]

05:56:08.841 [warning] Received an unhandled response from Grafana because: {:error, %Finch.TransportError{reason: :nxdomain, source: %Mint.TransportError{reason: :nxdomain}}}
05:56:08.841 [warning] PromEx.DashboardUploader failed to upload /Users/sac/wt/v26922/v23/V23-D/_build/test/lib/prom_ex/priv/phoenix_live_view.json.eex to Grafana: :unkown
05:56:08.844 [warning] Received an unhandled response from Grafana because: {:error, %Finch.TransportError{reason: :nxdomain, source: %Mint.TransportError{reason: :nxdomain}}}
05:56:08.844 [warning] PromEx.DashboardUploader failed to upload /Users/sac/wt/v26922/v23/V23-D/_build/test/lib/xaas/priv/grafana_dashboards/infrastructure.json to Grafana: :unkown
.........
Finished in 23.3 seconds (1.3s async, 22.0s sync)
9 tests, 0 failures
TEST_EXIT=0
