    warning: Application.get_env/2 is discouraged in the module body, use Application.compile_env/3 instead
    │
 12 │   if is_nil(Application.get_env(:ash, :default_string_length_count)) do
    │                         ~
    │
    └─ /Users/sac/wt/v26922/v23/V23-D/deps/ex4pm/mix.exs:12:25: Ex4pm.MixProject (module)

Compiling 1 file (.ex)
Generated xaas app
05:59:27.323 [warning] [ex_money] Automatically starting the exchange rate service is deprecated. Set `auto_start_exchange_rate_service: false` and, if you use the service, add `Money.ExchangeRates.Retriever` to your supervision tree.
05:59:27.893 [warning] Xaas.Sa2a.Bridge not started: "autofde" executable not found on PATH. sa2a-bridge-pack edges (validate/admit/plan/execute/replay) are unavailable until autofde-lab (https://github.com/seanchatmangpt/autofde-lab) is installed and its "autofde" console script is on PATH.
05:59:28.188 [warning] node not running in distributed mode. When running outside of a release, you must start net_kernel manually with
longnames.
https://www.erlang.org/doc/man/net_kernel.html#start-2

05:59:28.258 [warning] Received an unhandled response from Grafana because: {:error, %Finch.TransportError{reason: :nxdomain, source: %Mint.TransportError{reason: :nxdomain}}}
05:59:28.258 [warning] PromEx.DashboardUploader failed to upload /Users/sac/wt/v26922/v23/V23-D/_build/test/lib/prom_ex/priv/application.json.eex to Grafana: :unkown
05:59:28.271 [warning] Received an unhandled response from Grafana because: {:error, %Finch.TransportError{reason: :nxdomain, source: %Mint.TransportError{reason: :nxdomain}}}
05:59:28.271 [warning] PromEx.DashboardUploader failed to upload /Users/sac/wt/v26922/v23/V23-D/_build/test/lib/prom_ex/priv/beam.json.eex to Grafana: :unkown
05:59:28.281 [warning] Received an unhandled response from Grafana because: {:error, %Finch.TransportError{reason: :nxdomain, source: %Mint.TransportError{reason: :nxdomain}}}
05:59:28.281 [warning] PromEx.DashboardUploader failed to upload /Users/sac/wt/v26922/v23/V23-D/_build/test/lib/prom_ex/priv/phoenix.json.eex to Grafana: :unkown
05:59:28.291 [warning] Received an unhandled response from Grafana because: {:error, %Finch.TransportError{reason: :nxdomain, source: %Mint.TransportError{reason: :nxdomain}}}
05:59:28.291 [warning] PromEx.DashboardUploader failed to upload /Users/sac/wt/v26922/v23/V23-D/_build/test/lib/prom_ex/priv/ecto.json.eex to Grafana: :unkown
05:59:28.300 [warning] Received an unhandled response from Grafana because: {:error, %Finch.TransportError{reason: :nxdomain, source: %Mint.TransportError{reason: :nxdomain}}}
05:59:28.300 [warning] PromEx.DashboardUploader failed to upload /Users/sac/wt/v26922/v23/V23-D/_build/test/lib/prom_ex/priv/phoenix_live_view.json.eex to Grafana: :unkown
Running ExUnit with seed: 284483, max_cases: 32
05:59:28.303 [warning] Received an unhandled response from Grafana because: {:error, %Finch.TransportError{reason: :nxdomain, source: %Mint.TransportError{reason: :nxdomain}}}
05:59:28.303 [warning] PromEx.DashboardUploader failed to upload /Users/sac/wt/v26922/v23/V23-D/_build/test/lib/xaas/priv/grafana_dashboards/infrastructure.json to Grafana: :unkown
Excluding tags: [:stress, :kind, :requires_cnv_deploy, :external, :external_llm, :subprocess, :property, :castle_kernel]



  1) test no build at all falls back to the pin (Xaas.Ultracode.SemanticDriveToolchainTest)
     test/xaas/ultracode/semantic_drive_test.exs:588
     Assertion with =~ failed
     code:  assert t["build_manifest_unused"] =~ "no readable build manifest"
     left:  "MUT-5"
     right: "no readable build manifest"
     stacktrace:
       test/xaas/ultracode/semantic_drive_test.exs:595: (test)



  2) test a build compiled by this node's Elixir on this ERTS resolves to that Elixir (source build_manifest), and it runs (Xaas.Ultracode.SemanticDriveToolchainTest)
     test/xaas/ultracode/semantic_drive_test.exs:538
     Assertion with == failed
     code:  assert t["source"] == "build_manifest"
     left:  "asdf"
     right: "build_manifest"
     stacktrace:
       test/xaas/ultracode/semantic_drive_test.exs:542: (test)



  3) test a build compiled by an Elixir with no install falls back to the checkout's pin, recording why (Xaas.Ultracode.SemanticDriveToolchainTest)
     test/xaas/ultracode/semantic_drive_test.exs:563
     Assertion with =~ failed
     code:  assert t["build_manifest_unused"] =~ "no Elixir 0.0.0-absent install"
     left:  "MUT-5"
     right: "no Elixir 0.0.0-absent install"
     stacktrace:
       test/xaas/ultracode/semantic_drive_test.exs:572: (test)



  4) test a build compiled on another OTP release falls back to the pin (an ERTS switch recompiles everything) (Xaas.Ultracode.SemanticDriveToolchainTest)
     test/xaas/ultracode/semantic_drive_test.exs:576
     Assertion with =~ failed
     code:  assert t["build_manifest_unused"] =~ "compiled on OTP 1"
     left:  "MUT-5"
     right: "compiled on OTP 1"
     stacktrace:
       test/xaas/ultracode/semantic_drive_test.exs:584: (test)

06:01:32.025 [error] Postgrex.Protocol (#PID<0.668.0> ({Postgrex.Protocol, "xaas_test_v23d"})) disconnected: ** (DBConnection.ConnectionError) owner #PID<0.757.0> ({:sql_sandbox_owner, %{started_by: #PID<0.756.0>}}) timed out because it owned the connection for longer than 120000ms (set via the :ownership_timeout option)


  5) test a subject with no drift is REFUSED(no_delta) by the provider: no commit, no ledger change, EP-A stays on the frontier (Xaas.Ultracode.SemanticDriveTest)
     test/xaas/ultracode/semantic_drive_test.exs:345
     match (=) failed
     code:  assert {:refused,
             %{
               "standing" => "REFUSED(no_delta)",
               "broken_term" => "R_missing_consequence",
               "hop" => "provider"
             }} = drive(ctx, out, pin_ref: pin)
     left:  {:refused,
             %{
               "standing" => "REFUSED(no_delta)",
               "broken_term" => "R_missing_consequence",
               "hop" => "provider"
             }}
     right: {:refused,
             %{
               "broken_term" => "mu_unlawful",
               "detail" => %{
                 "exit" => 1,
                 "reason" => "a2a app\n==> ggen_igniter\nCompiling 97 files (.ex)\n\n== Compilation error in file lib/ggen_igniter/native/graph_nif.ex ==\n** (ErlangError) Erlang error: :enoent\n    (elixir 1.18.4) lib/system.ex:1114: System.cmd(\"cargo\", [\"metadata\", \"--format-version=1\"], [cd: \"native/ggen_graph_nif\"])\n    (rustler 0.38.0) lib/rustler/compiler/config.ex:74: Rustler.Compiler.Config.metadata!/1\n    (rustler 0.38.0) lib/rustler/compiler/config.ex:61: Rustler.Compiler.Config.build/1\n    (rustler 0.38.0) lib/rustler/compiler.ex:8: Rustler.Compiler.compile_crate/3\n    lib/ggen_igniter/native/graph_nif.ex:9: (module)\n",
                 "toolchain" => %{
                   "build_compiler" => %{
                     "elixir" => "1.19.5",
                     "otp" => "28"
                   },
                   "elixir" => "1.18.4-otp-27",
                   "mix" => "/Users/sac/.asdf/installs/elixir/1.18.4-otp-27/bin/mix",
                   "source" => "asdf"
                 }
               },
               "hop" => "sjira",
               "reason" => "graph_side_build_broken",
               "standing" => "BUILD_BROKEN"
             }}
     stacktrace:
       test/xaas/ultracode/semantic_drive_test.exs:353: (test)



  6) test a prepared episode drives EP-A to ALIVE: equal hop digests, sealed + independently verified receipt, admitted R, conformant OCEL, closed frontier (Xaas.Ultracode.SemanticDriveTest)
     test/xaas/ultracode/semantic_drive_test.exs:107
     match (=) failed
     code:  assert {:ok, summary} = drive(ctx, out, pin_ref: pin)
     left:  {:ok, summary}
     right: {:refused,
             %{
               "broken_term" => "mu_unlawful",
               "detail" => %{
                 "exit" => 1,
                 "reason" => "Compiling 97 files (.ex)\n\n== Compilation error in file lib/ggen_igniter/native/graph_nif.ex ==\n** (ErlangError) Erlang error: :enoent\n    (elixir 1.18.4) lib/system.ex:1114: System.cmd(\"cargo\", [\"metadata\", \"--format-version=1\"], [cd: \"native/ggen_graph_nif\"])\n    (rustler 0.38.0) lib/rustler/compiler/config.ex:74: Rustler.Compiler.Config.metadata!/1\n    (rustler 0.38.0) lib/rustler/compiler/config.ex:61: Rustler.Compiler.Config.build/1\n    (rustler 0.38.0) lib/rustler/compiler.ex:8: Rustler.Compiler.compile_crate/3\n    lib/ggen_igniter/native/graph_nif.ex:9: (module)\n",
                 "toolchain" => %{
                   "build_compiler" => nil,
                   "elixir" => "1.18.4-otp-27",
                   "mix" => "/Users/sac/.asdf/installs/elixir/1.18.4-otp-27/bin/mix",
                   "source" => "asdf"
                 }
               },
               "hop" => "sjira",
               "reason" => "graph_side_build_broken",
               "standing" => "BUILD_BROKEN"
             }}
     stacktrace:
       test/xaas/ultracode/semantic_drive_test.exs:114: (test)

.

  7) test an unregistered capability is REFUSED(unregistered_capability) at resolution: no Run, no ledger change (Xaas.Ultracode.SemanticDriveTest)
     test/xaas/ultracode/semantic_drive_test.exs:287
     match (=) failed
     code:  assert {:refused,
             %{
               "standing" => "REFUSED(unregistered_capability)",
               "broken_term" => "mu_on_O",
               "hop" => "resolve",
               "detail" => %{"capability" => "recipe:not-registered"}
             }} = drive(ctx, out)
     left:  {:refused,
             %{
               "standing" => "REFUSED(unregistered_capability)",
               "broken_term" => "mu_on_O",
               "hop" => "resolve",
               "detail" => %{"capability" => "recipe:not-registered"}
             }}
     right: {:refused,
             %{
               "broken_term" => "mu_unlawful",
               "detail" => %{
                 "exit" => 1,
                 "reason" => "Compiling 97 files (.ex)\n\n== Compilation error in file lib/ggen_igniter/native/graph_nif.ex ==\n** (ErlangError) Erlang error: :enoent\n    (elixir 1.18.4) lib/system.ex:1114: System.cmd(\"cargo\", [\"metadata\", \"--format-version=1\"], [cd: \"native/ggen_graph_nif\"])\n    (rustler 0.38.0) lib/rustler/compiler/config.ex:74: Rustler.Compiler.Config.metadata!/1\n    (rustler 0.38.0) lib/rustler/compiler/config.ex:61: Rustler.Compiler.Config.build/1\n    (rustler 0.38.0) lib/rustler/compiler.ex:8: Rustler.Compiler.compile_crate/3\n    lib/ggen_igniter/native/graph_nif.ex:9: (module)\n",
                 "toolchain" => %{
                   "build_compiler" => nil,
                   "elixir" => "1.18.4-otp-27",
                   "mix" => "/Users/sac/.asdf/installs/elixir/1.18.4-otp-27/bin/mix",
                   "source" => "asdf"
                 }
               },
               "hop" => "sjira",
               "reason" => "graph_side_build_broken",
               "standing" => "BUILD_BROKEN"
             }}
     stacktrace:
       test/xaas/ultracode/semantic_drive_test.exs:295: (test)

.
Finished in 164.9 seconds (0.2s async, 164.7s sync)
9 tests, 7 failures
INNER_EXIT=2
