    warning: Application.get_env/2 is discouraged in the module body, use Application.compile_env/3 instead
    │
 12 │   if is_nil(Application.get_env(:ash, :default_string_length_count)) do
    │                         ~
    │
    └─ /Users/sac/wt/v26922/v23/V23-D/deps/ex4pm/mix.exs:12:25: Ex4pm.MixProject (module)

06:05:20.366 [warning] [ex_money] Automatically starting the exchange rate service is deprecated. Set `auto_start_exchange_rate_service: false` and, if you use the service, add `Money.ExchangeRates.Retriever` to your supervision tree.
06:05:20.945 [warning] Xaas.Sa2a.Bridge not started: "autofde" executable not found on PATH. sa2a-bridge-pack edges (validate/admit/plan/execute/replay) are unavailable until autofde-lab (https://github.com/seanchatmangpt/autofde-lab) is installed and its "autofde" console script is on PATH.
06:05:21.277 [warning] node not running in distributed mode. When running outside of a release, you must start net_kernel manually with
longnames.
https://www.erlang.org/doc/man/net_kernel.html#start-2

06:05:21.359 [warning] Received an unhandled response from Grafana because: {:error, %Finch.TransportError{reason: :nxdomain, source: %Mint.TransportError{reason: :nxdomain}}}
06:05:21.360 [warning] PromEx.DashboardUploader failed to upload /Users/sac/wt/v26922/v23/V23-D/_build/test/lib/prom_ex/priv/application.json.eex to Grafana: :unkown
06:05:21.372 [warning] Received an unhandled response from Grafana because: {:error, %Finch.TransportError{reason: :nxdomain, source: %Mint.TransportError{reason: :nxdomain}}}
06:05:21.372 [warning] PromEx.DashboardUploader failed to upload /Users/sac/wt/v26922/v23/V23-D/_build/test/lib/prom_ex/priv/beam.json.eex to Grafana: :unkown
06:05:21.382 [warning] Received an unhandled response from Grafana because: {:error, %Finch.TransportError{reason: :nxdomain, source: %Mint.TransportError{reason: :nxdomain}}}
06:05:21.382 [warning] PromEx.DashboardUploader failed to upload /Users/sac/wt/v26922/v23/V23-D/_build/test/lib/prom_ex/priv/phoenix.json.eex to Grafana: :unkown
06:05:21.390 [warning] Received an unhandled response from Grafana because: {:error, %Finch.TransportError{reason: :nxdomain, source: %Mint.TransportError{reason: :nxdomain}}}
06:05:21.390 [warning] PromEx.DashboardUploader failed to upload /Users/sac/wt/v26922/v23/V23-D/_build/test/lib/prom_ex/priv/ecto.json.eex to Grafana: :unkown
Running ExUnit with seed: 378289, max_cases: 32
06:05:21.398 [warning] Received an unhandled response from Grafana because: {:error, %Finch.TransportError{reason: :nxdomain, source: %Mint.TransportError{reason: :nxdomain}}}
06:05:21.398 [warning] PromEx.DashboardUploader failed to upload /Users/sac/wt/v26922/v23/V23-D/_build/test/lib/prom_ex/priv/phoenix_live_view.json.eex to Grafana: :unkown
Excluding tags: [:stress, :kind, :requires_cnv_deploy, :external, :external_llm, :subprocess, :property, :castle_kernel]

06:05:21.404 [warning] Received an unhandled response from Grafana because: {:error, %Finch.TransportError{reason: :nxdomain, source: %Mint.TransportError{reason: :nxdomain}}}
06:05:21.404 [warning] PromEx.DashboardUploader failed to upload /Users/sac/wt/v26922/v23/V23-D/_build/test/lib/xaas/priv/grafana_dashboards/infrastructure.json to Grafana: :unkown


  1) test SJ-001 flows admit -> materialize -> receipt -> replay; both falsifiers are refused (Xaas.Ultracode.SemanticJiraE2ETest)
     test/xaas/ultracode/semantic_jira_e2e_test.exs:106
     Assertion with == failed
     code:  assert AdmissionBinding.snapshot_digest(descriptor["admitted_work_order"]) == digest
     left:  "sha256:5a8d6d3039ad548c966e5e38024274b1cfdeaa7febea7d79cbd63c9954588697"
     right: "sha256:2da4d98751fa9a9b9c263179d272bda822ff6bdd09b853f44249e651088910d7"
     stacktrace:
       test/xaas/ultracode/semantic_jira_e2e_test.exs:148: (test)


Finished in 174.0 seconds (0.00s async, 174.0s sync)
1 test, 1 failure
EXIT=2
