    warning: Application.get_env/2 is discouraged in the module body, use Application.compile_env/3 instead
    │
 12 │   if is_nil(Application.get_env(:ash, :default_string_length_count)) do
    │                         ~
    │
    └─ /Users/sac/wt/v26922/v23/R1-X-DIGEST/deps/ex4pm/mix.exs:12:25: Ex4pm.MixProject (module)

15:10:10.306 [warning] [ex_money] Automatically starting the exchange rate service is deprecated. Set `auto_start_exchange_rate_service: false` and, if you use the service, add `Money.ExchangeRates.Retriever` to your supervision tree.
15:10:11.578 [warning] Xaas.Sa2a.Bridge not started: "autofde" executable not found on PATH. sa2a-bridge-pack edges (validate/admit/plan/execute/replay) are unavailable until autofde-lab (https://github.com/seanchatmangpt/autofde-lab) is installed and its "autofde" console script is on PATH.
15:10:12.503 [warning] node not running in distributed mode. When running outside of a release, you must start net_kernel manually with
longnames.
https://www.erlang.org/doc/man/net_kernel.html#start-2

15:10:12.677 [warning] Received an unhandled response from Grafana because: {:error, %Finch.TransportError{reason: :nxdomain, source: %Mint.TransportError{reason: :nxdomain}}}
15:10:12.677 [warning] PromEx.DashboardUploader failed to upload /Users/sac/wt/v26922/v23/R1-X-DIGEST/_build/test/lib/prom_ex/priv/application.json.eex to Grafana: :unkown
15:10:12.696 [warning] Received an unhandled response from Grafana because: {:error, %Finch.TransportError{reason: :nxdomain, source: %Mint.TransportError{reason: :nxdomain}}}
15:10:12.696 [warning] PromEx.DashboardUploader failed to upload /Users/sac/wt/v26922/v23/R1-X-DIGEST/_build/test/lib/prom_ex/priv/beam.json.eex to Grafana: :unkown
15:10:12.714 [warning] Received an unhandled response from Grafana because: {:error, %Finch.TransportError{reason: :nxdomain, source: %Mint.TransportError{reason: :nxdomain}}}
15:10:12.714 [warning] PromEx.DashboardUploader failed to upload /Users/sac/wt/v26922/v23/R1-X-DIGEST/_build/test/lib/prom_ex/priv/phoenix.json.eex to Grafana: :unkown
15:10:12.727 [warning] Received an unhandled response from Grafana because: {:error, %Finch.TransportError{reason: :nxdomain, source: %Mint.TransportError{reason: :nxdomain}}}
15:10:12.727 [warning] PromEx.DashboardUploader failed to upload /Users/sac/wt/v26922/v23/R1-X-DIGEST/_build/test/lib/prom_ex/priv/ecto.json.eex to Grafana: :unkown
15:10:12.752 [warning] Received an unhandled response from Grafana because: {:error, %Finch.TransportError{reason: :nxdomain, source: %Mint.TransportError{reason: :nxdomain}}}
15:10:12.752 [warning] PromEx.DashboardUploader failed to upload /Users/sac/wt/v26922/v23/R1-X-DIGEST/_build/test/lib/prom_ex/priv/phoenix_live_view.json.eex to Grafana: :unkown
15:10:12.759 [warning] Received an unhandled response from Grafana because: {:error, %Finch.TransportError{reason: :nxdomain, source: %Mint.TransportError{reason: :nxdomain}}}
15:10:12.759 [warning] PromEx.DashboardUploader failed to upload /Users/sac/wt/v26922/v23/R1-X-DIGEST/_build/test/lib/xaas/priv/grafana_dashboards/infrastructure.json to Grafana: :unkown
Running ExUnit with seed: 716449, max_cases: 32
Excluding tags: [:stress, :kind, :requires_cnv_deploy, :external, :external_llm, :subprocess, :property, :castle_kernel]

    warning: unused require Ash.Query
    │
 37 │   require Ash.Query
    │   ~
    │
    └─ test/xaas/ultracode/semantic_drive_test.exs:37:3



  1) test a build compiled on another OTP release falls back to the pin (an ERTS switch recompiles everything) (Xaas.Ultracode.SemanticDriveToolchainTest)
     test/xaas/ultracode/semantic_drive_test.exs:576
     ** (FunctionClauseError) no function clause matching in anonymous fn/1 in Xaas.Ultracode.SemanticDriveToolchainTest."test a build compiled on another OTP release falls back to the pin (an ERTS switch recompiles everything)"/1

     The following arguments were given to anonymous fn/1 in Xaas.Ultracode.SemanticDriveToolchainTest."test a build compiled on another OTP release falls back to the pin (an ERTS switch recompiles everything)"/1:

         # 1
         {2, {"1.20.2", ~c"28"}, Mix.SCM.Path, nil}

     code: checkout("otp", fn {vsn, {elixir, _otp}, scm} ->
     stacktrace:
       test/xaas/ultracode/semantic_drive_test.exs:578: anonymous fn/1 in Xaas.Ultracode.SemanticDriveToolchainTest."test a build compiled on another OTP release falls back to the pin (an ERTS switch recompiles everything)"/1
       test/xaas/ultracode/semantic_drive_test.exs:622: Xaas.Ultracode.SemanticDriveToolchainTest.checkout/2
       test/xaas/ultracode/semantic_drive_test.exs:578: (test)

.................

  2) test a build compiled by this node's Elixir on this ERTS resolves to that Elixir (source build_manifest), and it runs (Xaas.Ultracode.SemanticDriveToolchainTest)
     test/xaas/ultracode/semantic_drive_test.exs:538
     Assertion with == failed
     code:  assert t["source"] == "build_manifest"
     left:  "asdf"
     right: "build_manifest"
     stacktrace:
       test/xaas/ultracode/semantic_drive_test.exs:542: (test)



  3) test a build compiled by an Elixir with no install falls back to the checkout's pin, recording why (Xaas.Ultracode.SemanticDriveToolchainTest)
     test/xaas/ultracode/semantic_drive_test.exs:563
     ** (FunctionClauseError) no function clause matching in anonymous fn/1 in Xaas.Ultracode.SemanticDriveToolchainTest."test a build compiled by an Elixir with no install falls back to the checkout's pin, recording why"/1

     The following arguments were given to anonymous fn/1 in Xaas.Ultracode.SemanticDriveToolchainTest."test a build compiled by an Elixir with no install falls back to the checkout's pin, recording why"/1:

         # 1
         {2, {"1.20.2", ~c"28"}, Mix.SCM.Path, nil}

     code: checkout("absent", fn {vsn, {_elixir, otp}, scm} ->
     stacktrace:
       test/xaas/ultracode/semantic_drive_test.exs:565: anonymous fn/1 in Xaas.Ultracode.SemanticDriveToolchainTest."test a build compiled by an Elixir with no install falls back to the checkout's pin, recording why"/1
       test/xaas/ultracode/semantic_drive_test.exs:622: Xaas.Ultracode.SemanticDriveToolchainTest.checkout/2
       test/xaas/ultracode/semantic_drive_test.exs:565: (test)

...................................
Finished in 156.1 seconds (8.8s async, 147.2s sync)

Result: 52/55 passed
Failed: 3 tests
