test_boundary_standing_and_stray_triples_are_refused (test_prose_spans.ProseSpansTest.test_boundary_standing_and_stray_triples_are_refused) ... ok
test_committed_prd_ard_candidates_verify_and_reproject (test_prose_spans.ProseSpansTest.test_committed_prd_ard_candidates_verify_and_reproject) ... ok
test_deleting_only_candidate_for_required_gate_is_refused (test_prose_spans.ProseSpansTest.test_deleting_only_candidate_for_required_gate_is_refused) ... ok
test_emit_is_byte_identical_and_order_independent (test_prose_spans.ProseSpansTest.test_emit_is_byte_identical_and_order_independent) ... ok
test_emit_refuses_duplicate_span_and_kind (test_prose_spans.ProseSpansTest.test_emit_refuses_duplicate_span_and_kind) ... ok
test_emit_refuses_missing_quote_bad_kind_and_unknown_key (test_prose_spans.ProseSpansTest.test_emit_refuses_missing_quote_bad_kind_and_unknown_key) ... ok
test_emit_then_check_passes_with_byte_offsets (test_prose_spans.ProseSpansTest.test_emit_then_check_passes_with_byte_offsets) ... ok
test_one_kind_mutated_is_refused (test_prose_spans.ProseSpansTest.test_one_kind_mutated_is_refused) ... ok
test_one_offset_mutated_is_refused (test_prose_spans.ProseSpansTest.test_one_offset_mutated_is_refused) ... ok
test_one_source_byte_mutated_is_refused (test_prose_spans.ProseSpansTest.test_one_source_byte_mutated_is_refused) ... ok
test_one_source_text_mutated_is_refused (test_prose_spans.ProseSpansTest.test_one_source_text_mutated_is_refused) ... ok
test_quote_with_two_occurrences_needs_an_index (test_prose_spans.ProseSpansTest.test_quote_with_two_occurrences_needs_an_index) ... ok
test_statement_edit_is_projection_drift (test_prose_spans.ProseSpansTest.test_statement_edit_is_projection_drift) ... ok
test_summary_of_a_refused_graph_says_failed (test_prose_spans.ProseSpansTest.test_summary_of_a_refused_graph_says_failed) ... ok
test_summary_tallies_verified_candidates (test_prose_spans.ProseSpansTest.test_summary_tallies_verified_candidates) ... ok

----------------------------------------------------------------------
Ran 15 tests in 10.007s

OK
CHECK OK: 241 candidates bound to docs/sjira/v26.9.23/prd-ard.md sha256:7c8797b2bc9130fc4c8fce9138cc8140cb704e0633715807398451c660658212; gates GC23-0=24 GC23-1=7 GC23-2=9 GC23-3=13 GC23-4=16 GC23-5=32 GC23-6=9 GC23-7=13 GC23-8=14 GC23-9=21 GC23-10=9 GC23-11=27 GC23-12=6
TALLY: required 215 + not_required 26 = 241 (multi_required 0); requiredBy GC-26.9.23=15 GC23-0=24 GC23-1=7 GC23-10=9 GC23-11=27 GC23-12=6 GC23-2=9 GC23-3=13 GC23-4=16 GC23-5=32 GC23-6=9 GC23-7=13 GC23-8=14 GC23-9=21
