## decoy pid 3617 started 2026-09-23T20:28:36Z
## pgrep -fl 'zcode.js --prompt' before:
3617 node bin/zcode.js --prompt /xaas R1-X-PGREP-external-decoy 1500
## HEAD d7a230d0ed0fc1507c368fb43d837fccc87db4ee porcelain=[ M test/xaas/ultracode/dispatch_test.exs ]
## cmd: mix test test/xaas/ultracode/dispatch_test.exs:600
    warning: Application.get_env/2 is discouraged in the module body, use Application.compile_env/3 instead
    │
 12 │   if is_nil(Application.get_env(:ash, :default_string_length_count)) do
    │                         ~
    │
    └─ /Users/sac/wt/v26922/v23/R1-X-PGREP/deps/ex4pm/mix.exs:12:25: Ex4pm.MixProject (module)

    warning: unused require Ash.Query
    │
 78 │   require Ash.Query
    │   ~
    │
    └─ lib/xaas/ultracode/semantic_drive.ex:78:3

13:28:40.580 [warning] [ex_money] Automatically starting the exchange rate service is deprecated. Set `auto_start_exchange_rate_service: false` and, if you use the service, add `Money.ExchangeRates.Retriever` to your supervision tree.
13:28:41.216 [warning] Xaas.Sa2a.Bridge not started: "autofde" executable not found on PATH. sa2a-bridge-pack edges (validate/admit/plan/execute/replay) are unavailable until autofde-lab (https://github.com/seanchatmangpt/autofde-lab) is installed and its "autofde" console script is on PATH.
13:28:41.771 [warning] node not running in distributed mode. When running outside of a release, you must start net_kernel manually with
longnames.
https://www.erlang.org/doc/man/net_kernel.html#start-2

13:28:42.004 [warning] Received an unhandled response from Grafana because: {:error, %Finch.TransportError{reason: :nxdomain, source: %Mint.TransportError{reason: :nxdomain}}}
13:28:42.004 [warning] PromEx.DashboardUploader failed to upload /Users/sac/wt/v26922/v23/R1-X-PGREP/_build/test/lib/prom_ex/priv/application.json.eex to Grafana: :unkown
13:28:42.024 [warning] Received an unhandled response from Grafana because: {:error, %Finch.TransportError{reason: :nxdomain, source: %Mint.TransportError{reason: :nxdomain}}}
13:28:42.024 [warning] PromEx.DashboardUploader failed to upload /Users/sac/wt/v26922/v23/R1-X-PGREP/_build/test/lib/prom_ex/priv/beam.json.eex to Grafana: :unkown
13:28:42.044 [warning] Received an unhandled response from Grafana because: {:error, %Finch.TransportError{reason: :nxdomain, source: %Mint.TransportError{reason: :nxdomain}}}
13:28:42.044 [warning] PromEx.DashboardUploader failed to upload /Users/sac/wt/v26922/v23/R1-X-PGREP/_build/test/lib/prom_ex/priv/phoenix.json.eex to Grafana: :unkown
13:28:42.056 [warning] Received an unhandled response from Grafana because: {:error, %Finch.TransportError{reason: :nxdomain, source: %Mint.TransportError{reason: :nxdomain}}}
13:28:42.056 [warning] PromEx.DashboardUploader failed to upload /Users/sac/wt/v26922/v23/R1-X-PGREP/_build/test/lib/prom_ex/priv/ecto.json.eex to Grafana: :unkown
13:28:42.068 [warning] Received an unhandled response from Grafana because: {:error, %Finch.TransportError{reason: :nxdomain, source: %Mint.TransportError{reason: :nxdomain}}}
13:28:42.068 [warning] PromEx.DashboardUploader failed to upload /Users/sac/wt/v26922/v23/R1-X-PGREP/_build/test/lib/prom_ex/priv/phoenix_live_view.json.eex to Grafana: :unkown
Running ExUnit with seed: 38866, max_cases: 32
13:28:42.074 [warning] Received an unhandled response from Grafana because: {:error, %Finch.TransportError{reason: :nxdomain, source: %Mint.TransportError{reason: :nxdomain}}}
13:28:42.074 [warning] PromEx.DashboardUploader failed to upload /Users/sac/wt/v26922/v23/R1-X-PGREP/_build/test/lib/xaas/priv/grafana_dashboards/infrastructure.json to Grafana: :unkown
Excluding tags: [:test]
Including tags: [location: {"test/xaas/ultracode/dispatch_test.exs", 600}]



  1) test the hard timeout kills the whole process group and reports :timeout (Xaas.Ultracode.DispatchTest)
     test/xaas/ultracode/dispatch_test.exs:600
     dispatched process survived the timeout kill: 3617

     code: assert String.trim(out) == "", "dispatched process survived the timeout kill: #{out}"
     stacktrace:
       test/xaas/ultracode/dispatch_test.exs:629: (test)


Finished in 6.7 seconds (0.00s async, 6.7s sync)

Result: 0/1 passed, 31 excluded
Failed: 1 test
## exit 2
## decoy 3617 alive at end: yes
## pgrep -fl 'zcode.js --prompt' after:
3617 node bin/zcode.js --prompt /xaas R1-X-PGREP-external-decoy 1500
## decoy stopped 2026-09-23T20:28:48Z
