## decoy pid 7029 started 2026-09-23T20:29:24Z
## pgrep -fl 'zcode.js --prompt' before:
7029 node bin/zcode.js --prompt /xaas R1-X-PGREP-external-decoy 1500
## HEAD d7a230d0ed0fc1507c368fb43d837fccc87db4ee porcelain=[ M lib/xaas/ultracode/dispatch.ex ]
## cmd: mix test test/xaas/ultracode/dispatch_test.exs:600
    warning: Application.get_env/2 is discouraged in the module body, use Application.compile_env/3 instead
    │
 12 │   if is_nil(Application.get_env(:ash, :default_string_length_count)) do
    │                         ~
    │
    └─ /Users/sac/wt/v26922/v23/R1-X-PGREP/deps/ex4pm/mix.exs:12:25: Ex4pm.MixProject (module)

Compiling 1 file (.ex)
     warning: module attribute @kill_confirm_ms was set but never used
     │
 136 │   @kill_confirm_ms 1_000
     │   ~~~~~~~~~~~~~~~~~~~~~~
     │
     └─ lib/xaas/ultracode/dispatch.ex:136: Xaas.Ultracode.Dispatch (module)

     warning: module attribute @grace_ms was set but never used
     │
 135 │   @grace_ms 2_000
     │   ~~~~~~~~~~~~~~~
     │
     └─ lib/xaas/ultracode/dispatch.ex:135: Xaas.Ultracode.Dispatch (module)

     warning: unused alias ProcessGroup
     │
 125 │   alias Xaas.Ultracode.{Epoch, ProcessGroup, Receipt, Run, Worktrees, ZcodePackage}
     │   ~
     │
     └─ lib/xaas/ultracode/dispatch.ex:125:3

    warning: unused require Ash.Query
    │
 78 │   require Ash.Query
    │   ~
    │
    └─ lib/xaas/ultracode/semantic_drive.ex:78:3

Generated xaas app
13:29:38.158 [warning] [ex_money] Automatically starting the exchange rate service is deprecated. Set `auto_start_exchange_rate_service: false` and, if you use the service, add `Money.ExchangeRates.Retriever` to your supervision tree.
13:29:38.991 [warning] Xaas.Sa2a.Bridge not started: "autofde" executable not found on PATH. sa2a-bridge-pack edges (validate/admit/plan/execute/replay) are unavailable until autofde-lab (https://github.com/seanchatmangpt/autofde-lab) is installed and its "autofde" console script is on PATH.
13:29:39.997 [warning] node not running in distributed mode. When running outside of a release, you must start net_kernel manually with
longnames.
https://www.erlang.org/doc/man/net_kernel.html#start-2

13:29:40.297 [warning] Received an unhandled response from Grafana because: {:error, %Finch.TransportError{reason: :nxdomain, source: %Mint.TransportError{reason: :nxdomain}}}
13:29:40.299 [warning] PromEx.DashboardUploader failed to upload /Users/sac/wt/v26922/v23/R1-X-PGREP/_build/test/lib/prom_ex/priv/application.json.eex to Grafana: :unkown
13:29:40.327 [warning] Received an unhandled response from Grafana because: {:error, %Finch.TransportError{reason: :nxdomain, source: %Mint.TransportError{reason: :nxdomain}}}
13:29:40.327 [warning] PromEx.DashboardUploader failed to upload /Users/sac/wt/v26922/v23/R1-X-PGREP/_build/test/lib/prom_ex/priv/beam.json.eex to Grafana: :unkown
13:29:40.354 [warning] Received an unhandled response from Grafana because: {:error, %Finch.TransportError{reason: :nxdomain, source: %Mint.TransportError{reason: :nxdomain}}}
13:29:40.354 [warning] PromEx.DashboardUploader failed to upload /Users/sac/wt/v26922/v23/R1-X-PGREP/_build/test/lib/prom_ex/priv/phoenix.json.eex to Grafana: :unkown
13:29:40.370 [warning] Received an unhandled response from Grafana because: {:error, %Finch.TransportError{reason: :nxdomain, source: %Mint.TransportError{reason: :nxdomain}}}
13:29:40.370 [warning] PromEx.DashboardUploader failed to upload /Users/sac/wt/v26922/v23/R1-X-PGREP/_build/test/lib/prom_ex/priv/ecto.json.eex to Grafana: :unkown
13:29:40.386 [warning] Received an unhandled response from Grafana because: {:error, %Finch.TransportError{reason: :nxdomain, source: %Mint.TransportError{reason: :nxdomain}}}
13:29:40.386 [warning] PromEx.DashboardUploader failed to upload /Users/sac/wt/v26922/v23/R1-X-PGREP/_build/test/lib/prom_ex/priv/phoenix_live_view.json.eex to Grafana: :unkown
13:29:40.397 [warning] Received an unhandled response from Grafana because: {:error, %Finch.TransportError{reason: :nxdomain, source: %Mint.TransportError{reason: :nxdomain}}}
13:29:40.397 [warning] PromEx.DashboardUploader failed to upload /Users/sac/wt/v26922/v23/R1-X-PGREP/_build/test/lib/xaas/priv/grafana_dashboards/infrastructure.json to Grafana: :unkown
Running ExUnit with seed: 502360, max_cases: 32
Excluding tags: [:test]
Including tags: [location: {"test/xaas/ultracode/dispatch_test.exs", 600}]



  1) test the hard timeout kills the whole process group and reports :timeout (Xaas.Ultracode.DispatchTest)
     test/xaas/ultracode/dispatch_test.exs:600
     dispatched process survived the timeout kill: group 7703 members ["7708", "7709"], recorded pids alive [7708, 7709]
     code: assert_spawned_gone!(pgid, [worker_pid, child_pid])
     stacktrace:
       test/xaas/ultracode/dispatch_test.exs:653: (test)


Finished in 12.3 seconds (0.00s async, 12.3s sync)

Result: 0/1 passed, 31 excluded
Failed: 1 test
## exit 2
## decoy 7029 alive at end: yes
## pgrep -fl 'zcode.js --prompt' after:
7029 node bin/zcode.js --prompt /xaas R1-X-PGREP-external-decoy 1500
7708 /bin/sh bin/zcode.js --prompt /xaas Call claim_next with provider_worker_id exactly "zcode-dispatch-Mac-20d60892-7040" and epoch_id exactly "20d60892-d4b5-4adc-b006-e69bcb789439"; do not use any other values. --cwd /Users/sac/.cache/tmp/xaas-dispatch-test-base-1790195381542-24450/worktree --json
## decoy stopped 2026-09-23T20:29:53Z
