    warning: Application.get_env/2 is discouraged in the module body, use Application.compile_env/3 instead
    │
 12 │   if is_nil(Application.get_env(:ash, :default_string_length_count)) do
    │                         ~
    │
    └─ /Users/sac/wt/v26922/v23/R1-X-DIGEST/deps/ex4pm/mix.exs:12:25: Ex4pm.MixProject (module)

14:25:37.710 [warning] [ex_money] Automatically starting the exchange rate service is deprecated. Set `auto_start_exchange_rate_service: false` and, if you use the service, add `Money.ExchangeRates.Retriever` to your supervision tree.
14:25:45.272 [warning] Xaas.Sa2a.Bridge not started: "autofde" executable not found on PATH. sa2a-bridge-pack edges (validate/admit/plan/execute/replay) are unavailable until autofde-lab (https://github.com/seanchatmangpt/autofde-lab) is installed and its "autofde" console script is on PATH.
14:25:45.646 [warning] node not running in distributed mode. When running outside of a release, you must start net_kernel manually with
longnames.
https://www.erlang.org/doc/man/net_kernel.html#start-2

14:25:45.767 [warning] Received an unhandled response from Grafana because: {:error, %Finch.TransportError{reason: :nxdomain, source: %Mint.TransportError{reason: :nxdomain}}}
14:25:45.767 [warning] PromEx.DashboardUploader failed to upload /Users/sac/wt/v26922/v23/R1-X-DIGEST/_build/test/lib/prom_ex/priv/application.json.eex to Grafana: :unkown
14:25:45.782 [warning] Received an unhandled response from Grafana because: {:error, %Finch.TransportError{reason: :nxdomain, source: %Mint.TransportError{reason: :nxdomain}}}
14:25:45.782 [warning] PromEx.DashboardUploader failed to upload /Users/sac/wt/v26922/v23/R1-X-DIGEST/_build/test/lib/prom_ex/priv/beam.json.eex to Grafana: :unkown
14:25:45.799 [warning] Received an unhandled response from Grafana because: {:error, %Finch.TransportError{reason: :nxdomain, source: %Mint.TransportError{reason: :nxdomain}}}
14:25:45.799 [warning] PromEx.DashboardUploader failed to upload /Users/sac/wt/v26922/v23/R1-X-DIGEST/_build/test/lib/prom_ex/priv/phoenix.json.eex to Grafana: :unkown
Running ExUnit with seed: 780911, max_cases: 32
Excluding tags: [:stress, :kind, :requires_cnv_deploy, :external, :external_llm, :subprocess, :property, :castle_kernel]

14:25:45.809 [warning] Received an unhandled response from Grafana because: {:error, %Finch.TransportError{reason: :nxdomain, source: %Mint.TransportError{reason: :nxdomain}}}
14:25:45.809 [warning] PromEx.DashboardUploader failed to upload /Users/sac/wt/v26922/v23/R1-X-DIGEST/_build/test/lib/prom_ex/priv/ecto.json.eex to Grafana: :unkown
14:25:45.818 [warning] Received an unhandled response from Grafana because: {:error, %Finch.TransportError{reason: :nxdomain, source: %Mint.TransportError{reason: :nxdomain}}}
14:25:45.818 [warning] PromEx.DashboardUploader failed to upload /Users/sac/wt/v26922/v23/R1-X-DIGEST/_build/test/lib/prom_ex/priv/phoenix_live_view.json.eex to Grafana: :unkown
14:25:45.822 [warning] Received an unhandled response from Grafana because: {:error, %Finch.TransportError{reason: :nxdomain, source: %Mint.TransportError{reason: :nxdomain}}}
14:25:45.822 [warning] PromEx.DashboardUploader failed to upload /Users/sac/wt/v26922/v23/R1-X-DIGEST/_build/test/lib/xaas/priv/grafana_dashboards/infrastructure.json to Grafana: :unkown
..............................

  1) test SJ-001 flows admit -> materialize -> receipt -> replay; both falsifiers are refused (Xaas.Ultracode.SemanticJiraE2ETest)
     test/xaas/ultracode/semantic_jira_e2e_test.exs:106
     ** (MatchError) no match of right hand side value:

         {1, nil}

     code: {0, admit} = project(wo, descriptor_path, [])
     stacktrace:
       test/xaas/ultracode/semantic_jira_e2e_test.exs:123: (test)


Finished in 80.7 seconds (0.1s async, 80.5s sync)

Result: 30/31 passed
Failed: 1 test
