    warning: Application.get_env/2 is discouraged in the module body, use Application.compile_env/3 instead
    │
 12 │   if is_nil(Application.get_env(:ash, :default_string_length_count)) do
    │                         ~
    │
    └─ /Users/sac/wt/v26922/v23/R1-X-PIN/deps/ex4pm/mix.exs:12:25: Ex4pm.MixProject (module)

Compiling 1 file (.ex)
18:55:01.954 [warning] [ex_money] Automatically starting the exchange rate service is deprecated. Set `auto_start_exchange_rate_service: false` and, if you use the service, add `Money.ExchangeRates.Retriever` to your supervision tree.
18:55:02.429 [warning] Xaas.Sa2a.Bridge not started: "autofde" executable not found on PATH. sa2a-bridge-pack edges (validate/admit/plan/execute/replay) are unavailable until autofde-lab (https://github.com/seanchatmangpt/autofde-lab) is installed and its "autofde" console script is on PATH.
18:55:02.798 [warning] node not running in distributed mode. When running outside of a release, you must start net_kernel manually with
longnames.
https://www.erlang.org/doc/man/net_kernel.html#start-2

18:55:02.885 [warning] Received an unhandled response from Grafana because: {:error, %Finch.TransportError{reason: :nxdomain, source: %Mint.TransportError{reason: :nxdomain}}}
18:55:02.885 [warning] PromEx.DashboardUploader failed to upload /Users/sac/wt/v26922/v23/R1-X-PIN/_build/test/lib/prom_ex/priv/application.json.eex to Grafana: :unkown
18:55:02.901 [warning] Received an unhandled response from Grafana because: {:error, %Finch.TransportError{reason: :nxdomain, source: %Mint.TransportError{reason: :nxdomain}}}
18:55:02.901 [warning] PromEx.DashboardUploader failed to upload /Users/sac/wt/v26922/v23/R1-X-PIN/_build/test/lib/prom_ex/priv/beam.json.eex to Grafana: :unkown
18:55:02.921 [warning] Received an unhandled response from Grafana because: {:error, %Finch.TransportError{reason: :nxdomain, source: %Mint.TransportError{reason: :nxdomain}}}
18:55:02.921 [warning] PromEx.DashboardUploader failed to upload /Users/sac/wt/v26922/v23/R1-X-PIN/_build/test/lib/prom_ex/priv/phoenix.json.eex to Grafana: :unkown
Running ExUnit with seed: 902109, max_cases: 32
Excluding tags: [:test, :stress, :kind, :requires_cnv_deploy, :external, :external_llm, :subprocess, :property, :castle_kernel]
Including tags: [module: "Xaas.Ultracode.SemanticDriveToolchainTest"]

18:55:02.933 [warning] Received an unhandled response from Grafana because: {:error, %Finch.TransportError{reason: :nxdomain, source: %Mint.TransportError{reason: :nxdomain}}}
18:55:02.933 [warning] PromEx.DashboardUploader failed to upload /Users/sac/wt/v26922/v23/R1-X-PIN/_build/test/lib/prom_ex/priv/ecto.json.eex to Grafana: :unkown
18:55:02.942 [warning] Received an unhandled response from Grafana because: {:error, %Finch.TransportError{reason: :nxdomain, source: %Mint.TransportError{reason: :nxdomain}}}
18:55:02.942 [warning] PromEx.DashboardUploader failed to upload /Users/sac/wt/v26922/v23/R1-X-PIN/_build/test/lib/prom_ex/priv/phoenix_live_view.json.eex to Grafana: :unkown
18:55:02.946 [warning] Received an unhandled response from Grafana because: {:error, %Finch.TransportError{reason: :nxdomain, source: %Mint.TransportError{reason: :nxdomain}}}
18:55:02.946 [warning] PromEx.DashboardUploader failed to upload /Users/sac/wt/v26922/v23/R1-X-PIN/_build/test/lib/xaas/priv/grafana_dashboards/infrastructure.json to Grafana: :unkown


  1) test both declared manifest shapes are read: vsn 1 {1, compiler, scm} and vsn 2 {2, compiler, scm, lock} (Xaas.Ultracode.SemanticDriveToolchainTest)
     test/xaas/ultracode/semantic_drive_test.exs:651
     Assertion with == failed
     code:  assert {label, t["source"]} == {label, "build_manifest"}
     left:  {"vsn2", "node"}
     right: {"vsn2", "build_manifest"}
     stacktrace:
       test/xaas/ultracode/semantic_drive_test.exs:664: anonymous fn/3 in Xaas.Ultracode.SemanticDriveToolchainTest."test both declared manifest shapes are read: vsn 1 {1, compiler, scm} and vsn 2 {2, compiler, scm, lock}"/1
       (elixir 1.20.2) lib/enum.ex:2622: Enum."-reduce/3-lists^foldl/2-0-"/3
       test/xaas/ultracode/semantic_drive_test.exs:657: (test)

.

  2) test a build compiled by an Elixir with no install falls back to the checkout's pin, recording why (Xaas.Ultracode.SemanticDriveToolchainTest)
     test/xaas/ultracode/semantic_drive_test.exs:564
     Assertion with == failed
     code:  assert t["build_compiler"]["elixir"] == "0.0.0-absent"
     left:  nil
     right: "0.0.0-absent"
     stacktrace:
       test/xaas/ultracode/semantic_drive_test.exs:573: (test)



  3) test an undeclared manifest shape is REFUSED(build_manifest_shape), never read by position; the pin applies (Xaas.Ultracode.SemanticDriveToolchainTest)
     test/xaas/ultracode/semantic_drive_test.exs:670
     Assertion with =~ failed
     code:  assert t["build_manifest_unused"] =~ "REFUSED(build_manifest_shape)"
     left:  "no readable build manifest at \"/Users/sac/.cache/tmp/xaas-graph-tc-vsn3-39490/_build/test/lib/demo_graph/.mix/compile.elixir_scm\""
     right: "REFUSED(build_manifest_shape)"
     stacktrace:
       test/xaas/ultracode/semantic_drive_test.exs:682: anonymous fn/2 in Xaas.Ultracode.SemanticDriveToolchainTest."test an undeclared manifest shape is REFUSED(build_manifest_shape), never read by position; the pin applies"/1
       (elixir 1.20.2) lib/enum.ex:2622: Enum."-reduce/3-lists^foldl/2-0-"/3
       test/xaas/ultracode/semantic_drive_test.exs:671: (test)



  4) test a build compiled on another OTP release falls back to the pin (an ERTS switch recompiles everything) (Xaas.Ultracode.SemanticDriveToolchainTest)
     test/xaas/ultracode/semantic_drive_test.exs:578
     Assertion with =~ failed
     code:  assert t["build_manifest_unused"] =~ "compiled on OTP 1"
     left:  "no readable build manifest at \"/Users/sac/.cache/tmp/xaas-graph-tc-otp-39554/_build/test/lib/demo_graph/.mix/compile.elixir_scm\""
     right: "compiled on OTP 1"
     stacktrace:
       test/xaas/ultracode/semantic_drive_test.exs:587: (test)

.

  5) test a build compiled by this node's Elixir on this ERTS resolves to that Elixir (source build_manifest), and it runs (Xaas.Ultracode.SemanticDriveToolchainTest)
     test/xaas/ultracode/semantic_drive_test.exs:539
     Assertion with == failed
     code:  assert t["source"] == "build_manifest"
     left:  "asdf"
     right: "build_manifest"
     stacktrace:
       test/xaas/ultracode/semantic_drive_test.exs:543: (test)


Finished in 1.1 seconds (1.1s async, 0.00s sync)

Result: 2/7 passed, 14 excluded
Failed: 5 tests
