    warning: Application.get_env/2 is discouraged in the module body, use Application.compile_env/3 instead
    │
 12 │   if is_nil(Application.get_env(:ash, :default_string_length_count)) do
    │                         ~
    │
    └─ /Users/sac/wt/v26922/v23/R1-X-PIN/deps/ex4pm/mix.exs:12:25: Ex4pm.MixProject (module)

Compiling 1 file (.ex)
18:55:06.888 [warning] [ex_money] Automatically starting the exchange rate service is deprecated. Set `auto_start_exchange_rate_service: false` and, if you use the service, add `Money.ExchangeRates.Retriever` to your supervision tree.
18:55:07.332 [warning] Xaas.Sa2a.Bridge not started: "autofde" executable not found on PATH. sa2a-bridge-pack edges (validate/admit/plan/execute/replay) are unavailable until autofde-lab (https://github.com/seanchatmangpt/autofde-lab) is installed and its "autofde" console script is on PATH.
18:55:07.713 [warning] node not running in distributed mode. When running outside of a release, you must start net_kernel manually with
longnames.
https://www.erlang.org/doc/man/net_kernel.html#start-2

18:55:07.823 [warning] Received an unhandled response from Grafana because: {:error, %Finch.TransportError{reason: :nxdomain, source: %Mint.TransportError{reason: :nxdomain}}}
18:55:07.824 [warning] PromEx.DashboardUploader failed to upload /Users/sac/wt/v26922/v23/R1-X-PIN/_build/test/lib/prom_ex/priv/application.json.eex to Grafana: :unkown
18:55:07.842 [warning] Received an unhandled response from Grafana because: {:error, %Finch.TransportError{reason: :nxdomain, source: %Mint.TransportError{reason: :nxdomain}}}
18:55:07.842 [warning] PromEx.DashboardUploader failed to upload /Users/sac/wt/v26922/v23/R1-X-PIN/_build/test/lib/prom_ex/priv/beam.json.eex to Grafana: :unkown
18:55:07.858 [warning] Received an unhandled response from Grafana because: {:error, %Finch.TransportError{reason: :nxdomain, source: %Mint.TransportError{reason: :nxdomain}}}
18:55:07.858 [warning] PromEx.DashboardUploader failed to upload /Users/sac/wt/v26922/v23/R1-X-PIN/_build/test/lib/prom_ex/priv/phoenix.json.eex to Grafana: :unkown
Running ExUnit with seed: 839886, max_cases: 32
Excluding tags: [:test, :stress, :kind, :requires_cnv_deploy, :external, :external_llm, :subprocess, :property, :castle_kernel]
Including tags: [module: "Xaas.Ultracode.SemanticDriveToolchainTest"]

18:55:07.868 [warning] Received an unhandled response from Grafana because: {:error, %Finch.TransportError{reason: :nxdomain, source: %Mint.TransportError{reason: :nxdomain}}}
18:55:07.868 [warning] PromEx.DashboardUploader failed to upload /Users/sac/wt/v26922/v23/R1-X-PIN/_build/test/lib/prom_ex/priv/ecto.json.eex to Grafana: :unkown
18:55:07.877 [warning] Received an unhandled response from Grafana because: {:error, %Finch.TransportError{reason: :nxdomain, source: %Mint.TransportError{reason: :nxdomain}}}
18:55:07.877 [warning] PromEx.DashboardUploader failed to upload /Users/sac/wt/v26922/v23/R1-X-PIN/_build/test/lib/prom_ex/priv/phoenix_live_view.json.eex to Grafana: :unkown
18:55:07.880 [warning] Received an unhandled response from Grafana because: {:error, %Finch.TransportError{reason: :nxdomain, source: %Mint.TransportError{reason: :nxdomain}}}
18:55:07.880 [warning] PromEx.DashboardUploader failed to upload /Users/sac/wt/v26922/v23/R1-X-PIN/_build/test/lib/xaas/priv/grafana_dashboards/infrastructure.json to Grafana: :unkown
.....

  1) test an undeclared manifest shape is REFUSED(build_manifest_shape), never read by position; the pin applies (Xaas.Ultracode.SemanticDriveToolchainTest)
     test/xaas/ultracode/semantic_drive_test.exs:670
     Refute with == failed, both sides are exactly equal
     code: refute t["source"] == "build_manifest"
     left: "build_manifest"
     stacktrace:
       test/xaas/ultracode/semantic_drive_test.exs:680: anonymous fn/2 in Xaas.Ultracode.SemanticDriveToolchainTest."test an undeclared manifest shape is REFUSED(build_manifest_shape), never read by position; the pin applies"/1
       (elixir 1.20.2) lib/enum.ex:2622: Enum."-reduce/3-lists^foldl/2-0-"/3
       test/xaas/ultracode/semantic_drive_test.exs:671: (test)

.
Finished in 2.4 seconds (2.4s async, 0.00s sync)

Result: 6/7 passed, 14 excluded
Failed: 1 test
