cmd: GGEN_IGNITER_DIR=/Users/sac/wt/v26922/fri/ggen_igniter-int MIX_TEST_PARTITION=_v23dint mix test test/xaas/ultracode/semantic_drive_test.exs test/xaas/sa2a/route_test.exs test/xaas/ultracode/recipe_worker_test.exs
subject: c7b0e26ac4a82bc115ef7dd91f3445dfbb3285eb; ggen_igniter-int c90c17b878d96e14a008c1de498555bc97515937
    warning: Application.get_env/2 is discouraged in the module body, use Application.compile_env/3 instead
    │
 12 │   if is_nil(Application.get_env(:ash, :default_string_length_count)) do
    │                         ~
    │
    └─ /Users/sac/wt/v26922/fri/xaas-int/deps/ex4pm/mix.exs:12:25: Ex4pm.MixProject (module)

06:30:07.926 [warning] [ex_money] Automatically starting the exchange rate service is deprecated. Set `auto_start_exchange_rate_service: false` and, if you use the service, add `Money.ExchangeRates.Retriever` to your supervision tree.
06:30:08.296 [warning] Xaas.Sa2a.Bridge not started: "autofde" executable not found on PATH. sa2a-bridge-pack edges (validate/admit/plan/execute/replay) are unavailable until autofde-lab (https://github.com/seanchatmangpt/autofde-lab) is installed and its "autofde" console script is on PATH.
06:30:08.595 [warning] node not running in distributed mode. When running outside of a release, you must start net_kernel manually with
longnames.
https://www.erlang.org/doc/man/net_kernel.html#start-2

06:30:08.666 [warning] Received an unhandled response from Grafana because: {:error, %Finch.TransportError{reason: :nxdomain, source: %Mint.TransportError{reason: :nxdomain}}}
06:30:08.666 [warning] PromEx.DashboardUploader failed to upload /Users/sac/wt/v26922/fri/xaas-int/_build/test/lib/prom_ex/priv/application.json.eex to Grafana: :unkown
06:30:08.680 [warning] Received an unhandled response from Grafana because: {:error, %Finch.TransportError{reason: :nxdomain, source: %Mint.TransportError{reason: :nxdomain}}}
06:30:08.680 [warning] PromEx.DashboardUploader failed to upload /Users/sac/wt/v26922/fri/xaas-int/_build/test/lib/prom_ex/priv/beam.json.eex to Grafana: :unkown
06:30:08.694 [warning] Received an unhandled response from Grafana because: {:error, %Finch.TransportError{reason: :nxdomain, source: %Mint.TransportError{reason: :nxdomain}}}
06:30:08.695 [warning] PromEx.DashboardUploader failed to upload /Users/sac/wt/v26922/fri/xaas-int/_build/test/lib/prom_ex/priv/phoenix.json.eex to Grafana: :unkown
06:30:08.701 [warning] Received an unhandled response from Grafana because: {:error, %Finch.TransportError{reason: :nxdomain, source: %Mint.TransportError{reason: :nxdomain}}}
06:30:08.702 [warning] PromEx.DashboardUploader failed to upload /Users/sac/wt/v26922/fri/xaas-int/_build/test/lib/prom_ex/priv/ecto.json.eex to Grafana: :unkown
Running ExUnit with seed: 685217, max_cases: 32
Excluding tags: [:stress, :kind, :requires_cnv_deploy, :external, :external_llm, :subprocess, :property, :castle_kernel]

06:30:08.709 [warning] Received an unhandled response from Grafana because: {:error, %Finch.TransportError{reason: :nxdomain, source: %Mint.TransportError{reason: :nxdomain}}}
06:30:08.709 [warning] PromEx.DashboardUploader failed to upload /Users/sac/wt/v26922/fri/xaas-int/_build/test/lib/prom_ex/priv/phoenix_live_view.json.eex to Grafana: :unkown
06:30:08.715 [warning] Received an unhandled response from Grafana because: {:error, %Finch.TransportError{reason: :nxdomain, source: %Mint.TransportError{reason: :nxdomain}}}
06:30:08.715 [warning] PromEx.DashboardUploader failed to upload /Users/sac/wt/v26922/fri/xaas-int/_build/test/lib/xaas/priv/grafana_dashboards/infrastructure.json to Grafana: :unkown
................................................................................................06:30:36.310 [warning] [recipe-worker] target pins %{"elixir" => "0.0.0-absent"} not installed under /Users/sac/.cache/tmp/xaas-recipe-test-asdf-empty-1790170236270-53698; falling back to the running node's toolchain (/opt/homebrew/bin/mix)
.....
Finished in 27.6 seconds (1.3s async, 26.3s sync)
101 tests, 0 failures
TEST_EXIT=0
