cmd: mix format --check-formatted && MIX_ENV=test mix compile --force --warnings-as-errors && mix test test/xaas/ultracode/semantic_drive_test.exs test/xaas/sa2a/route_test.exs test/xaas/ultracode/recipe_worker_test.exs (GGEN_IGNITER_DIR unset: semantic_drive_test module skips, 5 tests)
subject: c7b0e26ac4a82bc115ef7dd91f3445dfbb3285eb
    warning: Application.get_env/2 is discouraged in the module body, use Application.compile_env/3 instead
    │
 12 │   if is_nil(Application.get_env(:ash, :default_string_length_count)) do
    │                         ~
    │
    └─ /Users/sac/wt/v26922/fri/xaas-int/deps/ex4pm/mix.exs:12:25: Ex4pm.MixProject (module)

    warning: Application.get_env/2 is discouraged in the module body, use Application.compile_env/3 instead
    │
 12 │   if is_nil(Application.get_env(:ash, :default_string_length_count)) do
    │                         ~
    │
    └─ /Users/sac/wt/v26922/fri/xaas-int/deps/ex4pm/mix.exs:12:25: Ex4pm.MixProject (module)

Compiling 512 files (.ex)
Generated xaas app
    warning: Application.get_env/2 is discouraged in the module body, use Application.compile_env/3 instead
    │
 12 │   if is_nil(Application.get_env(:ash, :default_string_length_count)) do
    │                         ~
    │
    └─ /Users/sac/wt/v26922/fri/xaas-int/deps/ex4pm/mix.exs:12:25: Ex4pm.MixProject (module)

06:29:36.086 [warning] [ex_money] Automatically starting the exchange rate service is deprecated. Set `auto_start_exchange_rate_service: false` and, if you use the service, add `Money.ExchangeRates.Retriever` to your supervision tree.
06:29:36.657 [warning] Xaas.Sa2a.Bridge not started: "autofde" executable not found on PATH. sa2a-bridge-pack edges (validate/admit/plan/execute/replay) are unavailable until autofde-lab (https://github.com/seanchatmangpt/autofde-lab) is installed and its "autofde" console script is on PATH.
06:29:36.944 [warning] node not running in distributed mode. When running outside of a release, you must start net_kernel manually with
longnames.
https://www.erlang.org/doc/man/net_kernel.html#start-2

06:29:37.017 [warning] Received an unhandled response from Grafana because: {:error, %Finch.TransportError{reason: :nxdomain, source: %Mint.TransportError{reason: :nxdomain}}}
06:29:37.018 [warning] PromEx.DashboardUploader failed to upload /Users/sac/wt/v26922/fri/xaas-int/_build/test/lib/prom_ex/priv/application.json.eex to Grafana: :unkown
06:29:37.029 [warning] Received an unhandled response from Grafana because: {:error, %Finch.TransportError{reason: :nxdomain, source: %Mint.TransportError{reason: :nxdomain}}}
06:29:37.029 [warning] PromEx.DashboardUploader failed to upload /Users/sac/wt/v26922/fri/xaas-int/_build/test/lib/prom_ex/priv/beam.json.eex to Grafana: :unkown
06:29:37.042 [warning] Received an unhandled response from Grafana because: {:error, %Finch.TransportError{reason: :nxdomain, source: %Mint.TransportError{reason: :nxdomain}}}
06:29:37.042 [warning] PromEx.DashboardUploader failed to upload /Users/sac/wt/v26922/fri/xaas-int/_build/test/lib/prom_ex/priv/phoenix.json.eex to Grafana: :unkown
Running ExUnit with seed: 32265, max_cases: 32
06:29:37.051 [warning] Received an unhandled response from Grafana because: {:error, %Finch.TransportError{reason: :nxdomain, source: %Mint.TransportError{reason: :nxdomain}}}
06:29:37.051 [warning] PromEx.DashboardUploader failed to upload /Users/sac/wt/v26922/fri/xaas-int/_build/test/lib/prom_ex/priv/ecto.json.eex to Grafana: :unkown
Excluding tags: [:stress, :kind, :requires_cnv_deploy, :external, :external_llm, :subprocess, :property, :castle_kernel]

06:29:37.060 [warning] Received an unhandled response from Grafana because: {:error, %Finch.TransportError{reason: :nxdomain, source: %Mint.TransportError{reason: :nxdomain}}}
06:29:37.060 [warning] PromEx.DashboardUploader failed to upload /Users/sac/wt/v26922/fri/xaas-int/_build/test/lib/prom_ex/priv/phoenix_live_view.json.eex to Grafana: :unkown
06:29:37.065 [warning] Received an unhandled response from Grafana because: {:error, %Finch.TransportError{reason: :nxdomain, source: %Mint.TransportError{reason: :nxdomain}}}
06:29:37.065 [warning] PromEx.DashboardUploader failed to upload /Users/sac/wt/v26922/fri/xaas-int/_build/test/lib/xaas/priv/grafana_dashboards/infrastructure.json to Grafana: :unkown
....*****....................................................................................06:29:40.492 [warning] [recipe-worker] target pins %{"elixir" => "0.0.0-absent"} not installed under /Users/sac/.cache/tmp/xaas-recipe-test-asdf-empty-1790170180447-28674; falling back to the running node's toolchain (/opt/homebrew/bin/mix)
........
Finished in 5.5 seconds (1.3s async, 4.2s sync)
101 tests, 0 failures, 5 skipped
GATE_EXIT=0
