    warning: Application.get_env/2 is discouraged in the module body, use Application.compile_env/3 instead
    │
 12 │   if is_nil(Application.get_env(:ash, :default_string_length_count)) do
    │                         ~
    │
    └─ /Users/sac/wt/v26922/v23/V23-L/deps/ex4pm/mix.exs:12:25: Ex4pm.MixProject (module)

Compiling 1 file (.ex)
Generated xaas app
07:53:52.201 [warning] [ex_money] Automatically starting the exchange rate service is deprecated. Set `auto_start_exchange_rate_service: false` and, if you use the service, add `Money.ExchangeRates.Retriever` to your supervision tree.
07:53:52.604 [warning] Xaas.Sa2a.Bridge not started: "autofde" executable not found on PATH. sa2a-bridge-pack edges (validate/admit/plan/execute/replay) are unavailable until autofde-lab (https://github.com/seanchatmangpt/autofde-lab) is installed and its "autofde" console script is on PATH.
07:53:52.898 [warning] node not running in distributed mode. When running outside of a release, you must start net_kernel manually with
longnames.
https://www.erlang.org/doc/man/net_kernel.html#start-2

07:53:52.975 [warning] Received an unhandled response from Grafana because: {:error, %Finch.TransportError{reason: :nxdomain, source: %Mint.TransportError{reason: :nxdomain}}}
07:53:52.975 [warning] PromEx.DashboardUploader failed to upload /Users/sac/wt/v26922/v23/V23-L/_build/test/lib/prom_ex/priv/application.json.eex to Grafana: :unkown
07:53:52.989 [warning] Received an unhandled response from Grafana because: {:error, %Finch.TransportError{reason: :nxdomain, source: %Mint.TransportError{reason: :nxdomain}}}
07:53:52.989 [warning] PromEx.DashboardUploader failed to upload /Users/sac/wt/v26922/v23/V23-L/_build/test/lib/prom_ex/priv/beam.json.eex to Grafana: :unkown
07:53:53.001 [warning] Received an unhandled response from Grafana because: {:error, %Finch.TransportError{reason: :nxdomain, source: %Mint.TransportError{reason: :nxdomain}}}
07:53:53.001 [warning] PromEx.DashboardUploader failed to upload /Users/sac/wt/v26922/v23/V23-L/_build/test/lib/prom_ex/priv/phoenix.json.eex to Grafana: :unkown
Running ExUnit with seed: 992132, max_cases: 32
Excluding tags: [:test, :stress, :kind, :requires_cnv_deploy, :external, :external_llm, :subprocess, :property, :castle_kernel]
Including tags: [test: "test different receipts for one order in both dirs: REFUSED(duplicate_order_receipt), never a silent pick"]

07:53:53.014 [warning] Received an unhandled response from Grafana because: {:error, %Finch.TransportError{reason: :nxdomain, source: %Mint.TransportError{reason: :nxdomain}}}
07:53:53.014 [warning] PromEx.DashboardUploader failed to upload /Users/sac/wt/v26922/v23/V23-L/_build/test/lib/prom_ex/priv/ecto.json.eex to Grafana: :unkown
07:53:53.022 [warning] Received an unhandled response from Grafana because: {:error, %Finch.TransportError{reason: :nxdomain, source: %Mint.TransportError{reason: :nxdomain}}}
07:53:53.022 [warning] PromEx.DashboardUploader failed to upload /Users/sac/wt/v26922/v23/V23-L/_build/test/lib/prom_ex/priv/phoenix_live_view.json.eex to Grafana: :unkown
07:53:53.025 [warning] Received an unhandled response from Grafana because: {:error, %Finch.TransportError{reason: :nxdomain, source: %Mint.TransportError{reason: :nxdomain}}}
07:53:53.025 [warning] PromEx.DashboardUploader failed to upload /Users/sac/wt/v26922/v23/V23-L/_build/test/lib/xaas/priv/grafana_dashboards/infrastructure.json to Grafana: :unkown


  1) test different receipts for one order in both dirs: REFUSED(duplicate_order_receipt), never a silent pick (Xaas.Sjira.V26923GoalTest)
     test/sjira/v26_9_23_goal_test.exs:1000
     stop court GC-26.9.23 at c834a59c046adb1be2a5898e98c9424df45cd2ee
     graph /Users/sac/.cache/tmp/v23_fixture_3/goal/goal.ttl
     court env GGEN_IGNITER_DIR=/Users/sac/.cache/tmp/v23l_ggen_igniter_67 XAAS_DIR=/Users/sac/.cache/tmp/v23_fixture_3
     order receipts repo /Users/sac/.cache/tmp/v23_fixture_3/receipts/v26.9.23 (/Users/sac/.cache/tmp/v23_fixture_3 @ c834a59c046adb1be2a5898e98c9424df45cd2ee)
     order receipts ggen_igniter /Users/sac/.cache/tmp/v23l_ggen_igniter_67/receipts/v26.9.23 (/Users/sac/.cache/tmp/v23l_ggen_igniter_67 @ 931c29c61174fa1929e7060e5a52bd196a2c4023)
     GATE   BOUNDARY   STANDING       EXIT         SECS    RECEIPT            SOURCE
     GA     Core       ALIVE          0            0.0     ADMITTED           ran
     order WO-A standing=ALIVE receipt=ADMITTED digest=sha256:8b6a15c0635ecb1a0e01249287ac77ac4d24e7656be97be50d5519ccaf1551a4 from=repo:/Users/sac/.cache/tmp/v23_fixture_3/receipts/v26.9.23@c834a59c046adb1be2a5898e98c9424df45cd2ee
     stop receipt /Users/sac/.cache/tmp/v23_fixture_3/gate-receipts/STOP-GC-26.9.23.json ADMITTED
     STOP=true

     code: assert code == 1, out
     stacktrace:
       test/sjira/v26_9_23_goal_test.exs:1016: (test)


Finished in 1.2 seconds (0.00s async, 1.2s sync)
1 test, 1 failure (21 excluded)
